Java HotSpot(TM) 64-Bit Server VM (25.161-b12) for linux-amd64 JRE (1.8.0_161-b12), built on Dec 19 2017 16:12:43 by "java_re" with gcc 4.3.0 20080428 (Red Hat 4.3.0-8)
Memory: 4k page, physical 16320480k(1340680k free), swap 59554812k(59503020k free)
CommandLine flags: -XX:+ExplicitGCInvokesConcurrent -XX:GCLogFileSize=104857600 -XX:InitialHeapSize=1073741824 -XX:InitiatingHeapOccupancyPercent=35 -XX:+ManagementServer -XX:MaxGCPauseMillis=20 -XX:MaxHeapSize=1073741824 -XX:NumberOfGCLogFiles=10 -XX:+PrintGC -XX:+PrintGCDateStamps -XX:+PrintGCDetails -XX:+PrintGCTimeStamps -XX:+UseCompressedClassPointers -XX:+UseCompressedOops -XX:+UseG1GC -XX:+UseGCLogFileRotation 
2018-03-08T03:42:22.929+0100: 0,903: [GC pause (G1 Evacuation Pause) (young), 0,0098114 secs]
   [Parallel Time: 4,5 ms, GC Workers: 8]
      [GC Worker Start (ms): Min: 902,8, Avg: 902,9, Max: 902,9, Diff: 0,1]
      [Ext Root Scanning (ms): Min: 0,2, Avg: 1,1, Max: 4,0, Diff: 3,8, Sum: 8,9]
      [Update RS (ms): Min: 0,0, Avg: 0,0, Max: 0,0, Diff: 0,0, Sum: 0,0]
         [Processed Buffers: Min: 0, Avg: 0,0, Max: 0, Diff: 0, Sum: 0]
      [Scan RS (ms): Min: 0,0, Avg: 0,0, Max: 0,0, Diff: 0,0, Sum: 0,0]
      [Code Root Scanning (ms): Min: 0,0, Avg: 0,1, Max: 0,3, Diff: 0,3, Sum: 0,7]
      [Object Copy (ms): Min: 0,0, Avg: 2,0, Max: 2,8, Diff: 2,8, Sum: 16,0]
      [Termination (ms): Min: 0,0, Avg: 0,9, Max: 1,1, Diff: 1,1, Sum: 7,1]
         [Termination Attempts: Min: 1, Avg: 44,4, Max: 66, Diff: 65, Sum: 355]
      [GC Worker Other (ms): Min: 0,0, Avg: 0,0, Max: 0,0, Diff: 0,0, Sum: 0,1]
      [GC Worker Total (ms): Min: 4,0, Avg: 4,1, Max: 4,2, Diff: 0,2, Sum: 32,9]
      [GC Worker End (ms): Min: 906,9, Avg: 907,0, Max: 907,0, Diff: 0,1]
   [Code Root Fixup: 0,0 ms]
   [Code Root Purge: 0,0 ms]
   [Clear CT: 0,5 ms]
   [Other: 4,8 ms]
      [Choose CSet: 0,0 ms]
      [Ref Proc: 4,3 ms]
      [Ref Enq: 0,0 ms]
      [Redirty Cards: 0,3 ms]
      [Humongous Register: 0,0 ms]
      [Humongous Reclaim: 0,0 ms]
      [Free CSet: 0,1 ms]
   [Eden: 51,0M(51,0M)->0,0B(44,0M) Survivors: 0,0B->7168,0K Heap: 51,0M(1024,0M)->9561,0K(1024,0M)]
 [Times: user=0,04 sys=0,00, real=0,01 secs] 
2018-03-08T03:42:23.081+0100: 1,054: [GC pause (Metadata GC Threshold) (young) (initial-mark), 0,0064666 secs]
   [Parallel Time: 4,2 ms, GC Workers: 8]
      [GC Worker Start (ms): Min: 1054,1, Avg: 1054,2, Max: 1054,2, Diff: 0,1]
      [Ext Root Scanning (ms): Min: 0,6, Avg: 1,1, Max: 3,9, Diff: 3,4, Sum: 8,8]
      [Update RS (ms): Min: 0,0, Avg: 0,0, Max: 0,2, Diff: 0,2, Sum: 0,3]
         [Processed Buffers: Min: 0, Avg: 0,2, Max: 1, Diff: 1, Sum: 2]
      [Scan RS (ms): Min: 0,0, Avg: 0,0, Max: 0,0, Diff: 0,0, Sum: 0,0]
      [Code Root Scanning (ms): Min: 0,0, Avg: 0,1, Max: 0,8, Diff: 0,8, Sum: 0,8]
      [Object Copy (ms): Min: 0,0, Avg: 2,0, Max: 2,6, Diff: 2,6, Sum: 16,0]
      [Termination (ms): Min: 0,0, Avg: 0,6, Max: 0,8, Diff: 0,8, Sum: 5,1]
         [Termination Attempts: Min: 1, Avg: 67,1, Max: 83, Diff: 82, Sum: 537]
      [GC Worker Other (ms): Min: 0,0, Avg: 0,0, Max: 0,0, Diff: 0,0, Sum: 0,0]
      [GC Worker Total (ms): Min: 3,8, Avg: 3,9, Max: 3,9, Diff: 0,1, Sum: 31,1]
      [GC Worker End (ms): Min: 1058,1, Avg: 1058,1, Max: 1058,1, Diff: 0,0]
   [Code Root Fixup: 0,0 ms]
   [Code Root Purge: 0,0 ms]
   [Clear CT: 0,1 ms]
   [Other: 2,1 ms]
      [Choose CSet: 0,0 ms]
      [Ref Proc: 1,7 ms]
      [Ref Enq: 0,0 ms]
      [Redirty Cards: 0,2 ms]
      [Humongous Register: 0,0 ms]
      [Humongous Reclaim: 0,0 ms]
      [Free CSet: 0,0 ms]
   [Eden: 16,0M(44,0M)->0,0B(44,0M) Survivors: 7168,0K->7168,0K Heap: 24,9M(1024,0M)->10,7M(1024,0M)]
 [Times: user=0,03 sys=0,00, real=0,00 secs] 
2018-03-08T03:42:23.087+0100: 1,061: [GC concurrent-root-region-scan-start]
2018-03-08T03:42:23.090+0100: 1,063: [GC concurrent-root-region-scan-end, 0,0024637 secs]
2018-03-08T03:42:23.090+0100: 1,063: [GC concurrent-mark-start]
2018-03-08T03:42:23.090+0100: 1,063: [GC concurrent-mark-end, 0,0004277 secs]
2018-03-08T03:42:23.091+0100: 1,064: [GC remark 2018-03-08T03:42:23.091+0100: 1,064: [Finalize Marking, 0,0008108 secs] 2018-03-08T03:42:23.092+0100: 1,065: [GC ref-proc, 0,0002102 secs] 2018-03-08T03:42:23.092+0100: 1,065: [Unloading, 0,0021154 secs], 0,0033500 secs]
 [Times: user=0,01 sys=0,00, real=0,01 secs] 
2018-03-08T03:42:23.094+0100: 1,067: [GC cleanup 11M->9437K(1024M), 0,0006364 secs]
 [Times: user=0,01 sys=0,00, real=0,00 secs] 
2018-03-08T03:42:23.095+0100: 1,068: [GC concurrent-cleanup-start]
2018-03-08T03:42:23.095+0100: 1,068: [GC concurrent-cleanup-end, 0,0000109 secs]
2018-03-08T03:42:23.650+0100: 1,623: [GC pause (G1 Evacuation Pause) (young), 0,0084275 secs]
   [Parallel Time: 5,1 ms, GC Workers: 8]
      [GC Worker Start (ms): Min: 1623,4, Avg: 1623,4, Max: 1623,5, Diff: 0,1]
      [Ext Root Scanning (ms): Min: 0,2, Avg: 0,5, Max: 1,9, Diff: 1,7, Sum: 4,2]
      [Update RS (ms): Min: 0,0, Avg: 0,0, Max: 0,2, Diff: 0,2, Sum: 0,3]
         [Processed Buffers: Min: 0, Avg: 1,0, Max: 7, Diff: 7, Sum: 8]
      [Scan RS (ms): Min: 0,0, Avg: 0,0, Max: 0,0, Diff: 0,0, Sum: 0,0]
      [Code Root Scanning (ms): Min: 0,0, Avg: 0,2, Max: 0,5, Diff: 0,5, Sum: 1,9]
      [Object Copy (ms): Min: 3,0, Avg: 4,0, Max: 4,4, Diff: 1,4, Sum: 32,0]
      [Termination (ms): Min: 0,0, Avg: 0,1, Max: 0,1, Diff: 0,1, Sum: 0,6]
         [Termination Attempts: Min: 1, Avg: 130,1, Max: 168, Diff: 167, Sum: 1041]
      [GC Worker Other (ms): Min: 0,0, Avg: 0,0, Max: 0,0, Diff: 0,0, Sum: 0,1]
      [GC Worker Total (ms): Min: 4,9, Avg: 4,9, Max: 4,9, Diff: 0,1, Sum: 39,1]
      [GC Worker End (ms): Min: 1628,3, Avg: 1628,3, Max: 1628,3, Diff: 0,0]
   [Code Root Fixup: 0,1 ms]
   [Code Root Purge: 0,0 ms]
   [Clear CT: 0,2 ms]
   [Other: 3,1 ms]
      [Choose CSet: 0,0 ms]
      [Ref Proc: 2,5 ms]
      [Ref Enq: 0,0 ms]
      [Redirty Cards: 0,3 ms]
      [Humongous Register: 0,0 ms]
      [Humongous Reclaim: 0,0 ms]
      [Free CSet: 0,1 ms]
   [Eden: 44,0M(44,0M)->0,0B(44,0M) Survivors: 7168,0K->7168,0K Heap: 180,7M(1024,0M)->142,6M(1024,0M)]
 [Times: user=0,05 sys=0,00, real=0,01 se2018-03-08T03:46:00.938+0100: 249,844: [GC pause (G1 Evacuation Pause) (young), 0,0102734 secs]
   [Parallel Time: 7,2 ms, GC Workers: 8]
      [GC Worker Start (ms): Min: 249844,7, Avg: 249844,9, Max: 249845,0, Diff: 0,3]
      [Ext Root Scanning (ms): Min: 0,8, Avg: 1,2, Max: 3,1, Diff: 2,3, Sum: 9,2]
      [Update RS (ms): Min: 0,0, Avg: 1,0, Max: 1,5, Diff: 1,5, Sum: 7,9]
         [Processed Buffers: Min: 0, Avg: 3,6, Max: 12, Diff: 12, Sum: 29]
      [Scan RS (ms): Min: 0,0, Avg: 0,2, Max: 0,4, Diff: 0,4, Sum: 1,8]
      [Code Root Scanning (ms): Min: 0,0, Avg: 0,4, Max: 1,1, Diff: 1,1, Sum: 3,5]
      [Object Copy (ms): Min: 3,9, Avg: 4,1, Max: 4,3, Diff: 0,5, Sum: 32,4]
      [Termination (ms): Min: 0,0, Avg: 0,0, Max: 0,0, Diff: 0,0, Sum: 0,1]
         [Termination Attempts: Min: 6, Avg: 7,4, Max: 11, Diff: 5, Sum: 59]
      [GC Worker Other (ms): Min: 0,0, Avg: 0,0, Max: 0,0, Diff: 0,0, Sum: 0,2]
      [GC Worker Total (ms): Min: 6,7, Avg: 6,9, Max: 7,1, Diff: 0,3, Sum: 55,1]
      [GC Worker End (ms): Min: 249851,7, Avg: 249851,7, Max: 249851,7, Diff: 0,0]
   [Code Root Fixup: 0,0 ms]
   [Code Root Purge: 0,0 ms]
   [Clear CT: 0,3 ms]
   [Other: 2,7 ms]
      [Choose CSet: 0,0 ms]
      [Ref Proc: 1,7 ms]
      [Ref Enq: 0,0 ms]
      [Redirty Cards: 0,5 ms]
      [Humongous Register: 0,1 ms]
      [Humongous Reclaim: 0,0 ms]
      [Free CSet: 0,1 ms]
   [Eden: 44,0M(44,0M)->0,0B(44,0M) Survivors: 7168,0K->7168,0K Heap: 186,3M(1024,0M)->143,4M(1024,0M)]
 [Times: user=0,06 sys=0,00, real=0,01 secs] 
2018-03-08T03:49:02.840+0100: 431,746: [GC pause (G1 Evacuation Pause) (young), 0,0280537 secs]
   [Parallel Time: 21,2 ms, GC Workers: 8]
      [GC Worker Start (ms): Min: 431746,8, Avg: 431747,3, Max: 431749,6, Diff: 2,8]
      [Ext Root Scanning (ms): Min: 0,0, Avg: 1,4, Max: 4,7, Diff: 4,7, Sum: 10,9]
      [Update RS (ms): Min: 0,0, Avg: 0,6, Max: 1,1, Diff: 1,1, Sum: 5,1]
         [Processed Buffers: Min: 0, Avg: 2,8, Max: 12, Diff: 12, Sum: 22]
      [Scan RS (ms): Min: 0,0, Avg: 0,0, Max: 0,0, Diff: 0,0, Sum: 0,2]
      [Code Root Scanning (ms): Min: 0,0, Avg: 2,2, Max: 7,9, Diff: 7,9, Sum: 17,4]
      [Object Copy (ms): Min: 7,9, Avg: 13,8, Max: 15,7, Diff: 7,8, Sum: 110,2]
      [Termination (ms): Min: 0,0, Avg: 2,1, Max: 2,6, Diff: 2,6, Sum: 16,8]
         [Termination Attempts: Min: 1, Avg: 1,0, Max: 1, Diff: 0, Sum: 8]
      [GC Worker Other (ms): Min: 0,0, Avg: 0,0, Max: 0,0, Diff: 0,0, Sum: 0,2]
      [GC Worker Total (ms): Min: 17,8, Avg: 20,1, Max: 20,5, Diff: 2,8, Sum: 160,8]
      [GC Worker End (ms): Min: 431767,3, Avg: 431767,4, Max: 431767,6, Diff: 0,2]
   [Code Root Fixup: 0,1 ms]
   [Code Root Purge: 0,1 ms]
   [Clear CT: 1,1 ms]
   [Other: 5,6 ms]
      [Choose CSet: 0,0 ms]
      [Ref Proc: 4,2 ms]
      [Ref Enq: 0,0 ms]
      [Redirty Cards: 0,4 ms]
      [Humongous Register: 0,1 ms]
      [Humongous Reclaim: 0,1 ms]
      [Free CSet: 0,3 ms]
   [Eden: 44,0M(44,0M)->0,0B(44,0M) Survivors: 7168,0K->7168,0K Heap: 187,4M(1024,0M)->146,9M(1024,0M)]
 [Times: user=0,16 sys=0,00, real=0,22 secs] 
2018-03-08T03:52:24.888+0100: 633,795: [GC pause (G1 Evacuation Pause) (young), 0,0159513 secs]
   [Parallel Time: 11,0 ms, GC Workers: 8]
      [GC Worker Start (ms): Min: 633795,2, Avg: 633795,3, Max: 633796,0, Diff: 0,8]
      [Ext Root Scanning (ms): Min: 0,0, Avg: 0,5, Max: 1,3, Diff: 1,3, Sum: 4,3]
      [Update RS (ms): Min: 0,8, Avg: 1,6, Max: 3,1, Diff: 2,3, Sum: 13,2]
         [Processed Buffers: Min: 1, Avg: 5,0, Max: 14, Diff: 13, Sum: 40]
      [Scan RS (ms): Min: 0,0, Avg: 0,3, Max: 0,8, Diff: 0,7, Sum: 2,4]
      [Code Root Scanning (ms): Min: 0,0, Avg: 1,3, Max: 7,8, Diff: 7,8, Sum: 10,6]
      [Object Copy (ms): Min: 0,0, Avg: 4,1, Max: 5,3, Diff: 5,3, Sum: 32,7]
      [Termination (ms): Min: 0,0, Avg: 2,3, Max: 2,9, Diff: 2,9, Sum: 18,5]
         [Termination Attempts: Min: 1, Avg: 1,1, Max: 2, Diff: 1, Sum: 9]
      [GC Worker Other (ms): Min: 0,0, Avg: 0,0, Max: 0,0, Diff: 0,0, Sum: 0,1]
      [GC Worker Total (ms): Min: 9,5, Avg: 10,2, Max: 10,7, Diff: 1,2, Sum: 81,8]
      [GC Worker End (ms): Min: 633805,4, Avg: 633805,6, Max: 633805,9, Diff: 0,5]
   [Code Root Fixup: 0,1 ms]
   [Code Root Purge: 0,0 ms]
   [Clear CT: 0,4 ms]
   [Other: 4,5 ms]
      [Choose CSet: 0,0 ms]
      [Ref Proc: 3,8 ms]
      [Ref Enq: 0,0 ms]
      [Redirty Cards: 0,2 ms]
      [Humongous Register: 0,0 ms]
      [Humongous Reclaim: 0,0 ms]
      [Free CSet: 0,1 ms]
   [Eden: 44,0M(44,0M)->0,0B(45,0M) Survivors: 7168,0K->6144,0K Heap: 190,9M(1024,0M)->146,0M(1024,0M)]
 [Times: user=0,08 sys=0,00, real=0,02 secs] 
2018-03-08T03:56:02.159+0100: 851,066: [GC pause (G1 Evacuation Pause) (young), 0,0105663 secs]
   [Parallel Time: 8,4 ms, GC Workers: 8]
      [GC Worker Start (ms): Min: 851066,5, Avg: 851066,8, Max: 851068,2, Diff: 1,8]
      [Ext Root Scanning (ms): Min: 0,0, Avg: 0,9, Max: 2,2, Diff: 2,1, Sum: 7,3]
      [Update RS (ms): Min: 0,0, Avg: 1,0, Max: 1,6, Diff: 1,6, Sum: 7,7]
         [Processed Buffers: Min: 0, Avg: 3,2, Max: 10, Diff: 10, Sum: 26]
      [Scan RS (ms): Min: 0,0, Avg: 0,0, Max: 0,0, Diff: 0,0, Sum: 0,2]
      [Code Root Scanning (ms): Min: 0,0, Avg: 0,8, Max: 2,3, Diff: 2,3, Sum: 6,3]
      [Object Copy (ms): Min: 3,7, Avg: 5,1, Max: 6,1, Diff: 2,4, Sum: 40,8]
      [Termination (ms): Min: 0,0, Avg: 0,0, Max: 0,0, Diff: 0,0, Sum: 0,0]
         [Termination Attempts: Min: 1, Avg: 2,8, Max: 5, Diff: 4, Sum: 22]
      [GC Worker Other (ms): Min: 0,0, Avg: 0,0, Max: 0,0, Diff: 0,0, Sum: 0,1]
      [GC Worker Total (ms): Min: 6,3, Avg: 7,8, Max: 8,1, Diff: 1,8, Sum: 62,4]
      [GC Worker End (ms): Min: 851074,6, Avg: 851074,6, Max: 851074,6, Diff: 0,0]
   [Code Root Fixup: 0,0 ms]
   [Code Root Purge: 0,0 ms]
   [Clear CT: 0,2 ms]
   [Other: 1,8 ms]
      [Choose CSet: 0,0 ms]
      [Ref Proc: 1,3 ms]
      [Ref Enq: 0,0 ms]
      [Redirty Cards: 0,1 ms]
      [Humongous Register: 0,1 ms]
      [Humongous Reclaim: 0,0 ms]
      [Free CSet: 0,1 ms]
   [Eden: 45,0M(45,0M)->0,0B(44,0M) Survivors: 6144,0K->7168,0K Heap: 191,0M(1024,0M)->147,7M(1024,0M)]
 [Times: user=0,07 sys=0,00, real=0,01 secs] 
2018-03-08T03:59:39.674+0100: 1068,581: [GC pause (G1 Evacuation Pause) (young), 0,0085628 secs]
   [Parallel Time: 5,3 ms, GC Workers: 8]
      [GC Worker Start (ms): Min: 1068580,7, Avg: 1068580,9, Max: 1068582,0, Diff: 1,3]
      [Ext Root Scanning (ms): Min: 0,0, Avg: 0,5, Max: 1,6, Diff: 1,6, Sum: 3,9]
      [Update RS (ms): Min: 0,0, Avg: 0,5, Max: 1,1, Diff: 1,1, Sum: 4,3]
         [Processed Buffers: Min: 0, Avg: 3,4, Max: 10, Diff: 10, Sum: 27]
      [Scan RS (ms): Min: 0,0, Avg: 0,0, Max: 0,0, Diff: 0,0, Sum: 0,1]
      [Code Root Scanning (ms): Min: 0,0, Avg: 0,6, Max: 2,4, Diff: 2,4, Sum: 4,9]
      [Object Copy (ms): Min: 1,7, Avg: 3,4, Max: 4,1, Diff: 2,4, Sum: 27,0]
      [Termination (ms): Min: 0,0, Avg: 0,0, Max: 0,0, Diff: 0,0, Sum: 0,0]
         [Termination Attempts: Min: 1, Avg: 1,0, Max: 1, Diff: 0, Sum: 8]
      [GC Worker Other (ms): Min: 0,0, Avg: 0,0, Max: 0,0, Diff: 0,0, Sum: 0,1]
      [GC Worker Total (ms): Min: 4,0, Avg: 5,0, Max: 5,2, Diff: 1,3, Sum: 40,2]
      [GC Worker End (ms): Min: 1068585,9, Avg: 1068585,9, Max: 1068585,9, Diff: 0,0]
   [Code Root Fixup: 0,1 ms]
   [Code Root Purge: 0,0 ms]
   [Clear CT: 0,2 ms]
   [Other: 3,1 ms]
      [Choose CSet: 0,0 ms]
      [Ref Proc: 2,6 ms]
      [Ref Enq: 0,0 ms]
      [Redirty Cards: 0,1 ms]
      [Humongous Register: 0,0 ms]
      [Humongous Reclaim: 0,0 ms]
      [Free CSet: 0,1 ms]
   [Eden: 44,0M(44,0M)->0,0B(46,0M) Survivors: 7168,0K->5120,0K Heap: 191,7M(1024,0M)->146,9M(1024,0M)]
 [Times: user=0,04 sys=0,00, real=0,01 secs] 
2018-03-08T04:03:15.735+0100: 1284,641: [GC pause (G1 Evacuation Pause) (young), 0,0188162 secs]
   [Parallel Time: 13,0 ms, GC Workers: 8]
      [GC Worker Start (ms): Min: 1284641,6, Avg: 1284642,8, Max: 1284650,6, Diff: 9,0]
      [Ext Root Scanning (ms): Min: 0,0, Avg: 0,8, Max: 1,4, Diff: 1,4, Sum: 6,7]
      [Update RS (ms): Min: 0,0, Avg: 2,5, Max: 3,2, Diff: 3,2, Sum: 19,8]
         [Processed Buffers: Min: 0, Avg: 5,2, Max: 14, Diff: 14, Sum: 42]
      [Scan RS (ms): Min: 0,0, Avg: 0,1, Max: 0,2, Diff: 0,2, Sum: 0,6]
      [Code Root Scanning (ms): Min: 0,0, Avg: 0,2, Max: 0,4, Diff: 0,4, Sum: 1,6]
      [Object Copy (ms): Min: 1,5, Avg: 5,9, Max: 7,8, Diff: 6,3, Sum: 47,3]
      [Termination (ms): Min: 0,0, Avg: 2,0, Max: 2,3, Diff: 2,3, Sum: 15,7]
         [Termination Attempts: Min: 1, Avg: 1,0, Max: 1, Diff: 0, Sum: 8]
      [GC Worker Other (ms): Min: 0,0, Avg: 0,0, Max: 0,0, Diff: 0,0, Sum: 0,2]
      [GC Worker Total (ms): Min: 3,8, Avg: 11,5, Max: 12,9, Diff: 9,0, Sum: 92,0]
      [GC Worker End (ms): Min: 1284653,7, Avg: 1284654,3, Max: 1284654,4, Diff: 0,7]
   [Code Root Fixup: 0,0 ms]
   [Code Root Purge: 0,0 ms]
   [Clear CT: 0,6 ms]
   [Other: 5,2 ms]
      [Choose CSet: 0,0 ms]
      [Ref Proc: 3,7 ms]
      [Ref Enq: 0,0 ms]
      [Redirty Cards: 0,8 ms]
      [Humongous Register: 0,1 ms]
      [Humongous Reclaim: 0,0 ms]
      [Free CSet: 0,1 ms]
   [Eden: 46,0M(46,0M)->0,0B(49,0M) Survivors: 5120,0K->6144,0K Heap: 192,9M(1024,0M)->147,2M(1024,0M)]
 [Times: user=0,11 sys=0,00, real=0,02 secs] 
2018-03-08T04:07:19.919+0100: 1528,826: [GC pause (G1 Evacuation Pause) (young), 0,0126739 secs]
   [Parallel Time: 8,0 ms, GC Workers: 8]
      [GC Worker Start (ms): Min: 1528825,9, Avg: 1528826,1, Max: 1528826,2, Diff: 0,3]
      [Ext Root Scanning (ms): Min: 0,7, Avg: 0,9, Max: 1,3, Diff: 0,6, Sum: 7,5]
      [Update RS (ms): Min: 0,5, Avg: 0,8, Max: 1,5, Diff: 1,0, Sum: 6,5]
         [Processed Buffers: Min: 1, Avg: 4,4, Max: 14, Diff: 13, Sum: 35]
      [Scan RS (ms): Min: 0,0, Avg: 0,0, Max: 0,0, Diff: 0,0, Sum: 0,2]
      [Code Root Scanning (ms): Min: 0,0, Avg: 0,2, Max: 0,6, Diff: 0,6, Sum: 1,4]
      [Object Copy (ms): Min: 5,3, Avg: 5,7, Max: 6,1, Diff: 0,8, Sum: 45,9]
      [Termination (ms): Min: 0,0, Avg: 0,0, Max: 0,0, Diff: 0,0, Sum: 0,0]
         [Termination Attempts: Min: 1, Avg: 1,1, Max: 2, Diff: 1, Sum: 9]
      [GC Worker Other (ms): Min: 0,0, Avg: 0,0, Max: 0,0, Diff: 0,0, Sum: 0,2]
      [GC Worker Total (ms): Min: 7,6, Avg: 7,7, Max: 7,9, Diff: 0,3, Sum: 61,6]
      [GC Worker End (ms): Min: 1528833,8, Avg: 1528833,8, Max: 1528833,8, Diff: 0,0]
   [Code Root Fixup: 0,0 ms]
   [Code Root Purge: 0,0 ms]
   [Clear CT: 0,3 ms]
   [Other: 4,3 ms]
      [Choose CSet: 0,0 ms]
      [Ref Proc: 3,6 ms]
      [Ref Enq: 0,0 ms]
      [Redirty Cards: 0,2 ms]
      [Humongous Register: 0,1 ms]
      [Humongous Reclaim: 0,0 ms]
      [Free CSet: 0,1 ms]
   [Eden: 49,0M(49,0M)->0,0B(65,0M) Survivors: 6144,0K->4096,0K Heap: 196,2M(1024,0M)->145,8M(1024,0M)]
 [Times: user=0,07 sys=0,00, real=0,01 secs] 
2018-03-08T04:12:45.636+0100: 1854,542: [GC pause (G1 Evacuation Pause) (young), 0,0109008 secs]
   [Parallel Time: 8,0 ms, GC Workers: 8]
      [GC Worker Start (ms): Min: 1854542,9, Avg: 1854543,1, Max: 1854543,3, Diff: 0,4]
      [Ext Root Scanning (ms): Min: 0,7, Avg: 1,0, Max: 1,7, Diff: 1,0, Sum: 8,0]
      [Update RS (ms): Min: 0,7, Avg: 1,0, Max: 1,6, Diff: 0,9, Sum: 7,7]
         [Processed Buffers: Min: 1, Avg: 4,8, Max: 13, Diff: 12, Sum: 38]
      [Scan RS (ms): Min: 0,0, Avg: 0,0, Max: 0,1, Diff: 0,0, Sum: 0,2]
      [Code Root Scanning (ms): Min: 0,0, Avg: 0,2, Max: 0,6, Diff: 0,6, Sum: 1,8]
      [Object Copy (ms): Min: 5,1, Avg: 5,3, Max: 5,6, Diff: 0,6, Sum: 42,8]
      [Termination (ms): Min: 0,0, Avg: 0,0, Max: 0,0, Diff: 0,0, Sum: 0,0]
         [Termination Attempts: Min: 1, Avg: 1,0, Max: 1, Diff: 0, Sum: 8]
      [GC Worker Other (ms): Min: 0,0, Avg: 0,0, Max: 0,0, Diff: 0,0, Sum: 0,2]
      [GC Worker Total (ms): Min: 7,4, Avg: 7,6, Max: 7,8, Diff: 0,4, Sum: 60,8]
      [GC Worker End (ms): Min: 1854550,7, Avg: 1854550,7, Max: 1854550,7, Diff: 0,0]
   [Code Root Fixup: 0,0 ms]
   [Code Root Purge: 0,0 ms]
   [Clear CT: 0,7 ms]
   [Other: 2,1 ms]
      [Choose CSet: 0,0 ms]
      [Ref Proc: 0,8 ms]
      [Ref Enq: 0,0 ms]
      [Redirty Cards: 0,7 ms]
      [Humongous Register: 0,1 ms]
      [Humongous Reclaim: 0,0 ms]
      [Free CSet: 0,0 ms]
   [Eden: 65,0M(65,0M)->0,0B(205,0M) Survivors: 4096,0K->6144,0K Heap: 210,8M(1024,0M)->147,5M(1024,0M)]
 [Times: user=0,07 sys=0,00, real=0,01 secs] 
2018-03-08T04:30:07.527+0100: 2896,434: [GC pause (G1 Evacuation Pause) (young), 0,0145929 secs]
   [Parallel Time: 10,3 ms, GC Workers: 8]
      [GC Worker Start (ms): Min: 2896434,5, Avg: 2896434,8, Max: 2896435,0, Diff: 0,5]
      [Ext Root Scanning (ms): Min: 0,8, Avg: 1,0, Max: 1,6, Diff: 0,8, Sum: 8,2]
      [Update RS (ms): Min: 0,6, Avg: 1,0, Max: 1,4, Diff: 0,8, Sum: 7,8]
         [Processed Buffers: Min: 1, Avg: 4,9, Max: 13, Diff: 12, Sum: 39]
      [Scan RS (ms): Min: 0,0, Avg: 0,1, Max: 0,2, Diff: 0,1, Sum: 0,8]
      [Code Root Scanning (ms): Min: 0,0, Avg: 0,3, Max: 0,8, Diff: 0,8, Sum: 2,1]
      [Object Copy (ms): Min: 6,5, Avg: 7,0, Max: 7,4, Diff: 0,9, Sum: 55,8]
      [Termination (ms): Min: 0,0, Avg: 0,0, Max: 0,0, Diff: 0,0, Sum: 0,0]
         [Termination Attempts: Min: 1, Avg: 1,0, Max: 1, Diff: 0, Sum: 8]
      [GC Worker Other (ms): Min: 0,0, Avg: 0,1, Max: 0,1, Diff: 0,1, Sum: 0,5]
      [GC Worker Total (ms): Min: 9,2, Avg: 9,4, Max: 9,7, Diff: 0,5, Sum: 75,2]
      [GC Worker End (ms): Min: 2896444,1, Avg: 2896444,2, Max: 2896444,2, Diff: 0,1]
   [Code Root Fixup: 0,0 ms]
   [Code Root Purge: 0,0 ms]
   [Clear CT: 1,0 ms]
   [Other: 3,3 ms]
      [Choose CSet: 0,0 ms]
      [Ref Proc: 1,5 ms]
      [Ref Enq: 0,0 ms]
      [Redirty Cards: 0,9 ms]
      [Humongous Register: 0,1 ms]
      [Humongous Reclaim: 0,0 ms]
      [Free CSet: 0,2 ms]
   [Eden: 205,0M(205,0M)->0,0B(571,0M) Survivors: 6144,0K->5120,0K Heap: 352,5M(1024,0M)->146,3M(1024,0M)]
 [Times: user=0,07 sys=0,01, real=0,02 secs] 
2018-03-08T09:36:03.743+0100: 5766,743: [GC pause (G1 Evacuation Pause) (young), 0,0248732 secs]
   [Parallel Time: 16,3 ms, GC Workers: 8]
      [GC Worker Start (ms): Min: 5766743,1, Avg: 5766743,3, Max: 5766743,5, Diff: 0,4]
      [Ext Root Scanning (ms): Min: 0,7, Avg: 1,0, Max: 1,8, Diff: 1,1, Sum: 8,4]
      [Update RS (ms): Min: 0,8, Avg: 1,2, Max: 1,4, Diff: 0,6, Sum: 9,7]
         [Processed Buffers: Min: 1, Avg: 5,0, Max: 9, Diff: 8, Sum: 40]
      [Scan RS (ms): Min: 0,2, Avg: 0,3, Max: 0,4, Diff: 0,2, Sum: 2,7]
      [Code Root Scanning (ms): Min: 0,0, Avg: 0,5, Max: 1,6, Diff: 1,5, Sum: 3,8]
      [Object Copy (ms): Min: 9,5, Avg: 10,8, Max: 11,6, Diff: 2,1, Sum: 86,2]
      [Termination (ms): Min: 0,0, Avg: 1,0, Max: 1,7, Diff: 1,7, Sum: 8,4]
         [Termination Attempts: Min: 1, Avg: 1,2, Max: 2, Diff: 1, Sum: 10]
      [GC Worker Other (ms): Min: 0,0, Avg: 0,0, Max: 0,1, Diff: 0,0, Sum: 0,3]
      [GC Worker Total (ms): Min: 14,6, Avg: 14,9, Max: 15,3, Diff: 0,7, Sum: 119,4]
      [GC Worker End (ms): Min: 5766757,9, Avg: 5766758,2, Max: 5766758,7, Diff: 0,8]
   [Code Root Fixup: 0,0 ms]
   [Code Root Purge: 0,1 ms]
   [Clear CT: 0,9 ms]
   [Other: 7,6 ms]
      [Choose CSet: 0,0 ms]
      [Ref Proc: 5,1 ms]
      [Ref Enq: 0,0 ms]
      [Redirty Cards: 0,9 ms]
      [Humongous Register: 0,1 ms]
      [Humongous Reclaim: 0,1 ms]
      [Free CSet: 0,9 ms]
   [Eden: 571,0M(571,0M)->0,0B(323,0M) Survivors: 5120,0K->9216,0K Heap: 717,3M(1024,0M)->150,2M(1024,0M)]
 [Times: user=0,12 sys=0,02, real=0,09 secs] 
2018-03-08T09:50:13.259+0100: 6616,259: [GC pause (Metadata GC Threshold) (young) (initial-mark), 0,0310899 secs]
   [Parallel Time: 17,9 ms, GC Workers: 8]
      [GC Worker Start (ms): Min: 6616259,4, Avg: 6616259,8, Max: 6616260,3, Diff: 0,8]
      [Ext Root Scanning (ms): Min: 2,0, Avg: 7,4, Max: 16,6, Diff: 14,6, Sum: 58,8]
      [Update RS (ms): Min: 0,0, Avg: 1,1, Max: 1,9, Diff: 1,9, Sum: 8,4]
         [Processed Buffers: Min: 0, Avg: 5,5, Max: 16, Diff: 16, Sum: 44]
      [Scan RS (ms): Min: 0,0, Avg: 0,0, Max: 0,1, Diff: 0,1, Sum: 0,3]
      [Code Root Scanning (ms): Min: 0,0, Avg: 0,3, Max: 0,7, Diff: 0,7, Sum: 2,3]
      [Object Copy (ms): Min: 0,0, Avg: 5,3, Max: 8,8, Diff: 8,8, Sum: 42,8]
      [Termination (ms): Min: 0,0, Avg: 3,0, Max: 4,2, Diff: 4,2, Sum: 23,8]
         [Termination Attempts: Min: 1, Avg: 1,6, Max: 2, Diff: 1, Sum: 13]
      [GC Worker Other (ms): Min: 0,0, Avg: 0,0, Max: 0,0, Diff: 0,0, Sum: 0,2]
      [GC Worker Total (ms): Min: 16,5, Avg: 17,1, Max: 17,6, Diff: 1,1, Sum: 136,6]
      [GC Worker End (ms): Min: 6616276,8, Avg: 6616276,8, Max: 6616277,0, Diff: 0,3]
   [Code Root Fixup: 0,0 ms]
   [Code Root Purge: 0,0 ms]
   [Clear CT: 0,1 ms]
   [Other: 13,0 ms]
      [Choose CSet: 0,0 ms]
      [Ref Proc: 12,1 ms]
      [Ref Enq: 0,0 ms]
      [Redirty Cards: 0,1 ms]
      [Humongous Register: 0,1 ms]
      [Humongous Reclaim: 0,0 ms]
      [Free CSet: 0,1 ms]
   [Eden: 117,0M(323,0M)->0,0B(43,0M) Survivors: 9216,0K->8192,0K Heap: 266,4M(1024,0M)->149,4M(1024,0M)]
 [Times: user=0,16 sys=0,00, real=0,09 secs] 
2018-03-08T09:50:13.945+0100: 6616,944: [GC concurrent-root-region-scan-start]
2018-03-08T09:50:13.947+0100: 6616,946: [GC concurrent-root-region-scan-end, 0,0018633 secs]
2018-03-08T09:50:13.947+0100: 6616,946: [GC concurrent-mark-start]
2018-03-08T09:50:13.953+0100: 6616,952: [GC concurrent-mark-end, 0,0062480 secs]
2018-03-08T09:50:13.953+0100: 6616,953: [GC remark 2018-03-08T09:50:14.087+0100: 6617,087: [Finalize Marking, 0,0007758 secs] 2018-03-08T09:50:14.088+0100: 6617,087: [GC ref-proc, 0,0006257 secs] 2018-03-08T09:50:14.089+0100: 6617,088: [Unloading, 0,0043742 secs], 0,1406980 secs]
 [Times: user=0,03 sys=0,00, real=0,14 secs] 
2018-03-08T09:50:14.094+0100: 6617,094: [GC cleanup 150M->147M(1024M), 0,0005605 secs]
 [Times: user=0,01 sys=0,00, real=0,00 secs] 
2018-03-08T09:50:14.095+0100: 6617,094: [GC concurrent-cleanup-start]
2018-03-08T09:50:14.095+0100: 6617,094: [GC concurrent-cleanup-end, 0,0000092 secs]
2018-03-08T09:50:21.260+0100: 6624,259: [GC pause (G1 Evacuation Pause) (young), 0,0030376 secs]
   [Parallel Time: 2,5 ms, GC Workers: 8]
      [GC Worker Start (ms): Min: 6624259,0, Avg: 6624259,0, Max: 6624259,0, Diff: 0,0]
      [Ext Root Scanning (ms): Min: 0,3, Avg: 0,4, Max: 0,8, Diff: 0,5, Sum: 2,8]
      [Update RS (ms): Min: 0,0, Avg: 0,4, Max: 0,6, Diff: 0,6, Sum: 3,0]
         [Processed Buffers: Min: 0, Avg: 4,2, Max: 11, Diff: 11, Sum: 34]
      [Scan RS (ms): Min: 0,0, Avg: 0,0, Max: 0,0, Diff: 0,0, Sum: 0,0]
      [Code Root Scanning (ms): Min: 0,0, Avg: 0,1, Max: 0,2, Diff: 0,2, Sum: 0,5]
      [Object Copy (ms): Min: 1,4, Avg: 1,5, Max: 1,6, Diff: 0,1, Sum: 12,2]
      [Termination (ms): Min: 0,0, Avg: 0,0, Max: 0,0, Diff: 0,0, Sum: 0,0]
         [Termination Attempts: Min: 1, Avg: 1,0, Max: 1, Diff: 0, Sum: 8]
      [GC Worker Other (ms): Min: 0,0, Avg: 0,0, Max: 0,0, Diff: 0,0, Sum: 0,1]
      [GC Worker Total (ms): Min: 2,3, Avg: 2,3, Max: 2,4, Diff: 0,1, Sum: 18,7]
      [GC Worker End (ms): Min: 6624261,4, Avg: 6624261,4, Max: 6624261,4, Diff: 0,0]
   [Code Root Fixup: 0,0 ms]
   [Code Root Purge: 0,0 ms]
   [Clear CT: 0,1 ms]
   [Other: 0,5 ms]
      [Choose CSet: 0,0 ms]
      [Ref Proc: 0,2 ms]
      [Ref Enq: 0,0 ms]
      [Redirty Cards: 0,0 ms]
      [Humongous Register: 0,0 ms]
      [Humongous Reclaim: 0,0 ms]
      [Free CSet: 0,0 ms]
   [Eden: 43,0M(43,0M)->0,0B(78,0M) Survivors: 8192,0K->6144,0K Heap: 189,4M(1024,0M)->144,7M(1024,0M)]
 [Times: user=0,02 sys=0,00, real=0,17 secs] 
2018-03-08T09:50:22.436+0100: 6625,436: [GC pause (G1 Evacuation Pause) (young), 0,0030273 secs]
   [Parallel Time: 2,3 ms, GC Workers: 8]
      [GC Worker Start (ms): Min: 6625435,8, Avg: 6625435,9, Max: 6625435,9, Diff: 0,1]
      [Ext Root Scanning (ms): Min: 0,2, Avg: 0,3, Max: 0,7, Diff: 0,5, Sum: 2,3]
      [Update RS (ms): Min: 0,0, Avg: 0,3, Max: 0,4, Diff: 0,4, Sum: 2,2]
         [Processed Buffers: Min: 0, Avg: 2,4, Max: 9, Diff: 9, Sum: 19]
      [Scan RS (ms): Min: 0,0, Avg: 0,0, Max: 0,0, Diff: 0,0, Sum: 0,1]
      [Code Root Scanning (ms): Min: 0,0, Avg: 0,1, Max: 0,2, Diff: 0,2, Sum: 0,6]
      [Object Copy (ms): Min: 1,5, Avg: 1,6, Max: 1,6, Diff: 0,1, Sum: 12,6]
      [Termination (ms): Min: 0,0, Avg: 0,0, Max: 0,0, Diff: 0,0, Sum: 0,0]
         [Termination Attempts: Min: 1, Avg: 1,0, Max: 1, Diff: 0, Sum: 8]
      [GC Worker Other (ms): Min: 0,0, Avg: 0,0, Max: 0,0, Diff: 0,0, Sum: 0,1]
      [GC Worker Total (ms): Min: 2,2, Avg: 2,2, Max: 2,3, Diff: 0,1, Sum: 17,9]
      [GC Worker End (ms): Min: 6625438,1, Avg: 6625438,1, Max: 6625438,1, Diff: 0,0]
   [Code Root Fixup: 0,0 ms]
   [Code Root Purge: 0,0 ms]
   [Clear CT: 0,1 ms]
   [Other: 0,5 ms]
      [Choose CSet: 0,0 ms]
      [Ref Proc: 0,2 ms]
      [Ref Enq: 0,0 ms]
      [Redirty Cards: 0,1 ms]
      [Humongous Register: 0,0 ms]
      [Humongous Reclaim: 0,0 ms]
      [Free CSet: 0,0 ms]
   [Eden: 78,0M(78,0M)->0,0B(191,0M) Survivors: 6144,0K->7168,0K Heap: 222,7M(1024,0M)->145,4M(1024,0M)]
 [Times: user=0,01 sys=0,01, real=0,12 secs] 
2018-03-08T10:07:37.844+0100: 7660,844: [GC pause (G1 Evacuation Pause) (young), 0,0078976 secs]
   [Parallel Time: 5,6 ms, GC Workers: 8]
      [GC Worker Start (ms): Min: 7660843,8, Avg: 7660844,0, Max: 7660844,9, Diff: 1,1]
      [Ext Root Scanning (ms): Min: 0,0, Avg: 0,9, Max: 4,7, Diff: 4,6, Sum: 7,1]
      [Update RS (ms): Min: 0,0, Avg: 0,4, Max: 0,7, Diff: 0,7, Sum: 3,1]
         [Processed Buffers: Min: 0, Avg: 4,9, Max: 10, Diff: 10, Sum: 39]
      [Scan RS (ms): Min: 0,0, Avg: 0,0, Max: 0,0, Diff: 0,0, Sum: 0,2]
      [Code Root Scanning (ms): Min: 0,0, Avg: 0,7, Max: 4,5, Diff: 4,5, Sum: 5,2]
      [Object Copy (ms): Min: 0,0, Avg: 2,1, Max: 3,0, Diff: 3,0, Sum: 17,2]
      [Termination (ms): Min: 0,0, Avg: 1,2, Max: 1,6, Diff: 1,6, Sum: 9,9]
         [Termination Attempts: Min: 1, Avg: 1,9, Max: 3, Diff: 2, Sum: 15]
      [GC Worker Other (ms): Min: 0,0, Avg: 0,0, Max: 0,0, Diff: 0,0, Sum: 0,1]
      [GC Worker Total (ms): Min: 4,4, Avg: 5,4, Max: 5,5, Diff: 1,1, Sum: 42,8]
      [GC Worker End (ms): Min: 7660849,3, Avg: 7660849,3, Max: 7660849,4, Diff: 0,1]
   [Code Root Fixup: 0,0 ms]
   [Code Root Purge: 0,0 ms]
   [Clear CT: 0,1 ms]
   [Other: 2,2 ms]
      [Choose CSet: 0,0 ms]
      [Ref Proc: 1,7 ms]
      [Ref Enq: 0,0 ms]
      [Redirty Cards: 0,1 ms]
      [Humongous Register: 0,1 ms]
      [Humongous Reclaim: 0,0 ms]
      [Free CSet: 0,1 ms]
   [Eden: 191,0M(191,0M)->0,0B(351,0M) Survivors: 7168,0K->8192,0K Heap: 336,4M(1024,0M)->146,4M(1024,0M)]
 [Times: user=0,05 sys=0,00, real=0,08 secs] 
2018-03-08T10:42:36.934+0100: 9759,934: [GC pause (G1 Evacuation Pause) (young), 0,0081738 secs]
   [Parallel Time: 5,5 ms, GC Workers: 8]
      [GC Worker Start (ms): Min: 9759933,9, Avg: 9759934,5, Max: 9759939,1, Diff: 5,3]
      [Ext Root Scanning (ms): Min: 0,0, Avg: 0,9, Max: 5,2, Diff: 5,1, Sum: 7,4]
      [Update RS (ms): Min: 0,0, Avg: 0,4, Max: 0,8, Diff: 0,8, Sum: 3,1]
         [Processed Buffers: Min: 0, Avg: 4,4, Max: 14, Diff: 14, Sum: 35]
      [Scan RS (ms): Min: 0,0, Avg: 0,0, Max: 0,1, Diff: 0,1, Sum: 0,3]
      [Code Root Scanning (ms): Min: 0,0, Avg: 0,1, Max: 0,3, Diff: 0,3, Sum: 0,9]
      [Object Copy (ms): Min: 0,0, Avg: 2,6, Max: 3,7, Diff: 3,6, Sum: 20,7]
      [Termination (ms): Min: 0,0, Avg: 0,6, Max: 0,9, Diff: 0,9, Sum: 4,8]
         [Termination Attempts: Min: 1, Avg: 1,0, Max: 1, Diff: 0, Sum: 8]
      [GC Worker Other (ms): Min: 0,0, Avg: 0,0, Max: 0,0, Diff: 0,0, Sum: 0,1]
      [GC Worker Total (ms): Min: 0,0, Avg: 4,7, Max: 5,5, Diff: 5,4, Sum: 37,4]
      [GC Worker End (ms): Min: 9759939,2, Avg: 9759939,2, Max: 9759939,3, Diff: 0,2]
   [Code Root Fixup: 0,0 ms]
   [Code Root Purge: 0,0 ms]
   [Clear CT: 0,2 ms]
   [Other: 2,4 ms]
      [Choose CSet: 0,0 ms]
      [Ref Proc: 2,0 ms]
      [Ref Enq: 0,0 ms]
      [Redirty Cards: 0,1 ms]
      [Humongous Register: 0,0 ms]
      [Humongous Reclaim: 0,0 ms]
      [Free CSet: 0,2 ms]
   [Eden: 351,0M(351,0M)->0,0B(542,0M) Survivors: 8192,0K->7168,0K Heap: 497,4M(1024,0M)->145,2M(1024,0M)]
 [Times: user=0,04 sys=0,00, real=0,14 secs] 
ms): Min: 0,0, Avg: 0,0, Max: 0,0, Diff: 0,0, Sum: 0,2]
      [GC Worker Total (ms): Min: 10,6, Avg: 10,9, Max: 11,0, Diff: 0,4, Sum: 86,8]
      [GC Worker End (ms): Min: 2887628,7, Avg: 2887628,7, Max: 2887628,7, Diff: 0,0]
   [Code Root Fixup: 0,0 ms]
   [Code Root Purge: 0,0 ms]
   [Clear CT: 0,3 ms]
   [Other: 1,7 ms]
      [Choose CSet: 0,0 ms]
      [Ref Proc: 0,5 ms]
      [Ref Enq: 0,0 ms]
      [Redirty Cards: 0,7 ms]
      [Humongous Register: 0,1 ms]
      [Humongous Reclaim: 0,0 ms]
      [Free CSet: 0,0 ms]
   [Eden: 46,0M(46,0M)->0,0B(44,0M) Survivors: 5120,0K->7168,0K Heap: 241,8M(1024,0M)->199,5M(1024,0M)]
 [Times: user=0,08 sys=0,01, real=0,01 secs] 
2018-03-08T04:33:43.931+0100: 3081,904: [GC pause (G1 Evacuation Pause) (young), 0,0135692 secs]
   [Parallel Time: 11,7 ms, GC Workers: 8]
      [GC Worker Start (ms): Min: 3081904,3, Avg: 3081904,5, Max: 3081904,6, Diff: 0,3]
      [Ext Root Scanning (ms): Min: 0,8, Avg: 1,0, Max: 1,3, Diff: 0,5, Sum: 7,6]
      [Update RS (ms): Min: 1,1, Avg: 1,2, Max: 1,3, Diff: 0,2, Sum: 9,7]
         [Processed Buffers: Min: 1, Avg: 6,1, Max: 17, Diff: 16, Sum: 49]
      [Scan RS (ms): Min: 2,0, Avg: 2,1, Max: 2,3, Diff: 0,3, Sum: 16,4]
      [Code Root Scanning (ms): Min: 0,0, Avg: 0,0, Max: 0,0, Diff: 0,0, Sum: 0,0]
      [Object Copy (ms): Min: 6,8, Avg: 7,1, Max: 7,2, Diff: 0,5, Sum: 56,4]
      [Termination (ms): Min: 0,0, Avg: 0,1, Max: 0,1, Diff: 0,1, Sum: 0,8]
         [Termination Attempts: Min: 1, Avg: 1,4, Max: 2, Diff: 1, Sum: 11]
      [GC Worker Other (ms): Min: 0,0, Avg: 0,0, Max: 0,1, Diff: 0,0, Sum: 0,2]
      [GC Worker Total (ms): Min: 11,3, Avg: 11,4, Max: 11,6, Diff: 0,3, Sum: 91,2]
      [GC Worker End (ms): Min: 3081915,8, Avg: 3081915,9, Max: 3081915,9, Diff: 0,0]
   [Code Root Fixup: 0,0 ms]
   [Code Root Purge: 0,0 ms]
   [Clear CT: 0,5 ms]
   [Other: 1,3 ms]
      [Choose CSet: 0,0 ms]
      [Ref Proc: 0,6 ms]
      [Ref Enq: 0,0 ms]
      [Redirty Cards: 0,3 ms]
      [Humongous Register: 0,1 ms]
      [Humongous Reclaim: 0,0 ms]
      [Free CSet: 0,0 ms]
   [Eden: 44,0M(44,0M)->0,0B(44,0M) Survivors: 7168,0K->7168,0K Heap: 243,5M(1024,0M)->202,6M(1024,0M)]
 [Times: user=0,09 sys=0,00, real=0,02 secs] 
2018-03-08T04:36:59.252+0100: 3277,225: [GC pause (G1 Evacuation Pause) (young), 0,0130731 secs]
   [Parallel Time: 11,2 ms, GC Workers: 8]
      [GC Worker Start (ms): Min: 3277225,6, Avg: 3277225,8, Max: 3277226,0, Diff: 0,4]
      [Ext Root Scanning (ms): Min: 0,6, Avg: 0,9, Max: 1,2, Diff: 0,6, Sum: 7,0]
      [Update RS (ms): Min: 1,2, Avg: 1,5, Max: 2,2, Diff: 0,9, Sum: 12,1]
         [Processed Buffers: Min: 1, Avg: 5,5, Max: 16, Diff: 15, Sum: 44]
      [Scan RS (ms): Min: 1,6, Avg: 2,1, Max: 2,4, Diff: 0,9, Sum: 17,2]
      [Code Root Scanning (ms): Min: 0,0, Avg: 0,0, Max: 0,0, Diff: 0,0, Sum: 0,0]
      [Object Copy (ms): Min: 6,1, Avg: 6,2, Max: 6,4, Diff: 0,4, Sum: 49,9]
      [Termination (ms): Min: 0,0, Avg: 0,0, Max: 0,0, Diff: 0,0, Sum: 0,1]
         [Termination Attempts: Min: 1, Avg: 1,9, Max: 3, Diff: 2, Sum: 15]
      [GC Worker Other (ms): Min: 0,0, Avg: 0,0, Max: 0,0, Diff: 0,0, Sum: 0,1]
      [GC Worker Total (ms): Min: 10,6, Avg: 10,8, Max: 11,0, Diff: 0,4, Sum: 86,4]
      [GC Worker End (ms): Min: 3277236,6, Avg: 3277236,6, Max: 3277236,6, Diff: 0,0]
   [Code Root Fixup: 0,0 ms]
   [Code Root Purge: 0,0 ms]
   [Clear CT: 0,4 ms]
   [Other: 1,5 ms]
      [Choose CSet: 0,0 ms]
      [Ref Proc: 0,5 ms]
      [Ref Enq: 0,0 ms]
      [Redirty Cards: 0,6 ms]
      [Humongous Register: 0,1 ms]
      [Humongous Reclaim: 0,0 ms]
      [Free CSet: 0,0 ms]
   [Eden: 44,0M(44,0M)->0,0B(62,0M) Survivors: 7168,0K->7168,0K Heap: 246,6M(1024,0M)->207,3M(1024,0M)]
 [Times: user=0,08 sys=0,01, real=0,01 secs] 
2018-03-08T04:41:34.252+0100: 3552,225: [GC pause (G1 Evacuation Pause) (young), 0,0323919 secs]
   [Parallel Time: 28,2 ms, GC Workers: 8]
      [GC Worker Start (ms): Min: 3552225,9, Avg: 3552226,1, Max: 3552226,3, Diff: 0,4]
      [Ext Root Scanning (ms): Min: 0,7, Avg: 1,0, Max: 1,4, Diff: 0,7, Sum: 8,0]
      [Update RS (ms): Min: 2,5, Avg: 2,7, Max: 3,1, Diff: 0,6, Sum: 21,6]
         [Processed Buffers: Min: 2, Avg: 5,9, Max: 19, Diff: 17, Sum: 47]
      [Scan RS (ms): Min: 1,8, Avg: 2,0, Max: 2,3, Diff: 0,5, Sum: 16,2]
      [Code Root Scanning (ms): Min: 0,0, Avg: 0,0, Max: 0,1, Diff: 0,1, Sum: 0,1]
      [Object Copy (ms): Min: 21,1, Avg: 22,0, Max: 22,3, Diff: 1,2, Sum: 176,1]
      [Termination (ms): Min: 0,0, Avg: 0,0, Max: 0,0, Diff: 0,0, Sum: 0,1]
         [Termination Attempts: Min: 1, Avg: 1,2, Max: 2, Diff: 1, Sum: 10]
      [GC Worker Other (ms): Min: 0,0, Avg: 0,0, Max: 0,1, Diff: 0,0, Sum: 0,3]
      [GC Worker Total (ms): Min: 27,6, Avg: 27,8, Max: 28,0, Diff: 0,4, Sum: 222,3]
      [GC Worker End (ms): Min: 3552253,9, Avg: 3552253,9, Max: 3552253,9, Diff: 0,0]
   [Code Root Fixup: 0,1 ms]
   [Code Root Purge: 0,0 ms]
   [Clear CT: 0,9 ms]
   [Other: 3,2 ms]
      [Choose CSet: 0,0 ms]
      [Ref Proc: 1,5 ms]
      [Ref Enq: 0,0 ms]
      [Redirty Cards: 0,9 ms]
      [Humongous Register: 0,1 ms]
      [Humongous Reclaim: 0,0 ms]
      [Free CSet: 0,2 ms]
   [Eden: 62,0M(62,0M)->0,0B(42,0M) Survivors: 7168,0K->9216,0K Heap: 269,3M(1024,0M)->213,1M(1024,0M)]
 [Times: user=0,23 sys=0,00, real=0,03 secs] 
2018-03-08T04:44:24.011+0100: 3721,984: [GC pause (G1 Evacuation Pause) (young), 0,0163859 secs]
   [Parallel Time: 14,1 ms, GC Workers: 8]
      [GC Worker Start (ms): Min: 3721984,2, Avg: 3721984,5, Max: 3721985,4, Diff: 1,2]
      [Ext Root Scanning (ms): Min: 0,0, Avg: 0,9, Max: 1,3, Diff: 1,3, Sum: 6,8]
      [Update RS (ms): Min: 1,7, Avg: 2,7, Max: 4,1, Diff: 2,4, Sum: 21,4]
         [Processed Buffers: Min: 1, Avg: 5,6, Max: 11, Diff: 10, Sum: 45]
      [Scan RS (ms): Min: 0,2, Avg: 1,5, Max: 2,1, Diff: 1,8, Sum: 12,0]
      [Code Root Scanning (ms): Min: 0,0, Avg: 0,0, Max: 0,0, Diff: 0,0, Sum: 0,1]
      [Object Copy (ms): Min: 8,3, Avg: 8,6, Max: 9,9, Diff: 1,6, Sum: 69,2]
      [Termination (ms): Min: 0,0, Avg: 0,0, Max: 0,0, Diff: 0,0, Sum: 0,0]
         [Termination Attempts: Min: 1, Avg: 3,2, Max: 7, Diff: 6, Sum: 26]
      [GC Worker Other (ms): Min: 0,0, Avg: 0,0, Max: 0,0, Diff: 0,0, Sum: 0,2]
      [GC Worker Total (ms): Min: 12,8, Avg: 13,7, Max: 14,0, Diff: 1,2, Sum: 109,6]
      [GC Worker End (ms): Min: 3721998,2, Avg: 3721998,2, Max: 3721998,2, Diff: 0,0]
   [Code Root Fixup: 0,0 ms]
   [Code Root Purge: 0,0 ms]
   [Clear CT: 0,8 ms]
   [Other: 1,4 ms]
      [Choose CSet: 0,0 ms]
      [Ref Proc: 0,4 ms]
      [Ref Enq: 0,0 ms]
      [Redirty Cards: 0,6 ms]
      [Humongous Register: 0,1 ms]
      [Humongous Reclaim: 0,0 ms]
      [Free CSet: 0,0 ms]
   [Eden: 42,0M(42,0M)->0,0B(44,0M) Survivors: 9216,0K->7168,0K Heap: 255,1M(1024,0M)->219,6M(1024,0M)]
 [Times: user=0,12 sys=0,00, real=0,02 secs] 
2018-03-08T04:47:39.245+0100: 3917,218: [GC pause (G1 Evacuation Pause) (young), 0,0195725 secs]
   [Parallel Time: 16,0 ms, GC Workers: 8]
      [GC Worker Start (ms): Min: 3917218,6, Avg: 3917218,8, Max: 3917219,2, Diff: 0,6]
      [Ext Root Scanning (ms): Min: 0,6, Avg: 1,0, Max: 1,6, Diff: 0,9, Sum: 8,4]
      [Update RS (ms): Min: 1,0, Avg: 1,9, Max: 2,4, Diff: 1,4, Sum: 15,6]
         [Processed Buffers: Min: 1, Avg: 5,4, Max: 20, Diff: 19, Sum: 43]
      [Scan RS (ms): Min: 2,4, Avg: 2,9, Max: 3,8, Diff: 1,5, Sum: 23,4]
      [Code Root Scanning (ms): Min: 0,0, Avg: 0,0, Max: 0,0, Diff: 0,0, Sum: 0,0]
      [Object Copy (ms): Min: 9,0, Avg: 9,7, Max: 10,0, Diff: 1,0, Sum: 77,2]
      [Termination (ms): Min: 0,0, Avg: 0,0, Max: 0,0, Diff: 0,0, Sum: 0,0]
         [Termination Attempts: Min: 1, Avg: 1,0, Max: 1, Diff: 0, Sum: 8]
      [GC Worker Other (ms): Min: 0,0, Avg: 0,0, Max: 0,1, Diff: 0,0, Sum: 0,3]
      [GC Worker Total (ms): Min: 15,2, Avg: 15,6, Max: 15,8, Diff: 0,6, Sum: 124,9]
      [GC Worker End (ms): Min: 3917234,4, Avg: 3917234,4, Max: 3917234,4, Diff: 0,0]
   [Code Root Fixup: 0,0 ms]
   [Code Root Purge: 0,0 ms]
   [Clear CT: 1,1 ms]
   [Other: 2,5 ms]
      [Choose CSet: 0,0 ms]
      [Ref Proc: 0,9 ms]
      [Ref Enq: 0,0 ms]
      [Redirty Cards: 0,9 ms]
      [Humongous Register: 0,1 ms]
      [Humongous Reclaim: 0,0 ms]
      [Free CSet: 0,1 ms]
   [Eden: 44,0M(44,0M)->0,0B(58,0M) Survivors: 7168,0K->5120,0K Heap: 263,6M(1024,0M)->221,5M(1024,0M)]
 [Times: user=0,12 sys=0,01, real=0,02 secs] 
2018-03-08T04:51:56.000+0100: 4173,973: [GC pause (G1 Evacuation Pause) (young), 0,0133231 secs]
   [Parallel Time: 11,0 ms, GC Workers: 8]
      [GC Worker Start (ms): Min: 4173973,4, Avg: 4173973,6, Max: 4173973,8, Diff: 0,4]
      [Ext Root Scanning (ms): Min: 0,9, Avg: 1,1, Max: 1,5, Diff: 0,6, Sum: 9,0]
      [Update RS (ms): Min: 3,0, Avg: 3,4, Max: 4,1, Diff: 1,1, Sum: 27,6]
         [Processed Buffers: Min: 1, Avg: 6,8, Max: 20, Diff: 19, Sum: 54]
      [Scan RS (ms): Min: 0,0, Avg: 0,5, Max: 1,1, Diff: 1,1, Sum: 3,8]
      [Code Root Scanning (ms): Min: 0,0, Avg: 0,0, Max: 0,0, Diff: 0,0, Sum: 0,0]
      [Object Copy (ms): Min: 4,9, Avg: 5,2, Max: 5,8, Diff: 0,9, Sum: 41,3]
      [Termination (ms): Min: 0,0, Avg: 0,0, Max: 0,0, Diff: 0,0, Sum: 0,0]
         [Termination Attempts: Min: 1, Avg: 1,8, Max: 2, Diff: 1, Sum: 14]
      [GC Worker Other (ms): Min: 0,0, Avg: 0,0, Max: 0,0, Diff: 0,0, Sum: 0,3]
      [GC Worker Total (ms): Min: 10,1, Avg: 10,2, Max: 10,4, Diff: 0,4, Sum: 81,9]
      [GC Worker End (ms): Min: 4173983,9, Avg: 4173983,9, Max: 4173983,9, Diff: 0,0]
   [Code Root Fixup: 0,0 ms]
   [Code Root Purge: 0,0 ms]
   [Clear CT: 0,7 ms]
   [Other: 1,6 ms]
      [Choose CSet: 0,0 ms]
      [Ref Proc: 0,5 ms]
      [Ref Enq: 0,0 ms]
      [Redirty Cards: 0,5 ms]
      [Humongous Register: 0,1 ms]
      [Humongous Reclaim: 0,1 ms]
      [Free CSet: 0,0 ms]
   [Eden: 58,0M(58,0M)->0,0B(44,0M) Survivors: 5120,0K->7168,0K Heap: 279,5M(1024,0M)->223,2M(1024,0M)]
 [Times: user=0,08 sys=0,00, real=0,02 secs] 
2018-03-08T04:55:11.259+0100: 4369,233: [GC pause (G1 Evacuation Pause) (young), 0,0264601 secs]
   [Parallel Time: 23,7 ms, GC Workers: 8]
      [GC Worker Start (ms): Min: 4369233,0, Avg: 4369233,3, Max: 4369233,5, Diff: 0,5]
      [Ext Root Scanning (ms): Min: 0,9, Avg: 1,1, Max: 1,5, Diff: 0,6, Sum: 9,0]
      [Update RS (ms): Min: 0,0, Avg: 1,2, Max: 1,6, Diff: 1,6, Sum: 9,9]
         [Processed Buffers: Min: 0, Avg: 5,6, Max: 15, Diff: 15, Sum: 45]
      [Scan RS (ms): Min: 0,0, Avg: 0,1, Max: 0,2, Diff: 0,2, Sum: 0,7]
      [Code Root Scanning (ms): Min: 0,0, Avg: 0,0, Max: 0,0, Diff: 0,0, Sum: 0,0]
      [Object Copy (ms): Min: 20,4, Avg: 20,8, Max: 22,1, Diff: 1,7, Sum: 166,0]
      [Termination (ms): Min: 0,0, Avg: 0,0, Max: 0,0, Diff: 0,0, Sum: 0,0]
         [Termination Attempts: Min: 1, Avg: 1,5, Max: 3, Diff: 2, Sum: 12]
      [GC Worker Other (ms): Min: 0,0, Avg: 0,0, Max: 0,0, Diff: 0,0, Sum: 0,3]
      [GC Worker Total (ms): Min: 23,0, Avg: 23,2, Max: 23,5, Diff: 0,5, Sum: 185,9]
      [GC Worker End (ms): Min: 4369256,5, Avg: 4369256,5, Max: 4369256,5, Diff: 0,0]
   [Code Root Fixup: 0,0 ms]
   [Code Root Purge: 0,0 ms]
   [Clear CT: 0,5 ms]
   [Other: 2,3 ms]
      [Choose CSet: 0,0 ms]
      [Ref Proc: 1,3 ms]
      [Ref Enq: 0,0 ms]
      [Redirty Cards: 0,3 ms]
      [Humongous Register: 0,1 ms]
      [Humongous Reclaim: 0,0 ms]
      [Free CSet: 0,1 ms]
   [Eden: 44,0M(44,0M)->0,0B(45,0M) Survivors: 7168,0K->6144,0K Heap: 267,2M(1024,0M)->227,5M(1024,0M)]
 [Times: user=0,17 sys=0,02, real=0,03 secs] 
2018-03-08T04:58:31.422+0100: 4569,395: [GC pause (G1 Evacuation Pause) (young), 0,0258791 secs]
   [Parallel Time: 21,9 ms, GC Workers: 8]
      [GC Worker Start (ms): Min: 4569395,4, Avg: 4569395,7, Max: 4569395,9, Diff: 0,4]
      [Ext Root Scanning (ms): Min: 0,8, Avg: 1,0, Max: 1,6, Diff: 0,7, Sum: 8,4]
      [Update RS (ms): Min: 0,0, Avg: 2,1, Max: 3,1, Diff: 3,1, Sum: 16,4]
         [Processed Buffers: Min: 0, Avg: 6,2, Max: 24, Diff: 24, Sum: 50]
      [Scan RS (ms): Min: 1,5, Avg: 2,2, Max: 2,9, Diff: 1,3, Sum: 17,9]
      [Code Root Scanning (ms): Min: 0,0, Avg: 0,0, Max: 0,0, Diff: 0,0, Sum: 0,0]
      [Object Copy (ms): Min: 15,2, Avg: 15,8, Max: 18,8, Diff: 3,5, Sum: 126,2]
      [Termination (ms): Min: 0,0, Avg: 0,0, Max: 0,0, Diff: 0,0, Sum: 0,1]
         [Termination Attempts: Min: 1, Avg: 2,1, Max: 4, Diff: 3, Sum: 17]
      [GC Worker Other (ms): Min: 0,0, Avg: 0,0, Max: 0,0, Diff: 0,0, Sum: 0,3]
      [GC Worker Total (ms): Min: 21,0, Avg: 21,2, Max: 21,4, Diff: 0,4, Sum: 169,3]
      [GC Worker End (ms): Min: 4569416,9, Avg: 4569416,9, Max: 4569416,9, Diff: 0,0]
   [Code Root Fixup: 0,0 ms]
   [Code Root Purge: 0,0 ms]
   [Clear CT: 1,2 ms]
   [Other: 2,8 ms]
      [Choose CSet: 0,0 ms]
      [Ref Proc: 0,9 ms]
      [Ref Enq: 0,0 ms]
      [Redirty Cards: 1,2 ms]
      [Humongous Register: 0,1 ms]
      [Humongous Reclaim: 0,0 ms]
      [Free CSet: 0,1 ms]
   [Eden: 45,0M(45,0M)->0,0B(45,0M) Survivors: 6144,0K->6144,0K Heap: 272,5M(1024,0M)->231,3M(1024,0M)]
 [Times: user=0,16 sys=0,00, real=0,02 secs] 
2018-03-08T05:01:52.184+0100: 4770,158: [GC pause (G1 Evacuation Pause) (young), 0,0148057 secs]
   [Parallel Time: 12,7 ms, GC Workers: 8]
      [GC Worker Start (ms): Min: 4770157,9, Avg: 4770158,2, Max: 4770158,4, Diff: 0,4]
      [Ext Root Scanning (ms): Min: 0,9, Avg: 1,0, Max: 1,3, Diff: 0,4, Sum: 8,4]
      [Update RS (ms): Min: 2,1, Avg: 2,3, Max: 2,8, Diff: 0,6, Sum: 18,6]
         [Processed Buffers: Min: 2, Avg: 5,2, Max: 13, Diff: 11, Sum: 42]
      [Scan RS (ms): Min: 1,3, Avg: 1,7, Max: 1,9, Diff: 0,7, Sum: 13,7]
      [Code Root Scanning (ms): Min: 0,0, Avg: 0,0, Max: 0,0, Diff: 0,0, Sum: 0,0]
      [Object Copy (ms): Min: 6,0, Avg: 6,2, Max: 6,9, Diff: 0,9, Sum: 49,3]
      [Termination (ms): Min: 0,0, Avg: 0,8, Max: 1,0, Diff: 1,0, Sum: 6,7]
         [Termination Attempts: Min: 1, Avg: 1,0, Max: 1, Diff: 0, Sum: 8]
      [GC Worker Other (ms): Min: 0,0, Avg: 0,0, Max: 0,0, Diff: 0,0, Sum: 0,1]
      [GC Worker Total (ms): Min: 11,9, Avg: 12,1, Max: 12,4, Diff: 0,5, Sum: 96,9]
      [GC Worker End (ms): Min: 4770170,2, Avg: 4770170,3, Max: 4770170,3, Diff: 0,1]
   [Code Root Fixup: 0,0 ms]
   [Code Root Purge: 0,0 ms]
   [Clear CT: 0,3 ms]
   [Other: 1,8 ms]
      [Choose CSet: 0,0 ms]
      [Ref Proc: 1,0 ms]
      [Ref Enq: 0,0 ms]
      [Redirty Cards: 0,4 ms]
      [Humongous Register: 0,1 ms]
      [Humongous Reclaim: 0,0 ms]
      [Free CSet: 0,0 ms]
   [Eden: 45,0M(45,0M)->0,0B(44,0M) Survivors: 6144,0K->7168,0K Heap: 276,3M(1024,0M)->235,6M(1024,0M)]
 [Times: user=0,10 sys=0,00, real=0,01 secs] 
2018-03-08T05:05:07.856+0100: 4965,830: [GC pause (G1 Evacuation Pause) (young), 0,0289664 secs]
   [Parallel Time: 25,5 ms, GC Workers: 8]
      [GC Worker Start (ms): Min: 4965829,9, Avg: 4965830,1, Max: 4965830,3, Diff: 0,4]
      [Ext Root Scanning (ms): Min: 1,0, Avg: 1,1, Max: 1,4, Diff: 0,4, Sum: 9,1]
      [Update RS (ms): Min: 0,7, Avg: 1,4, Max: 2,1, Diff: 1,4, Sum: 11,2]
         [Processed Buffers: Min: 1, Avg: 5,8, Max: 14, Diff: 13, Sum: 46]
      [Scan RS (ms): Min: 2,2, Avg: 2,8, Max: 3,2, Diff: 1,0, Sum: 22,3]
      [Code Root Scanning (ms): Min: 0,0, Avg: 0,0, Max: 0,0, Diff: 0,0, Sum: 0,0]
      [Object Copy (ms): Min: 19,1, Avg: 19,5, Max: 20,1, Diff: 0,9, Sum: 156,0]
      [Termination (ms): Min: 0,0, Avg: 0,1, Max: 0,2, Diff: 0,2, Sum: 1,1]
         [Termination Attempts: Min: 1, Avg: 4,4, Max: 8, Diff: 7, Sum: 35]
      [GC Worker Other (ms): Min: 0,0, Avg: 0,0, Max: 0,0, Diff: 0,0, Sum: 0,2]
      [GC Worker Total (ms): Min: 24,8, Avg: 25,0, Max: 25,3, Diff: 0,4, Sum: 199,9]
      [GC Worker End (ms): Min: 4965855,1, Avg: 4965855,1, Max: 4965855,2, Diff: 0,1]
   [Code Root Fixup: 0,0 ms]
   [Code Root Purge: 0,0 ms]
   [Clear CT: 0,9 ms]
   [Other: 2,5 ms]
      [Choose CSet: 0,0 ms]
      [Ref Proc: 1,1 ms]
      [Ref Enq: 0,0 ms]
      [Redirty Cards: 0,7 ms]
      [Humongous Register: 0,1 ms]
      [Humongous Reclaim: 0,0 ms]
      [Free CSet: 0,1 ms]
   [Eden: 44,0M(44,0M)->0,0B(44,0M) Survivors: 7168,0K->7168,0K Heap: 279,6M(1024,0M)->239,0M(1024,0M)]
 [Times: user=0,19 sys=0,01, real=0,03 secs] 
2018-03-08T05:08:23.741+0100: 5161,715: [GC pause (G1 Evacuation Pause) (young), 0,0290446 secs]
   [Parallel Time: 25,4 ms, GC Workers: 8]
      [GC Worker Start (ms): Min: 5161715,0, Avg: 5161715,3, Max: 5161715,7, Diff: 0,7]
      [Ext Root Scanning (ms): Min: 0,7, Avg: 1,1, Max: 1,5, Diff: 0,8, Sum: 9,0]
      [Update RS (ms): Min: 2,1, Avg: 2,3, Max: 2,8, Diff: 0,7, Sum: 18,6]
         [Processed Buffers: Min: 1, Avg: 5,4, Max: 15, Diff: 14, Sum: 43]
      [Scan RS (ms): Min: 1,9, Avg: 2,5, Max: 2,7, Diff: 0,7, Sum: 19,6]
      [Code Root Scanning (ms): Min: 0,0, Avg: 0,0, Max: 0,0, Diff: 0,0, Sum: 0,0]
      [Object Copy (ms): Min: 18,9, Avg: 19,0, Max: 19,2, Diff: 0,4, Sum: 152,3]
      [Termination (ms): Min: 0,0, Avg: 0,1, Max: 0,1, Diff: 0,1, Sum: 0,6]
         [Termination Attempts: Min: 1, Avg: 3,0, Max: 6, Diff: 5, Sum: 24]
      [GC Worker Other (ms): Min: 0,0, Avg: 0,0, Max: 0,0, Diff: 0,0, Sum: 0,2]
      [GC Worker Total (ms): Min: 24,7, Avg: 25,1, Max: 25,4, Diff: 0,7, Sum: 200,4]
      [GC Worker End (ms): Min: 5161740,3, Avg: 5161740,4, Max: 5161740,4, Diff: 0,0]
   [Code Root Fixup: 0,0 ms]
   [Code Root Purge: 0,0 ms]
   [Clear CT: 0,8 ms]
   [Other: 2,8 ms]
      [Choose CSet: 0,0 ms]
      [Ref Proc: 1,3 ms]
      [Ref Enq: 0,0 ms]
      [Redirty Cards: 0,7 ms]
      [Humongous Register: 0,1 ms]
      [Humongous Reclaim: 0,0 ms]
      [Free CSet: 0,1 ms]
   [Eden: 44,0M(44,0M)->0,0B(44,0M) Survivors: 7168,0K->7168,0K Heap: 283,0M(1024,0M)->243,5M(1024,0M)]
 [Times: user=0,20 sys=0,00, real=0,02 secs] 
2018-03-08T09:27:16.638+0100: 5208,704: [GC pause (Metadata GC Threshold) (young) (initial-mark), 0,0112380 secs]
   [Parallel Time: 9,2 ms, GC Workers: 8]
      [GC Worker Start (ms): Min: 5208703,8, Avg: 5208703,9, Max: 5208703,9, Diff: 0,1]
      [Ext Root Scanning (ms): Min: 0,6, Avg: 0,9, Max: 2,1, Diff: 1,5, Sum: 7,0]
      [Update RS (ms): Min: 0,0, Avg: 0,5, Max: 0,6, Diff: 0,6, Sum: 3,7]
         [Processed Buffers: Min: 0, Avg: 5,5, Max: 16, Diff: 16, Sum: 44]
      [Scan RS (ms): Min: 0,1, Avg: 1,4, Max: 4,9, Diff: 4,8, Sum: 11,2]
      [Code Root Scanning (ms): Min: 0,0, Avg: 0,0, Max: 0,1, Diff: 0,1, Sum: 0,1]
      [Object Copy (ms): Min: 1,3, Avg: 5,0, Max: 6,0, Diff: 4,7, Sum: 39,6]
      [Termination (ms): Min: 0,0, Avg: 0,7, Max: 1,4, Diff: 1,4, Sum: 5,6]
         [Termination Attempts: Min: 1, Avg: 6,4, Max: 10, Diff: 9, Sum: 51]
      [GC Worker Other (ms): Min: 0,0, Avg: 0,0, Max: 0,0, Diff: 0,0, Sum: 0,1]
      [GC Worker Total (ms): Min: 8,2, Avg: 8,4, Max: 8,9, Diff: 0,6, Sum: 67,3]
      [GC Worker End (ms): Min: 5208712,2, Avg: 5208712,3, Max: 5208712,8, Diff: 0,7]
   [Code Root Fixup: 0,0 ms]
   [Code Root Purge: 0,0 ms]
   [Clear CT: 0,1 ms]
   [Other: 2,0 ms]
      [Choose CSet: 0,0 ms]
      [Ref Proc: 1,6 ms]
      [Ref Enq: 0,0 ms]
      [Redirty Cards: 0,1 ms]
      [Humongous Register: 0,0 ms]
      [Humongous Reclaim: 0,0 ms]
      [Free CSet: 0,0 ms]
   [Eden: 15,0M(44,0M)->0,0B(44,0M) Survivors: 7168,0K->7168,0K Heap: 258,1M(1024,0M)->247,8M(1024,0M)]
 [Times: user=0,06 sys=0,00, real=0,02 secs] 
2018-03-08T09:27:16.649+0100: 5208,715: [GC concurrent-root-region-scan-start]
2018-03-08T09:27:16.654+0100: 5208,720: [GC concurrent-root-region-scan-end, 0,0049261 secs]
2018-03-08T09:27:16.654+0100: 5208,720: [GC concurrent-mark-start]
2018-03-08T09:27:16.675+0100: 5208,741: [GC concurrent-mark-end, 0,0210513 secs]
2018-03-08T09:27:16.675+0100: 5208,741: [GC remark 2018-03-08T09:27:16.675+0100: 5208,741: [Finalize Marking, 0,0042080 secs] 2018-03-08T09:27:16.679+0100: 5208,745: [GC ref-proc, 0,0006565 secs] 2018-03-08T09:27:16.680+0100: 5208,746: [Unloading, 0,0052483 secs], 0,0113006 secs]
 [Times: user=0,05 sys=0,00, real=0,01 secs] 
2018-03-08T09:27:16.687+0100: 5208,753: [GC cleanup 249M->228M(1024M), 0,0014434 secs]
 [Times: user=0,00 sys=0,00, real=0,01 secs] 
2018-03-08T09:27:16.688+0100: 5208,754: [GC concurrent-cleanup-start]
2018-03-08T09:27:16.688+0100: 5208,754: [GC concurrent-cleanup-end, 0,0000659 secs]
2018-03-08T09:29:42.920+0100: 5354,986: [GC pause (G1 Evacuation Pause) (young), 0,0206260 secs]
   [Parallel Time: 18,8 ms, GC Workers: 8]
      [GC Worker Start (ms): Min: 5354986,3, Avg: 5354987,1, Max: 5354992,0, Diff: 5,7]
      [Ext Root Scanning (ms): Min: 0,0, Avg: 0,9, Max: 1,8, Diff: 1,8, Sum: 7,5]
      [Update RS (ms): Min: 0,0, Avg: 1,9, Max: 2,9, Diff: 2,9, Sum: 15,1]
         [Processed Buffers: Min: 0, Avg: 5,8, Max: 14, Diff: 14, Sum: 46]
      [Scan RS (ms): Min: 0,4, Avg: 3,3, Max: 8,6, Diff: 8,1, Sum: 26,1]
      [Code Root Scanning (ms): Min: 0,0, Avg: 0,1, Max: 0,4, Diff: 0,4, Sum: 0,8]
      [Object Copy (ms): Min: 5,9, Avg: 10,9, Max: 11,8, Diff: 5,8, Sum: 87,0]
      [Termination (ms): Min: 0,0, Avg: 0,7, Max: 0,8, Diff: 0,8, Sum: 5,5]
         [Termination Attempts: Min: 1, Avg: 2,2, Max: 4, Diff: 3, Sum: 18]
      [GC Worker Other (ms): Min: 0,0, Avg: 0,0, Max: 0,0, Diff: 0,0, Sum: 0,2]
      [GC Worker Total (ms): Min: 12,9, Avg: 17,8, Max: 18,6, Diff: 5,7, Sum: 142,2]
      [GC Worker End (ms): Min: 5355004,6, Avg: 5355004,9, Max: 5355005,0, Diff: 0,3]
   [Code Root Fixup: 0,0 ms]
   [Code Root Purge: 0,0 ms]
   [Clear CT: 0,5 ms]
   [Other: 1,3 ms]
      [Choose CSet: 0,0 ms]
      [Ref Proc: 0,5 ms]
      [Ref Enq: 0,0 ms]
      [Redirty Cards: 0,3 ms]
      [Humongous Register: 0,1 ms]
      [Humongous Reclaim: 0,0 ms]
      [Free CSet: 0,0 ms]
   [Eden: 44,0M(44,0M)->0,0B(44,0M) Survivors: 7168,0K->7168,0K Heap: 270,8M(1024,0M)->230,8M(1024,0M)]
 [Times: user=0,13 sys=0,00, real=0,02 secs] 
2018-03-08T09:32:54.619+0100: 5546,685: [GC pause (G1 Evacuation Pause) (mixed), 0,0313205 secs]
   [Parallel Time: 27,5 ms, GC Workers: 8]
      [GC Worker Start (ms): Min: 5546684,9, Avg: 5546685,3, Max: 5546686,2, Diff: 1,3]
      [Ext Root Scanning (ms): Min: 0,2, Avg: 1,1, Max: 2,3, Diff: 2,1, Sum: 9,1]
      [Update RS (ms): Min: 0,0, Avg: 2,5, Max: 4,5, Diff: 4,5, Sum: 20,1]
         [Processed Buffers: Min: 0, Avg: 6,0, Max: 19, Diff: 19, Sum: 48]
      [Scan RS (ms): Min: 0,0, Avg: 3,6, Max: 5,0, Diff: 5,0, Sum: 29,1]
      [Code Root Scanning (ms): Min: 0,0, Avg: 0,1, Max: 0,3, Diff: 0,3, Sum: 0,8]
      [Object Copy (ms): Min: 15,7, Avg: 17,3, Max: 23,6, Diff: 7,8, Sum: 138,6]
      [Termination (ms): Min: 0,0, Avg: 2,1, Max: 2,5, Diff: 2,5, Sum: 16,9]
         [Termination Attempts: Min: 1, Avg: 36,1, Max: 47, Diff: 46, Sum: 289]
      [GC Worker Other (ms): Min: 0,0, Avg: 0,0, Max: 0,0, Diff: 0,0, Sum: 0,2]
      [GC Worker Total (ms): Min: 26,0, Avg: 26,9, Max: 27,2, Diff: 1,2, Sum: 214,9]
      [GC Worker End (ms): Min: 5546712,1, Avg: 5546712,1, Max: 5546712,2, Diff: 0,1]
   [Code Root Fixup: 0,0 ms]
   [Code Root Purge: 0,0 ms]
   [Clear CT: 0,4 ms]
   [Other: 3,5 ms]
      [Choose CSet: 0,0 ms]
      [Ref Proc: 2,2 ms]
      [Ref Enq: 0,0 ms]
      [Redirty Cards: 0,6 ms]
      [Humongous Register: 0,1 ms]
      [Humongous Reclaim: 0,0 ms]
      [Free CSet: 0,1 ms]
   [Eden: 44,0M(44,0M)->0,0B(44,0M) Survivors: 7168,0K->7168,0K Heap: 274,8M(1024,0M)->222,3M(1024,0M)]
 [Times: user=0,21 sys=0,00, real=0,04 secs] 
2018-03-08T09:36:08.903+0100: 5740,969: [GC pause (G1 Evacuation Pause) (mixed), 0,0230358 secs]
   [Parallel Time: 20,4 ms, GC Workers: 8]
      [GC Worker Start (ms): Min: 5740969,0, Avg: 5740969,4, Max: 5740970,4, Diff: 1,4]
      [Ext Root Scanning (ms): Min: 0,0, Avg: 0,9, Max: 1,9, Diff: 1,8, Sum: 7,4]
      [Update RS (ms): Min: 0,0, Avg: 1,4, Max: 2,4, Diff: 2,4, Sum: 11,4]
         [Processed Buffers: Min: 0, Avg: 5,4, Max: 19, Diff: 19, Sum: 43]
      [Scan RS (ms): Min: 1,8, Avg: 2,6, Max: 3,0, Diff: 1,3, Sum: 20,7]
      [Code Root Scanning (ms): Min: 0,0, Avg: 0,1, Max: 0,3, Diff: 0,3, Sum: 0,5]
      [Object Copy (ms): Min: 14,4, Avg: 14,9, Max: 16,3, Diff: 1,9, Sum: 119,0]
      [Termination (ms): Min: 0,0, Avg: 0,0, Max: 0,1, Diff: 0,0, Sum: 0,3]
         [Termination Attempts: Min: 2, Avg: 5,5, Max: 10, Diff: 8, Sum: 44]
      [GC Worker Other (ms): Min: 0,0, Avg: 0,0, Max: 0,0, Diff: 0,0, Sum: 0,1]
      [GC Worker Total (ms): Min: 19,0, Avg: 19,9, Max: 20,3, Diff: 1,4, Sum: 159,5]
      [GC Worker End (ms): Min: 5740989,3, Avg: 5740989,3, Max: 5740989,3, Diff: 0,0]
   [Code Root Fixup: 0,0 ms]
   [Code Root Purge: 0,0 ms]
   [Clear CT: 0,7 ms]
   [Other: 1,9 ms]
      [Choose CSet: 0,0 ms]
      [Ref Proc: 0,6 ms]
      [Ref Enq: 0,0 ms]
      [Redirty Cards: 0,7 ms]
      [Humongous Register: 0,1 ms]
      [Humongous Reclaim: 0,0 ms]
      [Free CSet: 0,1 ms]
   [Eden: 44,0M(44,0M)->0,0B(44,0M) Survivors: 7168,0K->7168,0K Heap: 266,3M(1024,0M)->213,1M(1024,0M)]
 [Times: user=0,16 sys=0,00, real=0,03 secs] 
2018-03-08T09:39:21.114+0100: 5933,180: [GC pause (G1 Evacuation Pause) (mixed), 0,1434509 secs]
   [Parallel Time: 97,3 ms, GC Workers: 8]
      [GC Worker Start (ms): Min: 5933224,1, Avg: 5933224,2, Max: 5933224,4, Diff: 0,2]
      [Ext Root Scanning (ms): Min: 1,0, Avg: 1,2, Max: 1,7, Diff: 0,7, Sum: 9,7]
      [Update RS (ms): Min: 1,6, Avg: 1,8, Max: 2,1, Diff: 0,5, Sum: 14,7]
         [Processed Buffers: Min: 1, Avg: 5,9, Max: 17, Diff: 16, Sum: 47]
      [Scan RS (ms): Min: 75,6, Avg: 75,8, Max: 76,1, Diff: 0,5, Sum: 606,3]
      [Code Root Scanning (ms): Min: 0,0, Avg: 0,0, Max: 0,1, Diff: 0,1, Sum: 0,1]
      [Object Copy (ms): Min: 17,9, Avg: 18,1, Max: 18,3, Diff: 0,4, Sum: 144,8]
      [Termination (ms): Min: 0,0, Avg: 0,0, Max: 0,0, Diff: 0,0, Sum: 0,0]
         [Termination Attempts: Min: 1, Avg: 1,0, Max: 1, Diff: 0, Sum: 8]
      [GC Worker Other (ms): Min: 0,0, Avg: 0,0, Max: 0,1, Diff: 0,0, Sum: 0,3]
      [GC Worker Total (ms): Min: 96,9, Avg: 97,0, Max: 97,1, Diff: 0,2, Sum: 775,9]
      [GC Worker End (ms): Min: 5933321,2, Avg: 5933321,2, Max: 5933321,2, Diff: 0,0]
   [Code Root Fixup: 0,0 ms]
   [Code Root Purge: 0,0 ms]
   [Clear CT: 0,7 ms]
   [Other: 45,5 ms]
      [Choose CSet: 0,0 ms]
      [Ref Proc: 0,9 ms]
      [Ref Enq: 0,0 ms]
      [Redirty Cards: 0,5 ms]
      [Humongous Register: 0,7 ms]
      [Humongous Reclaim: 0,0 ms]
      [Free CSet: 0,1 ms]
   [Eden: 44,0M(44,0M)->0,0B(44,0M) Survivors: 7168,0K->7168,0K Heap: 257,1M(1024,0M)->208,7M(1024,0M)]
 [Times: user=0,20 sys=0,00, real=0,44 secs] 
2018-03-08T09:42:09.221+0100: 6101,287: [GC pause (G1 Evacuation Pause) (young), 1,0985261 secs]
   [Parallel Time: 1089,7 ms, GC Workers: 8]
      [GC Worker Start (ms): Min: 6101286,9, Avg: 6101288,1, Max: 6101294,5, Diff: 7,5]
      [Ext Root Scanning (ms): Min: 0,0, Avg: 136,4, Max: 1089,4, Diff: 1089,4, Sum: 1091,3]
      [Update RS (ms): Min: 0,0, Avg: 0,4, Max: 0,7, Diff: 0,7, Sum: 3,0]
         [Processed Buffers: Min: 0, Avg: 6,1, Max: 19, Diff: 19, Sum: 49]
      [Scan RS (ms): Min: 0,0, Avg: 0,4, Max: 0,7, Diff: 0,7, Sum: 3,2]
      [Code Root Scanning (ms): Min: 0,0, Avg: 0,0, Max: 0,0, Diff: 0,0, Sum: 0,0]
      [Object Copy (ms): Min: 0,0, Avg: 4,1, Max: 5,5, Diff: 5,5, Sum: 32,4]
      [Termination (ms): Min: 0,0, Avg: 947,1, Max: 1082,6, Diff: 1082,6, Sum: 7577,1]
         [Termination Attempts: Min: 1, Avg: 2,1, Max: 4, Diff: 3, Sum: 17]
      [GC Worker Other (ms): Min: 0,0, Avg: 0,0, Max: 0,0, Diff: 0,0, Sum: 0,1]
      [GC Worker Total (ms): Min: 1082,0, Avg: 1088,4, Max: 1089,6, Diff: 7,7, Sum: 8707,2]
      [GC Worker End (ms): Min: 6102376,4, Avg: 6102376,5, Max: 6102376,6, Diff: 0,1]
   [Code Root Fixup: 0,0 ms]
   [Code Root Purge: 0,0 ms]
   [Clear CT: 0,1 ms]
   [Other: 8,7 ms]
      [Choose CSet: 0,0 ms]
      [Ref Proc: 8,4 ms]
      [Ref Enq: 0,0 ms]
      [Redirty Cards: 0,1 ms]
      [Humongous Register: 0,0 ms]
      [Humongous Reclaim: 0,0 ms]
      [Free CSet: 0,0 ms]
   [Eden: 44,0M(44,0M)->0,0B(44,0M) Survivors: 7168,0K->7168,0K Heap: 252,7M(1024,0M)->212,8M(1024,0M)]
 [Times: user=7,26 sys=0,00, real=1,40 secs] 
2018-03-08T09:43:38.462+0100: 6190,528: [GC pause (G1 Evacuation Pause) (young), 0,0075200 secs]
   [Parallel Time: 6,2 ms, GC Workers: 8]
      [GC Worker Start (ms): Min: 6190528,1, Avg: 6190528,3, Max: 6190529,2, Diff: 1,0]
      [Ext Root Scanning (ms): Min: 0,0, Avg: 0,6, Max: 1,9, Diff: 1,9, Sum: 4,4]
      [Update RS (ms): Min: 0,0, Avg: 1,2, Max: 5,1, Diff: 5,1, Sum: 9,4]
         [Processed Buffers: Min: 0, Avg: 6,8, Max: 14, Diff: 14, Sum: 54]
      [Scan RS (ms): Min: 0,0, Avg: 0,5, Max: 0,6, Diff: 0,6, Sum: 3,7]
      [Code Root Scanning (ms): Min: 0,0, Avg: 0,0, Max: 0,1, Diff: 0,1, Sum: 0,1]
      [Object Copy (ms): Min: 0,0, Avg: 3,3, Max: 4,2, Diff: 4,2, Sum: 26,0]
      [Termination (ms): Min: 0,0, Avg: 0,5, Max: 0,6, Diff: 0,6, Sum: 3,9]
         [Termination Attempts: Min: 1, Avg: 3,0, Max: 5, Diff: 4, Sum: 24]
      [GC Worker Other (ms): Min: 0,0, Avg: 0,0, Max: 0,0, Diff: 0,0, Sum: 0,1]
      [GC Worker Total (ms): Min: 5,1, Avg: 6,0, Max: 6,1, Diff: 1,0, Sum: 47,7]
      [GC Worker End (ms): Min: 6190534,3, Avg: 6190534,3, Max: 6190534,3, Diff: 0,0]
   [Code Root Fixup: 0,0 ms]
   [Code Root Purge: 0,0 ms]
   [Clear CT: 0,1 ms]
   [Other: 1,3 ms]
      [Choose CSet: 0,0 ms]
      [Ref Proc: 1,0 ms]
      [Ref Enq: 0,0 ms]
      [Redirty Cards: 0,1 ms]
      [Humongous Register: 0,0 ms]
      [Humongous Reclaim: 0,0 ms]
      [Free CSet: 0,0 ms]
   [Eden: 44,0M(44,0M)->0,0B(45,0M) Survivors: 7168,0K->6144,0K Heap: 256,8M(1024,0M)->215,8M(1024,0M)]
 [Times: user=0,06 sys=0,00, real=0,14 secs] 
2018-03-08T09:43:39.036+0100: 6191,102: [GC pause (G1 Evacuation Pause) (young), 0,0054995 secs]
   [Parallel Time: 4,3 ms, GC Workers: 8]
      [GC Worker Start (ms): Min: 6191102,4, Avg: 6191102,5, Max: 6191102,8, Diff: 0,4]
      [Ext Root Scanning (ms): Min: 0,0, Avg: 0,3, Max: 0,6, Diff: 0,6, Sum: 2,2]
      [Update RS (ms): Min: 0,3, Avg: 0,9, Max: 4,0, Diff: 3,6, Sum: 7,4]
         [Processed Buffers: Min: 0, Avg: 3,4, Max: 16, Diff: 16, Sum: 27]
      [Scan RS (ms): Min: 0,0, Avg: 0,5, Max: 0,8, Diff: 0,8, Sum: 4,3]
      [Code Root Scanning (ms): Min: 0,0, Avg: 0,0, Max: 0,1, Diff: 0,1, Sum: 0,1]
      [Object Copy (ms): Min: 0,0, Avg: 2,0, Max: 2,3, Diff: 2,3, Sum: 15,7]
      [Termination (ms): Min: 0,0, Avg: 0,5, Max: 0,6, Diff: 0,6, Sum: 4,0]
         [Termination Attempts: Min: 1, Avg: 10,0, Max: 26, Diff: 25, Sum: 80]
      [GC Worker Other (ms): Min: 0,0, Avg: 0,0, Max: 0,0, Diff: 0,0, Sum: 0,0]
      [GC Worker Total (ms): Min: 3,9, Avg: 4,2, Max: 4,3, Diff: 0,4, Sum: 33,8]
      [GC Worker End (ms): Min: 6191106,7, Avg: 6191106,7, Max: 6191106,7, Diff: 0,0]
   [Code Root Fixup: 0,0 ms]
   [Code Root Purge: 0,0 ms]
   [Clear CT: 0,1 ms]
   [Other: 1,0 ms]
      [Choose CSet: 0,0 ms]
      [Ref Proc: 0,8 ms]
      [Ref Enq: 0,0 ms]
      [Redirty Cards: 0,0 ms]
      [Humongous Register: 0,0 ms]
      [Humongous Reclaim: 0,0 ms]
      [Free CSet: 0,0 ms]
   [Eden: 45,0M(45,0M)->0,0B(47,0M) Survivors: 6144,0K->4096,0K Heap: 260,8M(1024,0M)->218,3M(1024,0M)]
 [Times: user=0,03 sys=0,00, real=0,06 secs] 
2018-03-08T09:43:39.476+0100: 6191,542: [GC pause (G1 Evacuation Pause) (young), 0,0166865 secs]
   [Parallel Time: 5,2 ms, GC Workers: 8]
      [GC Worker Start (ms): Min: 6191541,7, Avg: 6191543,8, Max: 6191546,7, Diff: 5,1]
      [Ext Root Scanning (ms): Min: 0,0, Avg: 0,2, Max: 0,7, Diff: 0,7, Sum: 1,8]
      [Update RS (ms): Min: 0,0, Avg: 0,5, Max: 1,1, Diff: 1,1, Sum: 4,2]
         [Processed Buffers: Min: 0, Avg: 3,4, Max: 18, Diff: 18, Sum: 27]
      [Scan RS (ms): Min: 0,0, Avg: 0,3, Max: 0,7, Diff: 0,7, Sum: 2,7]
      [Code Root Scanning (ms): Min: 0,0, Avg: 0,0, Max: 0,1, Diff: 0,1, Sum: 0,1]
      [Object Copy (ms): Min: 0,0, Avg: 0,6, Max: 1,3, Diff: 1,3, Sum: 4,8]
      [Termination (ms): Min: 0,0, Avg: 1,2, Max: 1,7, Diff: 1,7, Sum: 10,0]
         [Termination Attempts: Min: 1, Avg: 1,4, Max: 3, Diff: 2, Sum: 11]
      [GC Worker Other (ms): Min: 0,0, Avg: 0,0, Max: 0,0, Diff: 0,0, Sum: 0,0]
      [GC Worker Total (ms): Min: 0,0, Avg: 3,0, Max: 5,1, Diff: 5,1, Sum: 23,7]
      [GC Worker End (ms): Min: 6191546,7, Avg: 6191546,8, Max: 6191546,8, Diff: 0,1]
   [Code Root Fixup: 0,0 ms]
   [Code Root Purge: 0,0 ms]
   [Clear CT: 0,1 ms]
   [Other: 11,4 ms]
      [Choose CSet: 0,0 ms]
      [Ref Proc: 11,1 ms]
      [Ref Enq: 0,0 ms]
      [Redirty Cards: 0,1 ms]
      [Humongous Register: 0,0 ms]
      [Humongous Reclaim: 0,0 ms]
      [Free CSet: 0,0 ms]
   [Eden: 47,0M(47,0M)->0,0B(49,0M) Survivors: 4096,0K->2048,0K Heap: 265,3M(1024,0M)->216,1M(1024,0M)]
 [Times: user=0,08 sys=0,00, real=0,20 secs] 
2018-03-08T09:43:40.095+0100: 6192,160: [GC pause (G1 Evacuation Pause) (young), 0,0237659 secs]
   [Parallel Time: 5,9 ms, GC Workers: 8]
      [GC Worker Start (ms): Min: 6192160,6, Avg: 6192163,7, Max: 6192166,4, Diff: 5,8]
      [Ext Root Scanning (ms): Min: 0,0, Avg: 0,2, Max: 0,6, Diff: 0,6, Sum: 1,5]
      [Update RS (ms): Min: 0,0, Avg: 0,5, Max: 1,6, Diff: 1,6, Sum: 4,3]
         [Processed Buffers: Min: 0, Avg: 3,4, Max: 19, Diff: 19, Sum: 27]
      [Scan RS (ms): Min: 0,0, Avg: 0,1, Max: 0,2, Diff: 0,2, Sum: 0,4]
      [Code Root Scanning (ms): Min: 0,0, Avg: 0,0, Max: 0,1, Diff: 0,1, Sum: 0,1]
      [Object Copy (ms): Min: 0,0, Avg: 0,6, Max: 1,6, Diff: 1,6, Sum: 4,7]
      [Termination (ms): Min: 0,0, Avg: 1,4, Max: 2,1, Diff: 2,1, Sum: 11,3]
         [Termination Attempts: Min: 1, Avg: 1,0, Max: 1, Diff: 0, Sum: 8]
      [GC Worker Other (ms): Min: 0,0, Avg: 0,0, Max: 0,0, Diff: 0,0, Sum: 0,0]
      [GC Worker Total (ms): Min: 0,0, Avg: 2,8, Max: 5,9, Diff: 5,9, Sum: 22,4]
      [GC Worker End (ms): Min: 6192166,4, Avg: 6192166,5, Max: 6192166,5, Diff: 0,0]
   [Code Root Fixup: 0,0 ms]
   [Code Root Purge: 0,0 ms]
   [Clear CT: 0,1 ms]
   [Other: 17,8 ms]
      [Choose CSet: 0,0 ms]
      [Ref Proc: 17,5 ms]
      [Ref Enq: 0,0 ms]
      [Redirty Cards: 0,1 ms]
      [Humongous Register: 0,1 ms]
      [Humongous Reclaim: 0,0 ms]
      [Free CSet: 0,1 ms]
   [Eden: 49,0M(49,0M)->0,0B(48,0M) Survivors: 2048,0K->3072,0K Heap: 265,1M(1024,0M)->216,5M(1024,0M)]
 [Times: user=0,09 sys=0,00, real=0,02 secs] 
2018-03-08T09:43:40.507+0100: 6192,573: [GC pause (G1 Evacuation Pause) (young), 0,0030329 secs]
   [Parallel Time: 2,5 ms, GC Workers: 8]
      [GC Worker Start (ms): Min: 6192572,7, Avg: 6192573,3, Max: 6192575,1, Diff: 2,4]
      [Ext Root Scanning (ms): Min: 0,0, Avg: 0,3, Max: 0,6, Diff: 0,6, Sum: 2,0]
      [Update RS (ms): Min: 0,0, Avg: 0,5, Max: 0,8, Diff: 0,8, Sum: 4,2]
         [Processed Buffers: Min: 0, Avg: 3,2, Max: 15, Diff: 15, Sum: 26]
      [Scan RS (ms): Min: 0,0, Avg: 0,0, Max: 0,0, Diff: 0,0, Sum: 0,0]
      [Code Root Scanning (ms): Min: 0,0, Avg: 0,0, Max: 0,1, Diff: 0,1, Sum: 0,1]
      [Object Copy (ms): Min: 0,0, Avg: 0,6, Max: 0,9, Diff: 0,9, Sum: 5,0]
      [Termination (ms): Min: 0,0, Avg: 0,4, Max: 0,5, Diff: 0,5, Sum: 3,2]
         [Termination Attempts: Min: 1, Avg: 1,4, Max: 3, Diff: 2, Sum: 11]
      [GC Worker Other (ms): Min: 0,0, Avg: 0,0, Max: 0,0, Diff: 0,0, Sum: 0,0]
      [GC Worker Total (ms): Min: 0,0, Avg: 1,8, Max: 2,4, Diff: 2,4, Sum: 14,6]
      [GC Worker End (ms): Min: 6192575,1, Avg: 6192575,1, Max: 6192575,1, Diff: 0,0]
   [Code Root Fixup: 0,0 ms]
   [Code Root Purge: 0,0 ms]
   [Clear CT: 0,0 ms]
   [Other: 0,5 ms]
      [Choose CSet: 0,0 ms]
      [Ref Proc: 0,3 ms]
      [Ref Enq: 0,0 ms]
      [Redirty Cards: 0,0 ms]
      [Humongous Register: 0,0 ms]
      [Humongous Reclaim: 0,0 ms]
      [Free CSet: 0,0 ms]
   [Eden: 48,0M(48,0M)->0,0B(48,0M) Survivors: 3072,0K->3072,0K Heap: 264,5M(1024,0M)->216,9M(1024,0M)]
 [Times: user=0,01 sys=0,00, real=0,29 secs] 
2018-03-08T09:43:41.182+0100: 6193,248: [GC pause (G1 Evacuation Pause) (young), 0,0280075 secs]
   [Parallel Time: 26,1 ms, GC Workers: 8]
      [GC Worker Start (ms): Min: 6193248,0, Avg: 6193253,6, Max: 6193273,9, Diff: 26,0]
      [Ext Root Scanning (ms): Min: 0,0, Avg: 0,2, Max: 0,6, Diff: 0,6, Sum: 1,9]
      [Update RS (ms): Min: 0,0, Avg: 0,5, Max: 0,9, Diff: 0,9, Sum: 3,9]
         [Processed Buffers: Min: 0, Avg: 3,5, Max: 16, Diff: 16, Sum: 28]
      [Scan RS (ms): Min: 0,0, Avg: 0,0, Max: 0,1, Diff: 0,1, Sum: 0,3]
      [Code Root Scanning (ms): Min: 0,0, Avg: 0,0, Max: 0,1, Diff: 0,1, Sum: 0,1]
      [Object Copy (ms): Min: 0,0, Avg: 0,6, Max: 0,9, Diff: 0,9, Sum: 4,5]
      [Termination (ms): Min: 0,0, Avg: 19,0, Max: 23,9, Diff: 23,9, Sum: 152,0]
         [Termination Attempts: Min: 1, Avg: 1,5, Max: 3, Diff: 2, Sum: 12]
      [GC Worker Other (ms): Min: 0,0, Avg: 0,0, Max: 0,0, Diff: 0,0, Sum: 0,0]
      [GC Worker Total (ms): Min: 0,0, Avg: 20,3, Max: 26,1, Diff: 26,0, Sum: 162,7]
      [GC Worker End (ms): Min: 6193274,0, Avg: 6193274,0, Max: 6193274,0, Diff: 0,1]
   [Code Root Fixup: 0,0 ms]
   [Code Root Purge: 0,0 ms]
   [Clear CT: 0,1 ms]
   [Other: 1,9 ms]
      [Choose CSet: 0,0 ms]
      [Ref Proc: 1,6 ms]
      [Ref Enq: 0,0 ms]
      [Redirty Cards: 0,1 ms]
      [Humongous Register: 0,0 ms]
      [Humongous Reclaim: 0,0 ms]
      [Free CSet: 0,0 ms]
   [Eden: 48,0M(48,0M)->0,0B(48,0M) Survivors: 3072,0K->3072,0K Heap: 264,9M(1024,0M)->216,6M(1024,0M)]
 [Times: user=0,13 sys=0,00, real=0,03 secs] 
2018-03-08T09:43:41.599+0100: 6193,665: [GC pause (G1 Evacuation Pause) (young), 0,0044604 secs]
   [Parallel Time: 3,0 ms, GC Workers: 8]
      [GC Worker Start (ms): Min: 6193665,5, Avg: 6193666,2, Max: 6193668,5, Diff: 3,0]
      [Ext Root Scanning (ms): Min: 0,0, Avg: 0,3, Max: 0,7, Diff: 0,7, Sum: 2,2]
      [Update RS (ms): Min: 0,0, Avg: 0,5, Max: 0,9, Diff: 0,9, Sum: 4,4]
         [Processed Buffers: Min: 0, Avg: 3,6, Max: 15, Diff: 15, Sum: 29]
      [Scan RS (ms): Min: 0,0, Avg: 0,0, Max: 0,0, Diff: 0,0, Sum: 0,0]
      [Code Root Scanning (ms): Min: 0,0, Avg: 0,0, Max: 0,1, Diff: 0,1, Sum: 0,1]
      [Object Copy (ms): Min: 0,0, Avg: 0,6, Max: 0,9, Diff: 0,9, Sum: 4,8]
      [Termination (ms): Min: 0,0, Avg: 0,9, Max: 1,1, Diff: 1,1, Sum: 6,9]
         [Termination Attempts: Min: 1, Avg: 1,0, Max: 1, Diff: 0, Sum: 8]
      [GC Worker Other (ms): Min: 0,0, Avg: 0,0, Max: 0,0, Diff: 0,0, Sum: 0,0]
      [GC Worker Total (ms): Min: 0,0, Avg: 2,3, Max: 3,0, Diff: 3,0, Sum: 18,4]
      [GC Worker End (ms): Min: 6193668,5, Avg: 6193668,5, Max: 6193668,5, Diff: 0,0]
   [Code Root Fixup: 0,0 ms]
   [Code Root Purge: 0,0 ms]
   [Clear CT: 0,1 ms]
   [Other: 1,4 ms]
      [Choose CSet: 0,0 ms]
      [Ref Proc: 1,1 ms]
      [Ref Enq: 0,0 ms]
      [Redirty Cards: 0,1 ms]
      [Humongous Register: 0,0 ms]
      [Humongous Reclaim: 0,0 ms]
      [Free CSet: 0,0 ms]
   [Eden: 48,0M(48,0M)->0,0B(48,0M) Survivors: 3072,0K->3072,0K Heap: 264,6M(1024,0M)->216,7M(1024,0M)]
 [Times: user=0,03 sys=0,00, real=0,00 secs] 
2018-03-08T09:43:41.980+0100: 6194,046: [GC pause (G1 Evacuation Pause) (young), 0,0039770 secs]
   [Parallel Time: 2,4 ms, GC Workers: 8]
      [GC Worker Start (ms): Min: 6194045,9, Avg: 6194046,2, Max: 6194048,2, Diff: 2,3]
      [Ext Root Scanning (ms): Min: 0,0, Avg: 0,3, Max: 0,6, Diff: 0,6, Sum: 2,2]
      [Update RS (ms): Min: 0,0, Avg: 0,6, Max: 0,8, Diff: 0,8, Sum: 4,6]
         [Processed Buffers: Min: 0, Avg: 3,6, Max: 14, Diff: 14, Sum: 29]
      [Scan RS (ms): Min: 0,0, Avg: 0,0, Max: 0,0, Diff: 0,0, Sum: 0,0]
      [Code Root Scanning (ms): Min: 0,0, Avg: 0,0, Max: 0,1, Diff: 0,1, Sum: 0,1]
      [Object Copy (ms): Min: 0,0, Avg: 0,7, Max: 0,8, Diff: 0,8, Sum: 5,3]
      [Termination (ms): Min: 0,0, Avg: 0,5, Max: 0,5, Diff: 0,5, Sum: 3,7]
         [Termination Attempts: Min: 1, Avg: 1,0, Max: 1, Diff: 0, Sum: 8]
      [GC Worker Other (ms): Min: 0,0, Avg: 0,0, Max: 0,0, Diff: 0,0, Sum: 0,0]
      [GC Worker Total (ms): Min: 0,0, Avg: 2,0, Max: 2,3, Diff: 2,3, Sum: 16,1]
      [GC Worker End (ms): Min: 6194048,2, Avg: 6194048,2, Max: 6194048,2, Diff: 0,0]
   [Code Root Fixup: 0,0 ms]
   [Code Root Purge: 0,0 ms]
   [Clear CT: 0,1 ms]
   [Other: 1,5 ms]
      [Choose CSet: 0,0 ms]
      [Ref Proc: 1,2 ms]
      [Ref Enq: 0,0 ms]
      [Redirty Cards: 0,1 ms]
      [Humongous Register: 0,0 ms]
      [Humongous Reclaim: 0,0 ms]
      [Free CSet: 0,0 ms]
   [Eden: 48,0M(48,0M)->0,0B(279,0M) Survivors: 3072,0K->3072,0K Heap: 264,7M(1024,0M)->216,8M(1024,0M)]
 [Times: user=0,03 sys=0,00, real=0,14 secs] 
2018-03-08T09:43:45.384+0100: 6197,450: [GC pause (G1 Evacuation Pause) (young), 0,0037842 secs]
   [Parallel Time: 2,6 ms, GC Workers: 8]
      [GC Worker Start (ms): Min: 6197450,5, Avg: 6197450,8, Max: 6197453,0, Diff: 2,5]
      [Ext Root Scanning (ms): Min: 0,0, Avg: 0,3, Max: 0,8, Diff: 0,8, Sum: 2,6]
      [Update RS (ms): Min: 0,0, Avg: 0,6, Max: 0,8, Diff: 0,8, Sum: 4,7]
         [Processed Buffers: Min: 0, Avg: 4,1, Max: 14, Diff: 14, Sum: 33]
      [Scan RS (ms): Min: 0,0, Avg: 0,0, Max: 0,1, Diff: 0,1, Sum: 0,3]
      [Code Root Scanning (ms): Min: 0,0, Avg: 0,0, Max: 0,1, Diff: 0,1, Sum: 0,1]
      [Object Copy (ms): Min: 0,0, Avg: 0,7, Max: 0,9, Diff: 0,9, Sum: 6,0]
      [Termination (ms): Min: 0,0, Avg: 0,5, Max: 0,6, Diff: 0,6, Sum: 3,8]
         [Termination Attempts: Min: 1, Avg: 1,4, Max: 2, Diff: 1, Sum: 11]
      [GC Worker Other (ms): Min: 0,0, Avg: 0,0, Max: 0,0, Diff: 0,0, Sum: 0,1]
      [GC Worker Total (ms): Min: 0,0, Avg: 2,2, Max: 2,5, Diff: 2,5, Sum: 17,6]
      [GC Worker End (ms): Min: 6197453,0, Avg: 6197453,0, Max: 6197453,0, Diff: 0,0]
   [Code Root Fixup: 0,0 ms]
   [Code Root Purge: 0,0 ms]
   [Clear CT: 0,1 ms]
   [Other: 1,1 ms]
      [Choose CSet: 0,0 ms]
      [Ref Proc: 0,7 ms]
      [Ref Enq: 0,0 ms]
      [Redirty Cards: 0,1 ms]
      [Humongous Register: 0,0 ms]
      [Humongous Reclaim: 0,0 ms]
      [Free CSet: 0,1 ms]
   [Eden: 279,0M(279,0M)->0,0B(611,0M) Survivors: 3072,0K->3072,0K Heap: 495,8M(1024,0M)->216,5M(1024,0M)]
 [Times: user=0,03 sys=0,00, real=0,01 secs] 
2018-03-08T09:43:55.481+0100: 6207,547: [GC pause (G1 Evacuation Pause) (young), 10,0277701 secs]
   [Parallel Time: 9548,4 ms, GC Workers: 8]
      [GC Worker Start (ms): Min: 6207546,9, Avg: 6207547,0, Max: 6207547,0, Diff: 0,1]
      [Ext Root Scanning (ms): Min: 0,3, Avg: 2252,2, Max: 9548,0, Diff: 9547,7, Sum: 18017,9]
      [Update RS (ms): Min: 0,0, Avg: 0,6, Max: 0,8, Diff: 0,8, Sum: 4,4]
         [Processed Buffers: Min: 0, Avg: 4,8, Max: 22, Diff: 22, Sum: 38]
      [Scan RS (ms): Min: 0,1, Avg: 0,1, Max: 0,1, Diff: 0,1, Sum: 0,8]
      [Code Root Scanning (ms): Min: 0,0, Avg: 0,0, Max: 0,1, Diff: 0,1, Sum: 0,1]
      [Object Copy (ms): Min: 0,0, Avg: 656,7, Max: 1055,7, Diff: 1055,7, Sum: 5253,5]
      [Termination (ms): Min: 0,0, Avg: 6638,6, Max: 9546,0, Diff: 9546,0, Sum: 53108,7]
         [Termination Attempts: Min: 1, Avg: 3,2, Max: 5, Diff: 4, Sum: 26]
      [GC Worker Other (ms): Min: 0,0, Avg: 0,0, Max: 0,0, Diff: 0,0, Sum: 0,1]
      [GC Worker Total (ms): Min: 9548,1, Avg: 9548,2, Max: 9548,2, Diff: 0,1, Sum: 76385,5]
      [GC Worker End (ms): Min: 6217095,1, Avg: 6217095,1, Max: 6217095,2, Diff: 0,1]
   [Code Root Fixup: 0,0 ms]
   [Code Root Purge: 0,0 ms]
   [Clear CT: 48,6 ms]
   [Other: 430,8 ms]
      [Choose CSet: 0,0 ms]
      [Ref Proc: 241,0 ms]
      [Ref Enq: 0,0 ms]
      [Redirty Cards: 0,2 ms]
      [Humongous Register: 0,0 ms]
      [Humongous Reclaim: 0,0 ms]
      [Free CSet: 187,5 ms]
   [Eden: 611,0M(611,0M)->0,0B(47,0M) Survivors: 3072,0K->4096,0K Heap: 827,5M(1024,0M)->217,5M(1024,0M)]
 [Times: user=52,88 sys=0,00, real=10,51 secs] 
2018-03-08T09:50:27.189+0100: 6599,255: [GC pause (G1 Evacuation Pause) (young), 0,0036479 secs]
   [Parallel Time: 2,0 ms, GC Workers: 8]
      [GC Worker Start (ms): Min: 6599255,3, Avg: 6599255,4, Max: 6599255,5, Diff: 0,2]
      [Ext Root Scanning (ms): Min: 0,1, Avg: 0,3, Max: 0,6, Diff: 0,5, Sum: 2,0]
      [Update RS (ms): Min: 0,4, Avg: 0,7, Max: 1,0, Diff: 0,5, Sum: 5,9]
         [Processed Buffers: Min: 1, Avg: 6,6, Max: 19, Diff: 18, Sum: 53]
      [Scan RS (ms): Min: 0,0, Avg: 0,0, Max: 0,0, Diff: 0,0, Sum: 0,0]
      [Code Root Scanning (ms): Min: 0,0, Avg: 0,0, Max: 0,1, Diff: 0,1, Sum: 0,2]
      [Object Copy (ms): Min: 0,7, Avg: 0,9, Max: 0,9, Diff: 0,2, Sum: 7,0]
      [Termination (ms): Min: 0,0, Avg: 0,0, Max: 0,0, Diff: 0,0, Sum: 0,0]
         [Termination Attempts: Min: 1, Avg: 1,4, Max: 3, Diff: 2, Sum: 11]
      [GC Worker Other (ms): Min: 0,0, Avg: 0,0, Max: 0,0, Diff: 0,0, Sum: 0,1]
      [GC Worker Total (ms): Min: 1,8, Avg: 1,9, Max: 1,9, Diff: 0,2, Sum: 15,2]
      [GC Worker End (ms): Min: 6599257,3, Avg: 6599257,3, Max: 6599257,3, Diff: 0,0]
   [Code Root Fixup: 0,0 ms]
   [Code Root Purge: 0,0 ms]
   [Clear CT: 0,6 ms]
   [Other: 1,1 ms]
      [Choose CSet: 0,0 ms]
      [Ref Proc: 0,3 ms]
      [Ref Enq: 0,0 ms]
      [Redirty Cards: 0,5 ms]
      [Humongous Register: 0,0 ms]
      [Humongous Reclaim: 0,0 ms]
      [Free CSet: 0,0 ms]
   [Eden: 47,0M(47,0M)->0,0B(48,0M) Survivors: 4096,0K->3072,0K Heap: 264,5M(1024,0M)->216,5M(1024,0M)]
 [Times: user=0,02 sys=0,00, real=0,49 secs] 
2018-03-08T09:50:28.068+0100: 6600,133: [GC pause (G1 Evacuation Pause) (young), 0,0050841 secs]
   [Parallel Time: 3,5 ms, GC Workers: 8]
      [GC Worker Start (ms): Min: 6600133,6, Avg: 6600134,4, Max: 6600137,0, Diff: 3,4]
      [Ext Root Scanning (ms): Min: 0,0, Avg: 0,3, Max: 0,7, Diff: 0,7, Sum: 2,2]
      [Update RS (ms): Min: 0,0, Avg: 0,7, Max: 1,0, Diff: 1,0, Sum: 5,4]
         [Processed Buffers: Min: 0, Avg: 4,5, Max: 16, Diff: 16, Sum: 36]
      [Scan RS (ms): Min: 0,0, Avg: 0,0, Max: 0,0, Diff: 0,0, Sum: 0,0]
      [Code Root Scanning (ms): Min: 0,0, Avg: 0,0, Max: 0,2, Diff: 0,2, Sum: 0,2]
      [Object Copy (ms): Min: 0,0, Avg: 0,8, Max: 1,2, Diff: 1,2, Sum: 6,3]
      [Termination (ms): Min: 0,0, Avg: 0,9, Max: 1,1, Diff: 1,1, Sum: 7,0]
         [Termination Attempts: Min: 1, Avg: 1,6, Max: 4, Diff: 3, Sum: 13]
      [GC Worker Other (ms): Min: 0,0, Avg: 0,0, Max: 0,0, Diff: 0,0, Sum: 0,0]
      [GC Worker Total (ms): Min: 0,0, Avg: 2,6, Max: 3,5, Diff: 3,4, Sum: 21,2]
      [GC Worker End (ms): Min: 6600137,0, Avg: 6600137,0, Max: 6600137,0, Diff: 0,0]
   [Code Root Fixup: 0,0 ms]
   [Code Root Purge: 0,0 ms]
   [Clear CT: 0,1 ms]
   [Other: 1,5 ms]
      [Choose CSet: 0,0 ms]
      [Ref Proc: 1,3 ms]
      [Ref Enq: 0,0 ms]
      [Redirty Cards: 0,1 ms]
      [Humongous Register: 0,0 ms]
      [Humongous Reclaim: 0,0 ms]
      [Free CSet: 0,0 ms]
   [Eden: 48,0M(48,0M)->0,0B(48,0M) Survivors: 3072,0K->3072,0K Heap: 264,5M(1024,0M)->216,9M(1024,0M)]
 [Times: user=0,03 sys=0,00, real=0,00 secs] 
2018-03-08T09:53:39.464+0100: 6791,530: [GC pause (G1 Evacuation Pause) (young), 0,0793192 secs]
   [Parallel Time: 7,9 ms, GC Workers: 8]
      [GC Worker Start (ms): Min: 6791595,9, Avg: 6791597,8, Max: 6791603,7, Diff: 7,8]
      [Ext Root Scanning (ms): Min: 0,0, Avg: 0,3, Max: 0,7, Diff: 0,7, Sum: 2,5]
      [Update RS (ms): Min: 0,0, Avg: 1,3, Max: 1,8, Diff: 1,8, Sum: 10,1]
         [Processed Buffers: Min: 0, Avg: 7,0, Max: 26, Diff: 26, Sum: 56]
      [Scan RS (ms): Min: 0,0, Avg: 0,0, Max: 0,0, Diff: 0,0, Sum: 0,0]
      [Code Root Scanning (ms): Min: 0,0, Avg: 0,0, Max: 0,2, Diff: 0,2, Sum: 0,2]
      [Object Copy (ms): Min: 0,0, Avg: 3,2, Max: 4,4, Diff: 4,4, Sum: 25,6]
      [Termination (ms): Min: 0,0, Avg: 1,1, Max: 1,4, Diff: 1,4, Sum: 9,1]
         [Termination Attempts: Min: 1, Avg: 2,4, Max: 6, Diff: 5, Sum: 19]
      [GC Worker Other (ms): Min: 0,0, Avg: 0,0, Max: 0,0, Diff: 0,0, Sum: 0,1]
      [GC Worker Total (ms): Min: 0,0, Avg: 5,9, Max: 7,8, Diff: 7,8, Sum: 47,6]
      [GC Worker End (ms): Min: 6791603,7, Avg: 6791603,7, Max: 6791603,8, Diff: 0,0]
   [Code Root Fixup: 0,0 ms]
   [Code Root Purge: 0,0 ms]
   [Clear CT: 0,1 ms]
   [Other: 71,3 ms]
      [Choose CSet: 0,0 ms]
      [Ref Proc: 4,9 ms]
      [Ref Enq: 0,0 ms]
      [Redirty Cards: 0,1 ms]
      [Humongous Register: 0,1 ms]
      [Humongous Reclaim: 0,0 ms]
      [Free CSet: 0,0 ms]
   [Eden: 48,0M(48,0M)->0,0B(44,0M) Survivors: 3072,0K->7168,0K Heap: 264,9M(1024,0M)->220,7M(1024,0M)]
 [Times: user=0,06 sys=0,00, real=0,52 secs] 
2018-03-08T09:56:59.838+0100: 6991,904: [GC pause (G1 Evacuation Pause) (young), 1,7190437 secs]
   [Parallel Time: 1709,8 ms, GC Workers: 8]
      [GC Worker Start (ms): Min: 6991903,7, Avg: 6991904,6, Max: 6991910,6, Diff: 6,8]
      [Ext Root Scanning (ms): Min: 0,0, Avg: 213,9, Max: 1709,6, Diff: 1709,6, Sum: 1711,6]
      [Update RS (ms): Min: 0,0, Avg: 0,9, Max: 1,3, Diff: 1,3, Sum: 7,3]
         [Processed Buffers: Min: 0, Avg: 6,9, Max: 16, Diff: 16, Sum: 55]
      [Scan RS (ms): Min: 0,0, Avg: 0,0, Max: 0,0, Diff: 0,0, Sum: 0,0]
      [Code Root Scanning (ms): Min: 0,0, Avg: 0,0, Max: 0,1, Diff: 0,1, Sum: 0,2]
      [Object Copy (ms): Min: 0,0, Avg: 3,5, Max: 4,7, Diff: 4,7, Sum: 28,0]
      [Termination (ms): Min: 0,0, Avg: 1490,4, Max: 1703,5, Diff: 1703,5, Sum: 11923,2]
         [Termination Attempts: Min: 1, Avg: 1,8, Max: 4, Diff: 3, Sum: 14]
      [GC Worker Other (ms): Min: 0,0, Avg: 0,0, Max: 0,0, Diff: 0,0, Sum: 0,1]
      [GC Worker Total (ms): Min: 1702,9, Avg: 1708,8, Max: 1709,8, Diff: 6,8, Sum: 13670,4]
      [GC Worker End (ms): Min: 6993613,4, Avg: 6993613,4, Max: 6993613,5, Diff: 0,2]
   [Code Root Fixup: 0,0 ms]
   [Code Root Purge: 0,0 ms]
   [Clear CT: 0,1 ms]
   [Other: 9,1 ms]
      [Choose CSet: 0,0 ms]
      [Ref Proc: 8,8 ms]
      [Ref Enq: 0,0 ms]
      [Redirty Cards: 0,1 ms]
      [Humongous Register: 0,1 ms]
      [Humongous Reclaim: 0,0 ms]
      [Free CSet: 0,0 ms]
   [Eden: 44,0M(44,0M)->0,0B(44,0M) Survivors: 7168,0K->7168,0K Heap: 264,7M(1024,0M)->222,6M(1024,0M)]
 [Times: user=11,75 sys=0,00, real=2,11 secs] 
2018-03-08T10:00:19.336+0100: 7191,402: [GC pause (G1 Evacuation Pause) (young), 0,0124006 secs]
   [Parallel Time: 10,1 ms, GC Workers: 8]
      [GC Worker Start (ms): Min: 7191402,0, Avg: 7191402,1, Max: 7191402,4, Diff: 0,4]
      [Ext Root Scanning (ms): Min: 0,0, Avg: 0,8, Max: 4,3, Diff: 4,3, Sum: 6,4]
      [Update RS (ms): Min: 0,0, Avg: 2,1, Max: 4,3, Diff: 4,3, Sum: 16,4]
         [Processed Buffers: Min: 0, Avg: 7,9, Max: 15, Diff: 15, Sum: 63]
      [Scan RS (ms): Min: 0,0, Avg: 0,0, Max: 0,1, Diff: 0,1, Sum: 0,1]
      [Code Root Scanning (ms): Min: 0,0, Avg: 0,0, Max: 0,0, Diff: 0,0, Sum: 0,0]
      [Object Copy (ms): Min: 5,0, Avg: 6,5, Max: 7,5, Diff: 2,4, Sum: 52,1]
      [Termination (ms): Min: 0,0, Avg: 0,5, Max: 0,8, Diff: 0,8, Sum: 4,3]
         [Termination Attempts: Min: 1, Avg: 11,5, Max: 18, Diff: 17, Sum: 92]
      [GC Worker Other (ms): Min: 0,0, Avg: 0,0, Max: 0,0, Diff: 0,0, Sum: 0,1]
      [GC Worker Total (ms): Min: 9,7, Avg: 9,9, Max: 10,0, Diff: 0,3, Sum: 79,4]
      [GC Worker End (ms): Min: 7191412,0, Avg: 7191412,0, Max: 7191412,1, Diff: 0,1]
   [Code Root Fixup: 0,0 ms]
   [Code Root Purge: 0,0 ms]
   [Clear CT: 0,1 ms]
   [Other: 2,2 ms]
      [Choose CSet: 0,0 ms]
      [Ref Proc: 1,9 ms]
      [Ref Enq: 0,0 ms]
      [Redirty Cards: 0,1 ms]
      [Humongous Register: 0,0 ms]
      [Humongous Reclaim: 0,0 ms]
      [Free CSet: 0,0 ms]
   [Eden: 44,0M(44,0M)->0,0B(44,0M) Survivors: 7168,0K->7168,0K Heap: 266,6M(1024,0M)->225,4M(1024,0M)]
 [Times: user=0,07 sys=0,00, real=0,11 secs] 
2018-03-08T10:03:21.685+0100: 7373,751: [GC pause (G1 Evacuation Pause) (young), 0,6559684 secs]
   [Parallel Time: 335,5 ms, GC Workers: 8]
      [GC Worker Start (ms): Min: 7373934,0, Avg: 7373934,0, Max: 7373934,0, Diff: 0,1]
      [Ext Root Scanning (ms): Min: 318,3, Avg: 318,5, Max: 319,8, Diff: 1,5, Sum: 2547,8]
      [Update RS (ms): Min: 0,0, Avg: 1,3, Max: 1,6, Diff: 1,6, Sum: 10,4]
         [Processed Buffers: Min: 0, Avg: 7,6, Max: 30, Diff: 30, Sum: 61]
      [Scan RS (ms): Min: 1,1, Avg: 2,3, Max: 7,4, Diff: 6,3, Sum: 18,2]
      [Code Root Scanning (ms): Min: 0,0, Avg: 0,0, Max: 0,0, Diff: 0,0, Sum: 0,0]
      [Object Copy (ms): Min: 2,4, Avg: 7,7, Max: 12,0, Diff: 9,6, Sum: 61,2]
      [Termination (ms): Min: 0,0, Avg: 5,5, Max: 6,6, Diff: 6,6, Sum: 44,2]
         [Termination Attempts: Min: 1, Avg: 5,5, Max: 9, Diff: 8, Sum: 44]
      [GC Worker Other (ms): Min: 0,0, Avg: 0,0, Max: 0,0, Diff: 0,0, Sum: 0,1]
      [GC Worker Total (ms): Min: 335,2, Avg: 335,2, Max: 335,4, Diff: 0,2, Sum: 2681,9]
      [GC Worker End (ms): Min: 7374269,2, Avg: 7374269,2, Max: 7374269,4, Diff: 0,2]
   [Code Root Fixup: 0,0 ms]
   [Code Root Purge: 0,0 ms]
   [Clear CT: 0,1 ms]
   [Other: 320,4 ms]
      [Choose CSet: 0,0 ms]
      [Ref Proc: 136,9 ms]
      [Ref Enq: 0,0 ms]
      [Redirty Cards: 0,2 ms]
      [Humongous Register: 0,0 ms]
      [Humongous Reclaim: 0,0 ms]
      [Free CSet: 0,1 ms]
   [Eden: 44,0M(44,0M)->0,0B(45,0M) Survivors: 7168,0K->6144,0K Heap: 269,4M(1024,0M)->230,0M(1024,0M)]
 [Times: user=0,13 sys=0,00, real=1,09 secs] 
2018-03-08T10:06:44.729+0100: 7576,795: [GC pause (G1 Evacuation Pause) (young), 0,0117106 secs]
   [Parallel Time: 9,7 ms, GC Workers: 8]
      [GC Worker Start (ms): Min: 7576795,2, Avg: 7576797,5, Max: 7576804,8, Diff: 9,6]
      [Ext Root Scanning (ms): Min: 0,0, Avg: 0,3, Max: 0,6, Diff: 0,6, Sum: 2,3]
      [Update RS (ms): Min: 0,0, Avg: 2,2, Max: 3,0, Diff: 3,0, Sum: 17,3]
         [Processed Buffers: Min: 0, Avg: 9,1, Max: 29, Diff: 29, Sum: 73]
      [Scan RS (ms): Min: 0,0, Avg: 0,3, Max: 0,6, Diff: 0,6, Sum: 2,7]
      [Code Root Scanning (ms): Min: 0,0, Avg: 0,0, Max: 0,0, Diff: 0,0, Sum: 0,0]
      [Object Copy (ms): Min: 0,0, Avg: 3,4, Max: 4,6, Diff: 4,6, Sum: 26,9]
      [Termination (ms): Min: 0,0, Avg: 1,2, Max: 1,5, Diff: 1,5, Sum: 9,4]
         [Termination Attempts: Min: 1, Avg: 4,6, Max: 8, Diff: 7, Sum: 37]
      [GC Worker Other (ms): Min: 0,0, Avg: 0,0, Max: 0,0, Diff: 0,0, Sum: 0,1]
      [GC Worker Total (ms): Min: 0,0, Avg: 7,3, Max: 9,7, Diff: 9,7, Sum: 58,6]
      [GC Worker End (ms): Min: 7576804,8, Avg: 7576804,9, Max: 7576804,9, Diff: 0,1]
   [Code Root Fixup: 0,0 ms]
   [Code Root Purge: 0,0 ms]
   [Clear CT: 0,1 ms]
   [Other: 1,9 ms]
      [Choose CSet: 0,0 ms]
      [Ref Proc: 1,5 ms]
      [Ref Enq: 0,0 ms]
      [Redirty Cards: 0,1 ms]
      [Humongous Register: 0,0 ms]
      [Humongous Reclaim: 0,0 ms]
      [Free CSet: 0,0 ms]
   [Eden: 45,0M(45,0M)->0,0B(44,0M) Survivors: 6144,0K->7168,0K Heap: 275,0M(1024,0M)->231,0M(1024,0M)]
 [Times: user=0,06 sys=0,00, real=0,11 secs] 
2018-03-08T10:10:03.457+0100: 7775,523: [GC pause (G1 Evacuation Pause) (young), 2,0781563 secs]
   [Parallel Time: 270,0 ms, GC Workers: 8]
      [GC Worker Start (ms): Min: 7777258,0, Avg: 7777258,0, Max: 7777258,0, Diff: 0,1]
      [Ext Root Scanning (ms): Min: 244,3, Avg: 246,3, Max: 259,0, Diff: 14,7, Sum: 1970,1]
      [Update RS (ms): Min: 2,3, Avg: 9,4, Max: 14,5, Diff: 12,3, Sum: 75,3]
         [Processed Buffers: Min: 1, Avg: 7,1, Max: 20, Diff: 19, Sum: 57]
      [Scan RS (ms): Min: 0,0, Avg: 0,0, Max: 0,0, Diff: 0,0, Sum: 0,0]
      [Code Root Scanning (ms): Min: 0,0, Avg: 0,0, Max: 0,0, Diff: 0,0, Sum: 0,0]
      [Object Copy (ms): Min: 4,2, Avg: 10,0, Max: 12,1, Diff: 7,9, Sum: 79,9]
      [Termination (ms): Min: 0,0, Avg: 1,3, Max: 2,1, Diff: 2,1, Sum: 10,6]
         [Termination Attempts: Min: 1, Avg: 25,0, Max: 50, Diff: 49, Sum: 200]
      [GC Worker Other (ms): Min: 2,9, Avg: 3,0, Max: 3,0, Diff: 0,1, Sum: 23,7]
      [GC Worker Total (ms): Min: 269,9, Avg: 270,0, Max: 270,0, Diff: 0,1, Sum: 2159,7]
      [GC Worker End (ms): Min: 7777528,0, Avg: 7777528,0, Max: 7777528,0, Diff: 0,0]
   [Code Root Fixup: 0,0 ms]
   [Code Root Purge: 0,0 ms]
   [Clear CT: 0,1 ms]
   [Other: 1808,1 ms]
      [Choose CSet: 0,0 ms]
      [Ref Proc: 2,1 ms]
      [Ref Enq: 0,0 ms]
      [Redirty Cards: 0,1 ms]
      [Humongous Register: 1456,7 ms]
      [Humongous Reclaim: 0,0 ms]
      [Free CSet: 0,0 ms]
   [Eden: 44,0M(44,0M)->0,0B(46,0M) Survivors: 7168,0K->5120,0K Heap: 275,0M(1024,0M)->231,4M(1024,0M)]
 [Times: user=0,05 sys=0,01, real=2,45 secs] 
2018-03-08T10:13:31.523+0100: 7983,589: [GC pause (G1 Evacuation Pause) (young), 0,0278838 secs]
   [Parallel Time: 9,3 ms, GC Workers: 8]
      [GC Worker Start (ms): Min: 7983588,7, Avg: 7983590,9, Max: 7983597,7, Diff: 9,1]
      [Ext Root Scanning (ms): Min: 0,0, Avg: 0,3, Max: 0,6, Diff: 0,6, Sum: 2,1]
      [Update RS (ms): Min: 0,0, Avg: 1,9, Max: 2,6, Diff: 2,6, Sum: 15,0]
         [Processed Buffers: Min: 0, Avg: 8,9, Max: 26, Diff: 26, Sum: 71]
      [Scan RS (ms): Min: 0,0, Avg: 0,0, Max: 0,0, Diff: 0,0, Sum: 0,1]
      [Code Root Scanning (ms): Min: 0,0, Avg: 0,0, Max: 0,0, Diff: 0,0, Sum: 0,0]
      [Object Copy (ms): Min: 0,0, Avg: 3,4, Max: 4,6, Diff: 4,6, Sum: 27,2]
      [Termination (ms): Min: 0,0, Avg: 1,3, Max: 1,8, Diff: 1,8, Sum: 10,6]
         [Termination Attempts: Min: 1, Avg: 41,8, Max: 72, Diff: 71, Sum: 334]
      [GC Worker Other (ms): Min: 0,0, Avg: 0,0, Max: 0,0, Diff: 0,0, Sum: 0,1]
      [GC Worker Total (ms): Min: 0,0, Avg: 6,9, Max: 9,2, Diff: 9,2, Sum: 55,0]
      [GC Worker End (ms): Min: 7983597,7, Avg: 7983597,8, Max: 7983597,9, Diff: 0,2]
   [Code Root Fixup: 0,0 ms]
   [Code Root Purge: 0,0 ms]
   [Clear CT: 0,1 ms]
   [Other: 18,5 ms]
      [Choose CSet: 0,0 ms]
      [Ref Proc: 18,1 ms]
      [Ref Enq: 0,0 ms]
      [Redirty Cards: 0,1 ms]
      [Humongous Register: 0,0 ms]
      [Humongous Reclaim: 0,0 ms]
      [Free CSet: 0,1 ms]
   [Eden: 46,0M(46,0M)->0,0B(44,0M) Survivors: 5120,0K->7168,0K Heap: 277,4M(1024,0M)->232,9M(1024,0M)]
 [Times: user=0,16 sys=0,00, real=0,09 secs] 
2018-03-08T10:16:50.345+0100: 8182,411: [GC pause (G1 Evacuation Pause) (young), 0,3528256 secs]
   [Parallel Time: 211,5 ms, GC Workers: 8]
      [GC Worker Start (ms): Min: 8182446,8, Avg: 8182446,8, Max: 8182446,9, Diff: 0,1]
      [Ext Root Scanning (ms): Min: 0,0, Avg: 8,1, Max: 62,0, Diff: 62,0, Sum: 64,5]
      [Update RS (ms): Min: 0,0, Avg: 0,2, Max: 0,4, Diff: 0,4, Sum: 1,8]
         [Processed Buffers: Min: 0, Avg: 5,4, Max: 20, Diff: 20, Sum: 43]
      [Scan RS (ms): Min: 0,0, Avg: 0,0, Max: 0,0, Diff: 0,0, Sum: 0,1]
      [Code Root Scanning (ms): Min: 0,0, Avg: 0,0, Max: 0,0, Diff: 0,0, Sum: 0,0]
      [Object Copy (ms): Min: 0,0, Avg: 4,9, Max: 7,1, Diff: 7,1, Sum: 39,2]
      [Termination (ms): Min: 0,0, Avg: 48,3, Max: 55,4, Diff: 55,4, Sum: 386,3]
         [Termination Attempts: Min: 1, Avg: 57,8, Max: 87, Diff: 86, Sum: 462]
      [GC Worker Other (ms): Min: 149,2, Avg: 149,9, Max: 154,0, Diff: 4,8, Sum: 1198,8]
      [GC Worker Total (ms): Min: 211,3, Avg: 211,3, Max: 211,4, Diff: 0,2, Sum: 1690,6]
      [GC Worker End (ms): Min: 8182658,1, Avg: 8182658,2, Max: 8182658,3, Diff: 0,2]
   [Code Root Fixup: 0,0 ms]
   [Code Root Purge: 0,0 ms]
   [Clear CT: 0,1 ms]
   [Other: 141,2 ms]
      [Choose CSet: 0,0 ms]
      [Ref Proc: 8,6 ms]
      [Ref Enq: 0,0 ms]
      [Redirty Cards: 0,1 ms]
      [Humongous Register: 36,0 ms]
      [Humongous Reclaim: 0,0 ms]
      [Free CSet: 0,0 ms]
   [Eden: 44,0M(44,0M)->0,0B(45,0M) Survivors: 7168,0K->6144,0K Heap: 276,9M(1024,0M)->235,5M(1024,0M)]
 [Times: user=0,46 sys=0,00, real=0,48 secs] 
2018-03-08T10:20:11.672+0100: 8383,738: [GC pause (G1 Evacuation Pause) (young), 0,0132080 secs]
   [Parallel Time: 8,8 ms, GC Workers: 8]
      [GC Worker Start (ms): Min: 8383738,6, Avg: 8383741,5, Max: 8383747,3, Diff: 8,6]
      [Ext Root Scanning (ms): Min: 0,0, Avg: 0,2, Max: 1,5, Diff: 1,5, Sum: 1,5]
      [Update RS (ms): Min: 0,0, Avg: 1,3, Max: 2,2, Diff: 2,2, Sum: 10,1]
         [Processed Buffers: Min: 0, Avg: 7,0, Max: 17, Diff: 17, Sum: 56]
      [Scan RS (ms): Min: 0,0, Avg: 0,0, Max: 0,0, Diff: 0,0, Sum: 0,1]
      [Code Root Scanning (ms): Min: 0,0, Avg: 0,0, Max: 0,0, Diff: 0,0, Sum: 0,0]
      [Object Copy (ms): Min: 0,0, Avg: 3,7, Max: 4,3, Diff: 4,3, Sum: 29,4]
      [Termination (ms): Min: 0,0, Avg: 0,7, Max: 0,8, Diff: 0,8, Sum: 5,2]
         [Termination Attempts: Min: 1, Avg: 1,1, Max: 2, Diff: 1, Sum: 9]
      [GC Worker Other (ms): Min: 0,0, Avg: 0,0, Max: 0,0, Diff: 0,0, Sum: 0,1]
      [GC Worker Total (ms): Min: 0,0, Avg: 5,8, Max: 8,7, Diff: 8,6, Sum: 46,4]
      [GC Worker End (ms): Min: 8383747,3, Avg: 8383747,3, Max: 8383747,4, Diff: 0,1]
   [Code Root Fixup: 0,0 ms]
   [Code Root Purge: 0,0 ms]
   [Clear CT: 0,1 ms]
   [Other: 4,3 ms]
      [Choose CSet: 0,0 ms]
      [Ref Proc: 3,9 ms]
      [Ref Enq: 0,0 ms]
      [Redirty Cards: 0,1 ms]
      [Humongous Register: 0,0 ms]
      [Humongous Reclaim: 0,0 ms]
      [Free CSet: 0,0 ms]
   [Eden: 45,0M(45,0M)->0,0B(44,0M) Survivors: 6144,0K->7168,0K Heap: 280,5M(1024,0M)->237,3M(1024,0M)]
 [Times: user=0,07 sys=0,00, real=0,12 secs] 
2018-03-08T10:23:30.251+0100: 8582,317: [GC pause (G1 Evacuation Pause) (young), 1,0234171 secs]
   [Parallel Time: 910,7 ms, GC Workers: 8]
      [GC Worker Start (ms): Min: 8582396,6, Avg: 8582396,6, Max: 8582396,7, Diff: 0,1]
      [Ext Root Scanning (ms): Min: 65,3, Avg: 112,5, Max: 196,3, Diff: 131,0, Sum: 899,6]
      [Update RS (ms): Min: 138,6, Avg: 220,0, Max: 266,5, Diff: 128,0, Sum: 1759,9]
         [Processed Buffers: Min: 1, Avg: 6,9, Max: 19, Diff: 18, Sum: 55]
      [Scan RS (ms): Min: 0,0, Avg: 0,0, Max: 0,0, Diff: 0,0, Sum: 0,0]
      [Code Root Scanning (ms): Min: 0,0, Avg: 0,0, Max: 0,0, Diff: 0,0, Sum: 0,0]
      [Object Copy (ms): Min: 574,1, Avg: 577,6, Max: 578,8, Diff: 4,6, Sum: 4621,2]
      [Termination (ms): Min: 0,0, Avg: 0,5, Max: 0,7, Diff: 0,7, Sum: 4,2]
         [Termination Attempts: Min: 1, Avg: 1,8, Max: 3, Diff: 2, Sum: 14]
      [GC Worker Other (ms): Min: 0,0, Avg: 0,0, Max: 0,0, Diff: 0,0, Sum: 0,1]
      [GC Worker Total (ms): Min: 910,6, Avg: 910,6, Max: 910,7, Diff: 0,1, Sum: 7285,0]
      [GC Worker End (ms): Min: 8583307,3, Avg: 8583307,3, Max: 8583307,3, Diff: 0,0]
   [Code Root Fixup: 0,0 ms]
   [Code Root Purge: 0,0 ms]
   [Clear CT: 0,1 ms]
   [Other: 112,6 ms]
      [Choose CSet: 0,0 ms]
      [Ref Proc: 18,5 ms]
      [Ref Enq: 0,0 ms]
      [Redirty Cards: 0,1 ms]
      [Humongous Register: 0,1 ms]
      [Humongous Reclaim: 0,0 ms]
      [Free CSet: 0,0 ms]
   [Eden: 44,0M(44,0M)->0,0B(44,0M) Survivors: 7168,0K->7168,0K Heap: 281,3M(1024,0M)->240,2M(1024,0M)]
 [Times: user=0,15 sys=0,00, real=1,14 secs] 
2018-03-08T10:26:49.905+0100: 8781,972: [GC pause (G1 Evacuation Pause) (young), 0,4726254 secs]
   [Parallel Time: 277,3 ms, GC Workers: 8]
      [GC Worker Start (ms): Min: 8782124,2, Avg: 8782124,2, Max: 8782124,2, Diff: 0,0]
      [Ext Root Scanning (ms): Min: 183,3, Avg: 185,3, Max: 198,5, Diff: 15,1, Sum: 1482,2]
      [Update RS (ms): Min: 0,0, Avg: 1,3, Max: 1,8, Diff: 1,8, Sum: 10,6]
         [Processed Buffers: Min: 0, Avg: 7,6, Max: 26, Diff: 26, Sum: 61]
      [Scan RS (ms): Min: 0,3, Avg: 16,9, Max: 27,8, Diff: 27,4, Sum: 135,1]
      [Code Root Scanning (ms): Min: 0,0, Avg: 0,0, Max: 0,0, Diff: 0,0, Sum: 0,0]
      [Object Copy (ms): Min: 1,2, Avg: 12,0, Max: 43,5, Diff: 42,3, Sum: 96,0]
      [Termination (ms): Min: 0,0, Avg: 12,0, Max: 14,0, Diff: 14,0, Sum: 95,6]
         [Termination Attempts: Min: 1, Avg: 4,5, Max: 8, Diff: 7, Sum: 36]
      [GC Worker Other (ms): Min: 49,6, Avg: 49,6, Max: 49,7, Diff: 0,1, Sum: 396,8]
      [GC Worker Total (ms): Min: 277,0, Avg: 277,1, Max: 277,2, Diff: 0,2, Sum: 2216,5]
      [GC Worker End (ms): Min: 8782401,2, Avg: 8782401,2, Max: 8782401,4, Diff: 0,2]
   [Code Root Fixup: 0,0 ms]
   [Code Root Purge: 0,0 ms]
   [Clear CT: 0,2 ms]
   [Other: 195,2 ms]
      [Choose CSet: 0,0 ms]
      [Ref Proc: 40,9 ms]
      [Ref Enq: 0,0 ms]
      [Redirty Cards: 0,2 ms]
      [Humongous Register: 0,0 ms]
      [Humongous Reclaim: 0,0 ms]
      [Free CSet: 0,0 ms]
   [Eden: 44,0M(44,0M)->0,0B(44,0M) Survivors: 7168,0K->7168,0K Heap: 284,2M(1024,0M)->244,2M(1024,0M)]
 [Times: user=0,13 sys=0,01, real=0,54 secs] 
2018-03-08T10:30:09.312+0100: 8981,414: [GC pause (G1 Evacuation Pause) (young), 0,8057704 secs]
   [Parallel Time: 526,0 ms, GC Workers: 8]
      [GC Worker Start (ms): Min: 8981655,5, Avg: 8981655,5, Max: 8981655,5, Diff: 0,1]
      [Ext Root Scanning (ms): Min: 497,1, Avg: 497,3, Max: 497,8, Diff: 0,6, Sum: 3978,4]
      [Update RS (ms): Min: 3,4, Avg: 6,8, Max: 13,5, Diff: 10,1, Sum: 54,1]
         [Processed Buffers: Min: 1, Avg: 9,4, Max: 31, Diff: 30, Sum: 75]
      [Scan RS (ms): Min: 0,0, Avg: 0,1, Max: 0,3, Diff: 0,3, Sum: 0,7]
      [Code Root Scanning (ms): Min: 0,0, Avg: 0,0, Max: 0,0, Diff: 0,0, Sum: 0,0]
      [Object Copy (ms): Min: 0,1, Avg: 8,1, Max: 24,1, Diff: 24,0, Sum: 64,9]
      [Termination (ms): Min: 0,0, Avg: 13,2, Max: 15,9, Diff: 15,9, Sum: 105,4]
         [Termination Attempts: Min: 1, Avg: 12,0, Max: 28, Diff: 27, Sum: 96]
      [GC Worker Other (ms): Min: 0,3, Avg: 0,3, Max: 0,3, Diff: 0,1, Sum: 2,4]
      [GC Worker Total (ms): Min: 525,7, Avg: 525,7, Max: 525,9, Diff: 0,2, Sum: 4205,8]
      [GC Worker End (ms): Min: 8982181,2, Avg: 8982181,2, Max: 8982181,4, Diff: 0,2]
   [Code Root Fixup: 0,0 ms]
   [Code Root Purge: 0,0 ms]
   [Clear CT: 0,1 ms]
   [Other: 279,7 ms]
      [Choose CSet: 0,0 ms]
      [Ref Proc: 1,6 ms]
      [Ref Enq: 0,0 ms]
      [Redirty Cards: 0,1 ms]
      [Humongous Register: 8,5 ms]
      [Humongous Reclaim: 0,0 ms]
      [Free CSet: 0,0 ms]
   [Eden: 44,0M(44,0M)->0,0B(44,0M) Survivors: 7168,0K->7168,0K Heap: 288,2M(1024,0M)->249,6M(1024,0M)]
 [Times: user=0,16 sys=0,00, real=1,08 secs] 
2018-03-08T10:33:26.959+0100: 9179,025: [GC pause (G1 Evacuation Pause) (young), 0,0978055 secs]
   [Parallel Time: 88,3 ms, GC Workers: 8]
      [GC Worker Start (ms): Min: 9179025,2, Avg: 9179026,2, Max: 9179033,2, Diff: 8,0]
      [Ext Root Scanning (ms): Min: 0,0, Avg: 0,3, Max: 0,6, Diff: 0,6, Sum: 2,1]
      [Update RS (ms): Min: 0,0, Avg: 1,0, Max: 1,5, Diff: 1,5, Sum: 8,3]
         [Processed Buffers: Min: 0, Avg: 7,2, Max: 17, Diff: 17, Sum: 58]
      [Scan RS (ms): Min: 0,0, Avg: 21,9, Max: 86,2, Diff: 86,2, Sum: 175,4]
      [Code Root Scanning (ms): Min: 0,0, Avg: 0,0, Max: 0,0, Diff: 0,0, Sum: 0,0]
      [Object Copy (ms): Min: 0,0, Avg: 7,2, Max: 12,6, Diff: 12,6, Sum: 58,0]
      [Termination (ms): Min: 0,0, Avg: 56,6, Max: 75,3, Diff: 75,3, Sum: 452,6]
         [Termination Attempts: Min: 1, Avg: 1,4, Max: 4, Diff: 3, Sum: 11]
      [GC Worker Other (ms): Min: 0,0, Avg: 0,0, Max: 0,0, Diff: 0,0, Sum: 0,1]
      [GC Worker Total (ms): Min: 80,1, Avg: 87,1, Max: 88,1, Diff: 8,0, Sum: 696,5]
      [GC Worker End (ms): Min: 9179113,2, Avg: 9179113,3, Max: 9179113,5, Diff: 0,2]
   [Code Root Fixup: 0,0 ms]
   [Code Root Purge: 0,0 ms]
   [Clear CT: 0,1 ms]
   [Other: 9,4 ms]
      [Choose CSet: 0,0 ms]
      [Ref Proc: 9,0 ms]
      [Ref Enq: 0,0 ms]
      [Redirty Cards: 0,1 ms]
      [Humongous Register: 0,0 ms]
      [Humongous Reclaim: 0,0 ms]
      [Free CSet: 0,1 ms]
   [Eden: 44,0M(44,0M)->0,0B(44,0M) Survivors: 7168,0K->7168,0K Heap: 293,6M(1024,0M)->255,7M(1024,0M)]
 [Times: user=0,52 sys=0,00, real=0,20 secs] 
2018-03-08T10:36:43.688+0100: 9375,754: [GC pause (G1 Evacuation Pause) (young), 0,0630798 secs]
   [Parallel Time: 59,9 ms, GC Workers: 8]
      [GC Worker Start (ms): Min: 9375754,0, Avg: 9375762,2, Max: 9375772,5, Diff: 18,5]
      [Ext Root Scanning (ms): Min: 0,0, Avg: 0,2, Max: 0,5, Diff: 0,5, Sum: 1,8]
      [Update RS (ms): Min: 0,0, Avg: 1,9, Max: 3,8, Diff: 3,8, Sum: 14,8]
         [Processed Buffers: Min: 0, Avg: 8,5, Max: 29, Diff: 29, Sum: 68]
      [Scan RS (ms): Min: 0,0, Avg: 0,1, Max: 0,3, Diff: 0,3, Sum: 0,9]
      [Code Root Scanning (ms): Min: 0,0, Avg: 0,0, Max: 0,0, Diff: 0,0, Sum: 0,0]
      [Object Copy (ms): Min: 0,0, Avg: 11,9, Max: 55,3, Diff: 55,3, Sum: 95,5]
      [Termination (ms): Min: 0,0, Avg: 37,5, Max: 43,6, Diff: 43,6, Sum: 299,7]
         [Termination Attempts: Min: 1, Avg: 3,1, Max: 7, Diff: 6, Sum: 25]
      [GC Worker Other (ms): Min: 0,0, Avg: 0,0, Max: 0,0, Diff: 0,0, Sum: 0,1]
      [GC Worker Total (ms): Min: 41,3, Avg: 51,6, Max: 59,8, Diff: 18,6, Sum: 412,9]
      [GC Worker End (ms): Min: 9375813,7, Avg: 9375813,8, Max: 9375813,9, Diff: 0,2]
   [Code Root Fixup: 0,0 ms]
   [Code Root Purge: 0,0 ms]
   [Clear CT: 0,1 ms]
   [Other: 3,1 ms]
      [Choose CSet: 0,0 ms]
      [Ref Proc: 2,7 ms]
      [Ref Enq: 0,0 ms]
      [Redirty Cards: 0,1 ms]
      [Humongous Register: 0,0 ms]
      [Humongous Reclaim: 0,0 ms]
      [Free CSet: 0,1 ms]
   [Eden: 44,0M(44,0M)->0,0B(44,0M) Survivors: 7168,0K->7168,0K Heap: 299,7M(1024,0M)->258,6M(1024,0M)]
 [Times: user=0,24 sys=0,00, real=0,31 secs] 
2018-03-08T10:39:59.438+0100: 9571,504: [GC pause (G1 Evacuation Pause) (young), 0,0266492 secs]
   [Parallel Time: 15,9 ms, GC Workers: 8]
      [GC Worker Start (ms): Min: 9571504,3, Avg: 9571505,4, Max: 9571512,4, Diff: 8,1]
      [Ext Root Scanning (ms): Min: 0,0, Avg: 0,3, Max: 0,6, Diff: 0,6, Sum: 2,2]
      [Update RS (ms): Min: 0,0, Avg: 3,4, Max: 10,0, Diff: 10,0, Sum: 26,8]
         [Processed Buffers: Min: 0, Avg: 8,6, Max: 26, Diff: 26, Sum: 69]
      [Scan RS (ms): Min: 0,0, Avg: 0,0, Max: 0,0, Diff: 0,0, Sum: 0,0]
      [Code Root Scanning (ms): Min: 0,0, Avg: 0,0, Max: 0,0, Diff: 0,0, Sum: 0,0]
      [Object Copy (ms): Min: 1,9, Avg: 8,0, Max: 12,5, Diff: 10,6, Sum: 64,2]
      [Termination (ms): Min: 0,0, Avg: 3,0, Max: 3,6, Diff: 3,6, Sum: 24,1]
         [Termination Attempts: Min: 1, Avg: 4,4, Max: 7, Diff: 6, Sum: 35]
      [GC Worker Other (ms): Min: 0,0, Avg: 0,0, Max: 0,0, Diff: 0,0, Sum: 0,1]
      [GC Worker Total (ms): Min: 7,6, Avg: 14,7, Max: 15,9, Diff: 8,2, Sum: 117,4]
      [GC Worker End (ms): Min: 9571520,0, Avg: 9571520,0, Max: 9571520,2, Diff: 0,2]
   [Code Root Fixup: 0,0 ms]
   [Code Root Purge: 0,0 ms]
   [Clear CT: 0,1 ms]
   [Other: 10,6 ms]
      [Choose CSet: 0,0 ms]
      [Ref Proc: 10,3 ms]
      [Ref Enq: 0,0 ms]
      [Redirty Cards: 0,1 ms]
      [Humongous Register: 0,0 ms]
      [Humongous Reclaim: 0,0 ms]
      [Free CSet: 0,0 ms]
   [Eden: 44,0M(44,0M)->0,0B(44,0M) Survivors: 7168,0K->7168,0K Heap: 302,6M(1024,0M)->264,2M(1024,0M)]
 [Times: user=0,15 sys=0,00, real=0,34 secs] 
2018-03-08T10:43:15.578+0100: 9767,644: [GC pause (G1 Evacuation Pause) (young), 0,0305227 secs]
   [Parallel Time: 14,1 ms, GC Workers: 8]
      [GC Worker Start (ms): Min: 9767644,2, Avg: 9767645,4, Max: 9767653,2, Diff: 9,0]
      [Ext Root Scanning (ms): Min: 0,0, Avg: 0,3, Max: 0,6, Diff: 0,6, Sum: 2,2]
      [Update RS (ms): Min: 0,0, Avg: 3,1, Max: 9,2, Diff: 9,2, Sum: 24,4]
         [Processed Buffers: Min: 0, Avg: 8,2, Max: 17, Diff: 17, Sum: 66]
      [Scan RS (ms): Min: 0,0, Avg: 0,3, Max: 0,8, Diff: 0,8, Sum: 2,8]
      [Code Root Scanning (ms): Min: 0,0, Avg: 0,0, Max: 0,0, Diff: 0,0, Sum: 0,0]
      [Object Copy (ms): Min: 2,2, Avg: 7,6, Max: 11,4, Diff: 9,2, Sum: 60,5]
      [Termination (ms): Min: 0,0, Avg: 1,4, Max: 2,2, Diff: 2,2, Sum: 11,4]
         [Termination Attempts: Min: 1, Avg: 1,0, Max: 1, Diff: 0, Sum: 8]
      [GC Worker Other (ms): Min: 0,0, Avg: 0,0, Max: 0,0, Diff: 0,0, Sum: 0,1]
      [GC Worker Total (ms): Min: 4,9, Avg: 12,7, Max: 14,0, Diff: 9,1, Sum: 101,4]
      [GC Worker End (ms): Min: 9767658,1, Avg: 9767658,1, Max: 9767658,2, Diff: 0,1]
   [Code Root Fixup: 0,0 ms]
   [Code Root Purge: 0,0 ms]
   [Clear CT: 0,1 ms]
   [Other: 16,4 ms]
      [Choose CSet: 0,0 ms]
      [Ref Proc: 16,0 ms]
      [Ref Enq: 0,0 ms]
      [Redirty Cards: 0,1 ms]
      [Humongous Register: 0,0 ms]
      [Humongous Reclaim: 0,0 ms]
      [Free CSet: 0,0 ms]
   [Eden: 44,0M(44,0M)->0,0B(44,0M) Survivors: 7168,0K->7168,0K Heap: 308,2M(1024,0M)->268,0M(1024,0M)]
 [Times: user=0,14 sys=0,00, real=0,12 secs] 
2018-03-08T10:46:32.910+0100: 9964,976: [GC pause (G1 Evacuation Pause) (young), 0,0339230 secs]
   [Parallel Time: 24,4 ms, GC Workers: 8]
      [GC Worker Start (ms): Min: 9964976,0, Avg: 9964980,9, Max: 9964990,1, Diff: 14,1]
      [Ext Root Scanning (ms): Min: 0,0, Avg: 0,2, Max: 0,6, Diff: 0,6, Sum: 2,0]
      [Update RS (ms): Min: 0,0, Avg: 1,0, Max: 2,2, Diff: 2,2, Sum: 8,3]
         [Processed Buffers: Min: 0, Avg: 7,0, Max: 23, Diff: 23, Sum: 56]
      [Scan RS (ms): Min: 0,0, Avg: 0,0, Max: 0,1, Diff: 0,1, Sum: 0,2]
      [Code Root Scanning (ms): Min: 0,0, Avg: 0,0, Max: 0,0, Diff: 0,0, Sum: 0,0]
      [Object Copy (ms): Min: 0,0, Avg: 8,2, Max: 21,7, Diff: 21,7, Sum: 66,0]
      [Termination (ms): Min: 0,0, Avg: 9,9, Max: 11,7, Diff: 11,7, Sum: 79,4]
         [Termination Attempts: Min: 1, Avg: 7,5, Max: 13, Diff: 12, Sum: 60]
      [GC Worker Other (ms): Min: 0,0, Avg: 0,0, Max: 0,0, Diff: 0,0, Sum: 0,1]
      [GC Worker Total (ms): Min: 10,2, Avg: 19,5, Max: 24,4, Diff: 14,1, Sum: 155,8]
      [GC Worker End (ms): Min: 9965000,4, Avg: 9965000,4, Max: 9965000,4, Diff: 0,0]
   [Code Root Fixup: 0,0 ms]
   [Code Root Purge: 0,0 ms]
   [Clear CT: 0,1 ms]
   [Other: 9,4 ms]
      [Choose CSet: 0,0 ms]
      [Ref Proc: 9,0 ms]
      [Ref Enq: 0,0 ms]
      [Redirty Cards: 0,1 ms]
      [Humongous Register: 0,0 ms]
      [Humongous Reclaim: 0,0 ms]
      [Free CSet: 0,0 ms]
   [Eden: 44,0M(44,0M)->0,0B(44,0M) Survivors: 7168,0K->7168,0K Heap: 312,0M(1024,0M)->270,8M(1024,0M)]
 [Times: user=0,16 sys=0,00, real=0,23 secs] 
2018-03-08T10:49:50.079+0100: 10162,145: [GC pause (G1 Evacuation Pause) (young), 0,0272398 secs]
   [Parallel Time: 23,3 ms, GC Workers: 8]
      [GC Worker Start (ms): Min: 10162145,4, Avg: 10162149,0, Max: 10162158,4, Diff: 13,0]
      [Ext Root Scanning (ms): Min: 0,0, Avg: 0,3, Max: 0,6, Diff: 0,6, Sum: 2,1]
      [Update RS (ms): Min: 0,0, Avg: 2,2, Max: 3,6, Diff: 3,6, Sum: 17,5]
         [Processed Buffers: Min: 0, Avg: 9,2, Max: 37, Diff: 37, Sum: 74]
      [Scan RS (ms): Min: 0,0, Avg: 0,0, Max: 0,0, Diff: 0,0, Sum: 0,1]
      [Code Root Scanning (ms): Min: 0,0, Avg: 0,0, Max: 0,0, Diff: 0,0, Sum: 0,0]
      [Object Copy (ms): Min: 0,0, Avg: 8,7, Max: 19,1, Diff: 19,1, Sum: 69,4]
      [Termination (ms): Min: 0,0, Avg: 8,4, Max: 10,9, Diff: 10,9, Sum: 67,3]
         [Termination Attempts: Min: 1, Avg: 6,2, Max: 13, Diff: 12, Sum: 50]
      [GC Worker Other (ms): Min: 0,0, Avg: 0,0, Max: 0,0, Diff: 0,0, Sum: 0,1]
      [GC Worker Total (ms): Min: 10,3, Avg: 19,6, Max: 23,2, Diff: 12,9, Sum: 156,5]
      [GC Worker End (ms): Min: 10162168,5, Avg: 10162168,6, Max: 10162168,7, Diff: 0,2]
   [Code Root Fixup: 0,0 ms]
   [Code Root Purge: 0,0 ms]
   [Clear CT: 0,1 ms]
   [Other: 3,9 ms]
      [Choose CSet: 0,0 ms]
      [Ref Proc: 3,5 ms]
      [Ref Enq: 0,0 ms]
      [Redirty Cards: 0,1 ms]
      [Humongous Register: 0,1 ms]
      [Humongous Reclaim: 0,0 ms]
      [Free CSet: 0,0 ms]
   [Eden: 44,0M(44,0M)->0,0B(45,0M) Survivors: 7168,0K->6144,0K Heap: 314,8M(1024,0M)->275,2M(1024,0M)]
 [Times: user=0,12 sys=0,01, real=0,17 secs] 
2018-03-08T10:53:11.886+0100: 10363,952: [GC pause (G1 Evacuation Pause) (young), 0,0411869 secs]
   [Parallel Time: 32,4 ms, GC Workers: 8]
      [GC Worker Start (ms): Min: 10363951,8, Avg: 10363952,0, Max: 10363952,7, Diff: 0,9]
      [Ext Root Scanning (ms): Min: 0,0, Avg: 0,3, Max: 0,6, Diff: 0,6, Sum: 2,1]
      [Update RS (ms): Min: 0,0, Avg: 1,4, Max: 4,0, Diff: 4,0, Sum: 11,3]
         [Processed Buffers: Min: 0, Avg: 6,9, Max: 22, Diff: 22, Sum: 55]
      [Scan RS (ms): Min: 0,0, Avg: 4,3, Max: 30,7, Diff: 30,7, Sum: 34,5]
      [Code Root Scanning (ms): Min: 0,0, Avg: 0,0, Max: 0,0, Diff: 0,0, Sum: 0,0]
      [Object Copy (ms): Min: 0,0, Avg: 5,0, Max: 6,9, Diff: 6,9, Sum: 40,1]
      [Termination (ms): Min: 0,0, Avg: 21,0, Max: 24,3, Diff: 24,3, Sum: 168,4]
         [Termination Attempts: Min: 1, Avg: 10,6, Max: 18, Diff: 17, Sum: 85]
      [GC Worker Other (ms): Min: 0,0, Avg: 0,0, Max: 0,0, Diff: 0,0, Sum: 0,1]
      [GC Worker Total (ms): Min: 31,3, Avg: 32,1, Max: 32,3, Diff: 0,9, Sum: 256,4]
      [GC Worker End (ms): Min: 10363984,0, Avg: 10363984,0, Max: 10363984,2, Diff: 0,2]
   [Code Root Fixup: 0,0 ms]
   [Code Root Purge: 0,0 ms]
   [Clear CT: 0,1 ms]
   [Other: 8,7 ms]
      [Choose CSet: 0,0 ms]
      [Ref Proc: 8,4 ms]
      [Ref Enq: 0,0 ms]
      [Redirty Cards: 0,1 ms]
      [Humongous Register: 0,0 ms]
      [Humongous Reclaim: 0,0 ms]
      [Free CSet: 0,0 ms]
   [Eden: 45,0M(45,0M)->0,0B(44,0M) Survivors: 6144,0K->7168,0K Heap: 320,2M(1024,0M)->280,0M(1024,0M)]
 [Times: user=0,25 sys=0,00, real=0,07 secs] 
       [Processed Buffers: Min: 1, Avg: 5,0, Max: 9, Diff: 8, Sum: 40]
      [Scan RS (ms): Min: 2,0, Avg: 3,1, Max: 4,0, Diff: 2,0, Sum: 24,6]
      [Code Root Scanning (ms): Min: 0,0, Avg: 0,0, Max: 0,0, Diff: 0,0, Sum: 0,0]
      [Object Copy (ms): Min: 19,0, Avg: 19,3, Max: 19,4, Diff: 0,5, Sum: 154,6]
      [Termination (ms): Min: 0,1, Avg: 0,1, Max: 0,2, Diff: 0,2, Sum: 0,9]
         [Termination Attempts: Min: 2, Avg: 9,0, Max: 15, Diff: 13, Sum: 72]
      [GC Worker Other (ms): Min: 0,0, Avg: 0,0, Max: 0,1, Diff: 0,1, Sum: 0,3]
      [GC Worker Total (ms): Min: 25,4, Avg: 25,6, Max: 25,8, Diff: 0,4, Sum: 205,0]
      [GC Worker End (ms): Min: 5396956,7, Avg: 5396956,7, Max: 5396956,8, Diff: 0,1]
   [Code Root Fixup: 0,0 ms]
   [Code Root Purge: 0,0 ms]
   [Clear CT: 1,0 ms]
   [Other: 2,3 ms]
      [Choose CSet: 0,0 ms]
      [Ref Proc: 1,1 ms]
      [Ref Enq: 0,0 ms]
      [Redirty Cards: 0,7 ms]
      [Humongous Register: 0,1 ms]
      [Humongous Reclaim: 0,0 ms]
      [Free CSet: 0,1 ms]
   [Eden: 44,0M(44,0M)->0,0B(44,0M) Survivors: 7168,0K->7168,0K Heap: 349,2M(1024,0M)->310,6M(1024,0M)]
 [Times: user=0,20 sys=0,01, real=0,03 secs] 
2018-03-08T09:30:13.167+0100: 5473,940: [GC pause (G1 Evacuation Pause) (young), 0,0062351 secs]
   [Parallel Time: 4,8 ms, GC Workers: 8]
      [GC Worker Start (ms): Min: 5473940,5, Avg: 5473940,7, Max: 5473941,1, Diff: 0,6]
      [Ext Root Scanning (ms): Min: 0,0, Avg: 0,3, Max: 0,8, Diff: 0,8, Sum: 2,5]
      [Update RS (ms): Min: 0,0, Avg: 1,0, Max: 4,1, Diff: 4,1, Sum: 7,6]
         [Processed Buffers: Min: 0, Avg: 5,4, Max: 11, Diff: 11, Sum: 43]
      [Scan RS (ms): Min: 0,0, Avg: 0,7, Max: 1,0, Diff: 1,0, Sum: 5,6]
      [Code Root Scanning (ms): Min: 0,0, Avg: 0,0, Max: 0,0, Diff: 0,0, Sum: 0,0]
      [Object Copy (ms): Min: 0,0, Avg: 1,9, Max: 2,3, Diff: 2,2, Sum: 15,5]
      [Termination (ms): Min: 0,0, Avg: 0,5, Max: 0,7, Diff: 0,7, Sum: 4,1]
         [Termination Attempts: Min: 1, Avg: 4,4, Max: 10, Diff: 9, Sum: 35]
      [GC Worker Other (ms): Min: 0,0, Avg: 0,0, Max: 0,0, Diff: 0,0, Sum: 0,1]
      [GC Worker Total (ms): Min: 3,9, Avg: 4,4, Max: 4,6, Diff: 0,7, Sum: 35,4]
      [GC Worker End (ms): Min: 5473945,1, Avg: 5473945,1, Max: 5473945,2, Diff: 0,2]
   [Code Root Fixup: 0,0 ms]
   [Code Root Purge: 0,0 ms]
   [Clear CT: 0,1 ms]
   [Other: 1,4 ms]
      [Choose CSet: 0,0 ms]
      [Ref Proc: 1,0 ms]
      [Ref Enq: 0,0 ms]
      [Redirty Cards: 0,1 ms]
      [Humongous Register: 0,0 ms]
      [Humongous Reclaim: 0,0 ms]
      [Free CSet: 0,1 ms]
   [Eden: 44,0M(44,0M)->0,0B(67,0M) Survivors: 7168,0K->5120,0K Heap: 354,6M(1024,0M)->310,6M(1024,0M)]
 [Times: user=0,03 sys=0,00, real=0,01 secs] 
2018-03-08T09:32:04.139+0100: 5584,913: [GC pause (G1 Evacuation Pause) (young), 0,0220183 secs]
   [Parallel Time: 19,5 ms, GC Workers: 8]
      [GC Worker Start (ms): Min: 5584913,0, Avg: 5584914,1, Max: 5584920,9, Diff: 7,9]
      [Ext Root Scanning (ms): Min: 0,0, Avg: 0,9, Max: 1,4, Diff: 1,4, Sum: 7,2]
      [Update RS (ms): Min: 0,0, Avg: 2,0, Max: 3,3, Diff: 3,3, Sum: 16,2]
         [Processed Buffers: Min: 0, Avg: 5,6, Max: 14, Diff: 14, Sum: 45]
      [Scan RS (ms): Min: 0,0, Avg: 2,9, Max: 4,1, Diff: 4,0, Sum: 23,1]
      [Code Root Scanning (ms): Min: 0,0, Avg: 0,0, Max: 0,0, Diff: 0,0, Sum: 0,0]
      [Object Copy (ms): Min: 11,1, Avg: 12,0, Max: 12,2, Diff: 1,2, Sum: 96,3]
      [Termination (ms): Min: 0,0, Avg: 0,0, Max: 0,0, Diff: 0,0, Sum: 0,3]
         [Termination Attempts: Min: 1, Avg: 12,9, Max: 19, Diff: 18, Sum: 103]
      [GC Worker Other (ms): Min: 0,0, Avg: 0,0, Max: 0,1, Diff: 0,0, Sum: 0,3]
      [GC Worker Total (ms): Min: 11,2, Avg: 17,9, Max: 19,1, Diff: 7,9, Sum: 143,4]
      [GC Worker End (ms): Min: 5584932,0, Avg: 5584932,1, Max: 5584932,1, Diff: 0,0]
   [Code Root Fixup: 0,0 ms]
   [Code Root Purge: 0,0 ms]
   [Clear CT: 0,8 ms]
   [Other: 1,8 ms]
      [Choose CSet: 0,0 ms]
      [Ref Proc: 0,7 ms]
      [Ref Enq: 0,0 ms]
      [Redirty Cards: 0,4 ms]
      [Humongous Register: 0,1 ms]
      [Humongous Reclaim: 0,0 ms]
      [Free CSet: 0,1 ms]
   [Eden: 64,0M(46,0M)->0,0B(44,0M) Survivors: 5120,0K->7168,0K Heap: 374,6M(1024,0M)->313,6M(1024,0M)]
 [Times: user=0,14 sys=0,00, real=0,03 secs] 
2018-03-08T09:33:20.741+0100: 5661,514: [GC pause (G1 Evacuation Pause) (young), 0,0341405 secs]
   [Parallel Time: 30,9 ms, GC Workers: 8]
      [GC Worker Start (ms): Min: 5661514,9, Avg: 5661515,1, Max: 5661515,3, Diff: 0,4]
      [Ext Root Scanning (ms): Min: 0,9, Avg: 1,1, Max: 1,5, Diff: 0,7, Sum: 8,7]
      [Update RS (ms): Min: 1,6, Avg: 2,1, Max: 3,0, Diff: 1,3, Sum: 16,5]
         [Processed Buffers: Min: 1, Avg: 5,8, Max: 11, Diff: 10, Sum: 46]
      [Scan RS (ms): Min: 2,5, Avg: 3,5, Max: 4,0, Diff: 1,4, Sum: 27,6]
      [Code Root Scanning (ms): Min: 0,0, Avg: 0,0, Max: 0,0, Diff: 0,0, Sum: 0,0]
      [Object Copy (ms): Min: 22,4, Avg: 22,7, Max: 23,3, Diff: 0,9, Sum: 181,8]
      [Termination (ms): Min: 0,0, Avg: 0,9, Max: 1,1, Diff: 1,1, Sum: 7,6]
         [Termination Attempts: Min: 1, Avg: 18,1, Max: 26, Diff: 25, Sum: 145]
      [GC Worker Other (ms): Min: 0,0, Avg: 0,0, Max: 0,0, Diff: 0,0, Sum: 0,2]
      [GC Worker Total (ms): Min: 29,8, Avg: 30,3, Max: 30,6, Diff: 0,8, Sum: 242,3]
      [GC Worker End (ms): Min: 5661545,0, Avg: 5661545,4, Max: 5661545,5, Diff: 0,5]
   [Code Root Fixup: 0,0 ms]
   [Code Root Purge: 0,0 ms]
   [Clear CT: 0,8 ms]
   [Other: 2,4 ms]
      [Choose CSet: 0,0 ms]
      [Ref Proc: 1,0 ms]
      [Ref Enq: 0,0 ms]
      [Redirty Cards: 0,8 ms]
      [Humongous Register: 0,1 ms]
      [Humongous Reclaim: 0,0 ms]
      [Free CSet: 0,1 ms]
   [Eden: 44,0M(44,0M)->0,0B(45,0M) Survivors: 7168,0K->6144,0K Heap: 357,6M(1024,0M)->319,2M(1024,0M)]
 [Times: user=0,23 sys=0,01, real=0,03 secs] 
2018-03-08T09:34:38.246+0100: 5739,019: [GC pause (G1 Evacuation Pause) (young), 0,0077465 secs]
   [Parallel Time: 6,2 ms, GC Workers: 8]
      [GC Worker Start (ms): Min: 5739019,5, Avg: 5739019,6, Max: 5739019,8, Diff: 0,3]
      [Ext Root Scanning (ms): Min: 0,1, Avg: 0,4, Max: 0,7, Diff: 0,5, Sum: 2,9]
      [Update RS (ms): Min: 0,3, Avg: 0,8, Max: 1,2, Diff: 0,9, Sum: 6,1]
         [Processed Buffers: Min: 1, Avg: 5,4, Max: 13, Diff: 12, Sum: 43]
      [Scan RS (ms): Min: 0,5, Avg: 0,8, Max: 1,0, Diff: 0,6, Sum: 6,4]
      [Code Root Scanning (ms): Min: 0,0, Avg: 0,0, Max: 0,0, Diff: 0,0, Sum: 0,0]
      [Object Copy (ms): Min: 4,1, Avg: 4,2, Max: 4,3, Diff: 0,1, Sum: 33,3]
      [Termination (ms): Min: 0,0, Avg: 0,0, Max: 0,0, Diff: 0,0, Sum: 0,0]
         [Termination Attempts: Min: 1, Avg: 1,8, Max: 3, Diff: 2, Sum: 14]
      [GC Worker Other (ms): Min: 0,0, Avg: 0,0, Max: 0,0, Diff: 0,0, Sum: 0,1]
      [GC Worker Total (ms): Min: 5,9, Avg: 6,1, Max: 6,2, Diff: 0,3, Sum: 48,7]
      [GC Worker End (ms): Min: 5739025,7, Avg: 5739025,7, Max: 5739025,7, Diff: 0,0]
   [Code Root Fixup: 0,0 ms]
   [Code Root Purge: 0,0 ms]
   [Clear CT: 0,5 ms]
   [Other: 1,0 ms]
      [Choose CSet: 0,0 ms]
      [Ref Proc: 0,2 ms]
      [Ref Enq: 0,0 ms]
      [Redirty Cards: 0,5 ms]
      [Humongous Register: 0,0 ms]
      [Humongous Reclaim: 0,0 ms]
      [Free CSet: 0,1 ms]
   [Eden: 45,0M(45,0M)->0,0B(50,0M) Survivors: 6144,0K->7168,0K Heap: 364,2M(1024,0M)->322,5M(1024,0M)]
 [Times: user=0,05 sys=0,00, real=0,01 secs] 
2018-03-08T09:36:05.765+0100: 5826,538: [GC pause (G1 Evacuation Pause) (young), 0,0085649 secs]
   [Parallel Time: 6,4 ms, GC Workers: 8]
      [GC Worker Start (ms): Min: 5826538,2, Avg: 5826538,3, Max: 5826538,3, Diff: 0,2]
      [Ext Root Scanning (ms): Min: 0,3, Avg: 0,4, Max: 0,7, Diff: 0,4, Sum: 3,2]
      [Update RS (ms): Min: 0,4, Avg: 0,8, Max: 1,3, Diff: 0,9, Sum: 6,4]
         [Processed Buffers: Min: 1, Avg: 5,5, Max: 10, Diff: 9, Sum: 44]
      [Scan RS (ms): Min: 0,6, Avg: 1,1, Max: 1,3, Diff: 0,7, Sum: 8,6]
      [Code Root Scanning (ms): Min: 0,0, Avg: 0,0, Max: 0,0, Diff: 0,0, Sum: 0,0]
      [Object Copy (ms): Min: 4,0, Avg: 4,0, Max: 4,0, Diff: 0,1, Sum: 31,9]
      [Termination (ms): Min: 0,0, Avg: 0,0, Max: 0,0, Diff: 0,0, Sum: 0,0]
         [Termination Attempts: Min: 1, Avg: 4,2, Max: 9, Diff: 8, Sum: 34]
      [GC Worker Other (ms): Min: 0,0, Avg: 0,0, Max: 0,0, Diff: 0,0, Sum: 0,1]
      [GC Worker Total (ms): Min: 6,2, Avg: 6,3, Max: 6,4, Diff: 0,2, Sum: 50,3]
      [GC Worker End (ms): Min: 5826544,6, Avg: 5826544,6, Max: 5826544,6, Diff: 0,0]
   [Code Root Fixup: 0,0 ms]
   [Code Root Purge: 0,0 ms]
   [Clear CT: 0,2 ms]
   [Other: 1,9 ms]
      [Choose CSet: 0,0 ms]
      [Ref Proc: 1,2 ms]
      [Ref Enq: 0,0 ms]
      [Redirty Cards: 0,3 ms]
      [Humongous Register: 0,0 ms]
      [Humongous Reclaim: 0,0 ms]
      [Free CSet: 0,1 ms]
   [Eden: 50,0M(50,0M)->0,0B(114,0M) Survivors: 7168,0K->5120,0K Heap: 372,5M(1024,0M)->321,3M(1024,0M)]
 [Times: user=0,06 sys=0,00, real=0,01 secs] 
2018-03-08T09:39:25.100+0100: 6025,873: [GC pause (G1 Evacuation Pause) (young), 0,0325717 secs]
   [Parallel Time: 30,1 ms, GC Workers: 8]
      [GC Worker Start (ms): Min: 6025873,5, Avg: 6025873,7, Max: 6025873,8, Diff: 0,3]
      [Ext Root Scanning (ms): Min: 0,9, Avg: 1,0, Max: 1,5, Diff: 0,6, Sum: 8,3]
      [Update RS (ms): Min: 2,0, Avg: 2,7, Max: 3,3, Diff: 1,3, Sum: 21,9]
         [Processed Buffers: Min: 1, Avg: 5,9, Max: 14, Diff: 13, Sum: 47]
      [Scan RS (ms): Min: 2,3, Avg: 2,9, Max: 3,7, Diff: 1,4, Sum: 23,1]
      [Code Root Scanning (ms): Min: 0,0, Avg: 0,0, Max: 0,0, Diff: 0,0, Sum: 0,0]
      [Object Copy (ms): Min: 23,0, Avg: 23,2, Max: 23,3, Diff: 0,3, Sum: 185,2]
      [Termination (ms): Min: 0,0, Avg: 0,0, Max: 0,0, Diff: 0,0, Sum: 0,1]
         [Termination Attempts: Min: 2, Avg: 6,9, Max: 11, Diff: 9, Sum: 55]
      [GC Worker Other (ms): Min: 0,0, Avg: 0,0, Max: 0,1, Diff: 0,0, Sum: 0,3]
      [GC Worker Total (ms): Min: 29,7, Avg: 29,9, Max: 30,0, Diff: 0,3, Sum: 238,9]
      [GC Worker End (ms): Min: 6025903,5, Avg: 6025903,5, Max: 6025903,5, Diff: 0,0]
   [Code Root Fixup: 0,0 ms]
   [Code Root Purge: 0,0 ms]
   [Clear CT: 0,7 ms]
   [Other: 1,8 ms]
      [Choose CSet: 0,0 ms]
      [Ref Proc: 0,7 ms]
      [Ref Enq: 0,0 ms]
      [Redirty Cards: 0,3 ms]
      [Humongous Register: 0,1 ms]
      [Humongous Reclaim: 0,0 ms]
      [Free CSet: 0,1 ms]
   [Eden: 114,0M(114,0M)->0,0B(38,0M) Survivors: 5120,0K->13,0M Heap: 435,3M(1024,0M)->329,7M(1024,0M)]
 [Times: user=0,24 sys=0,00, real=0,43 secs] 
2018-03-08T09:40:37.008+0100: 6097,781: [GC pause (G1 Evacuation Pause) (young), 1,2517930 secs]
   [Parallel Time: 126,6 ms, GC Workers: 8]
      [GC Worker Start (ms): Min: 6098741,9, Avg: 6098742,0, Max: 6098742,1, Diff: 0,2]
      [Ext Root Scanning (ms): Min: 0,7, Avg: 10,9, Max: 80,4, Diff: 79,6, Sum: 87,5]
      [Update RS (ms): Min: 1,2, Avg: 5,6, Max: 7,7, Diff: 6,5, Sum: 44,8]
         [Processed Buffers: Min: 1, Avg: 5,0, Max: 10, Diff: 9, Sum: 40]
      [Scan RS (ms): Min: 2,0, Avg: 2,8, Max: 3,4, Diff: 1,4, Sum: 22,4]
      [Code Root Scanning (ms): Min: 0,0, Avg: 0,0, Max: 0,0, Diff: 0,0, Sum: 0,0]
      [Object Copy (ms): Min: 36,2, Avg: 106,9, Max: 120,8, Diff: 84,6, Sum: 855,1]
      [Termination (ms): Min: 0,0, Avg: 0,0, Max: 0,0, Diff: 0,0, Sum: 0,2]
         [Termination Attempts: Min: 8, Avg: 11,4, Max: 17, Diff: 9, Sum: 91]
      [GC Worker Other (ms): Min: 0,0, Avg: 0,0, Max: 0,0, Diff: 0,0, Sum: 0,2]
      [GC Worker Total (ms): Min: 126,2, Avg: 126,3, Max: 126,4, Diff: 0,2, Sum: 1010,3]
      [GC Worker End (ms): Min: 6098868,3, Avg: 6098868,3, Max: 6098868,3, Diff: 0,0]
   [Code Root Fixup: 0,0 ms]
   [Code Root Purge: 0,0 ms]
   [Clear CT: 0,2 ms]
   [Other: 1125,1 ms]
      [Choose CSet: 0,0 ms]
      [Ref Proc: 0,4 ms]
      [Ref Enq: 0,0 ms]
      [Redirty Cards: 0,1 ms]
      [Humongous Register: 0,1 ms]
      [Humongous Reclaim: 0,0 ms]
      [Free CSet: 0,1 ms]
   [Eden: 38,0M(38,0M)->0,0B(46,0M) Survivors: 13,0M->5120,0K Heap: 367,7M(1024,0M)->331,9M(1024,0M)]
 [Times: user=0,28 sys=0,00, real=2,87 secs] 
2018-03-08T09:41:57.860+0100: 6178,634: [GC pause (G1 Evacuation Pause) (young), 1,4180896 secs]
   [Parallel Time: 593,3 ms, GC Workers: 8]
      [GC Worker Start (ms): Min: 6179273,3, Avg: 6179273,4, Max: 6179273,4, Diff: 0,1]
      [Ext Root Scanning (ms): Min: 124,6, Avg: 131,8, Max: 153,5, Diff: 28,9, Sum: 1054,7]
      [Update RS (ms): Min: 0,0, Avg: 1,6, Max: 2,8, Diff: 2,8, Sum: 12,6]
         [Processed Buffers: Min: 0, Avg: 5,8, Max: 18, Diff: 18, Sum: 46]
      [Scan RS (ms): Min: 2,3, Avg: 19,0, Max: 28,9, Diff: 26,6, Sum: 151,9]
      [Code Root Scanning (ms): Min: 0,0, Avg: 0,0, Max: 0,0, Diff: 0,0, Sum: 0,0]
      [Object Copy (ms): Min: 8,1, Avg: 11,8, Max: 35,7, Diff: 27,6, Sum: 94,0]
      [Termination (ms): Min: 0,0, Avg: 0,4, Max: 0,4, Diff: 0,4, Sum: 2,9]
         [Termination Attempts: Min: 1, Avg: 2,4, Max: 5, Diff: 4, Sum: 19]
      [GC Worker Other (ms): Min: 428,6, Avg: 428,7, Max: 428,8, Diff: 0,2, Sum: 3429,3]
      [GC Worker Total (ms): Min: 593,1, Avg: 593,2, Max: 593,3, Diff: 0,2, Sum: 4745,4]
      [GC Worker End (ms): Min: 6179866,5, Avg: 6179866,5, Max: 6179866,6, Diff: 0,1]
   [Code Root Fixup: 0,0 ms]
   [Code Root Purge: 0,0 ms]
   [Clear CT: 63,3 ms]
   [Other: 761,5 ms]
      [Choose CSet: 0,0 ms]
      [Ref Proc: 120,3 ms]
      [Ref Enq: 0,0 ms]
      [Redirty Cards: 0,8 ms]
      [Humongous Register: 104,9 ms]
      [Humongous Reclaim: 0,1 ms]
      [Free CSet: 0,2 ms]
   [Eden: 46,0M(46,0M)->0,0B(44,0M) Survivors: 5120,0K->7168,0K Heap: 377,9M(1024,0M)->335,5M(1024,0M)]
 [Times: user=0,12 sys=0,00, real=1,98 secs] 
2018-03-08T09:43:08.677+0100: 6249,450: [GC pause (G1 Evacuation Pause) (young), 3,3518844 secs]
   [Parallel Time: 1936,3 ms, GC Workers: 8]
      [GC Worker Start (ms): Min: 6250814,1, Avg: 6250814,2, Max: 6250814,4, Diff: 0,3]
      [Ext Root Scanning (ms): Min: 863,1, Avg: 972,6, Max: 1246,4, Diff: 383,2, Sum: 7780,7]
      [Update RS (ms): Min: 280,6, Avg: 368,3, Max: 395,7, Diff: 115,1, Sum: 2946,3]
         [Processed Buffers: Min: 0, Avg: 5,2, Max: 17, Diff: 17, Sum: 42]
      [Scan RS (ms): Min: 0,0, Avg: 1,8, Max: 3,1, Diff: 3,1, Sum: 14,7]
      [Code Root Scanning (ms): Min: 0,0, Avg: 0,0, Max: 0,1, Diff: 0,1, Sum: 0,1]
      [Object Copy (ms): Min: 15,6, Avg: 198,2, Max: 295,8, Diff: 280,2, Sum: 1585,3]
      [Termination (ms): Min: 0,0, Avg: 7,5, Max: 8,6, Diff: 8,6, Sum: 59,8]
         [Termination Attempts: Min: 1, Avg: 2,5, Max: 4, Diff: 3, Sum: 20]
      [GC Worker Other (ms): Min: 387,4, Avg: 387,5, Max: 387,7, Diff: 0,3, Sum: 3100,3]
      [GC Worker Total (ms): Min: 1935,8, Avg: 1935,9, Max: 1936,1, Diff: 0,3, Sum: 15487,4]
      [GC Worker End (ms): Min: 6252750,1, Avg: 6252750,2, Max: 6252750,3, Diff: 0,1]
   [Code Root Fixup: 0,0 ms]
   [Code Root Purge: 0,0 ms]
   [Clear CT: 0,4 ms]
   [Other: 1415,2 ms]
      [Choose CSet: 0,0 ms]
      [Ref Proc: 41,7 ms]
      [Ref Enq: 0,0 ms]
      [Redirty Cards: 0,5 ms]
      [Humongous Register: 322,2 ms]
      [Humongous Reclaim: 0,0 ms]
      [Free CSet: 0,1 ms]
   [Eden: 44,0M(44,0M)->0,0B(44,0M) Survivors: 7168,0K->7168,0K Heap: 379,5M(1024,0M)->337,2M(1024,0M)]
 [Times: user=0,21 sys=0,00, real=5,56 secs] 
2018-03-08T09:43:38.559+0100: 6279,332: [GC pause (G1 Evacuation Pause) (young), 0,0065020 secs]
   [Parallel Time: 5,7 ms, GC Workers: 8]
      [GC Worker Start (ms): Min: 6279332,2, Avg: 6279332,3, Max: 6279332,4, Diff: 0,2]
      [Ext Root Scanning (ms): Min: 0,2, Avg: 0,3, Max: 0,7, Diff: 0,5, Sum: 2,8]
      [Update RS (ms): Min: 0,1, Avg: 0,5, Max: 0,7, Diff: 0,6, Sum: 3,9]
         [Processed Buffers: Min: 2, Avg: 5,8, Max: 11, Diff: 9, Sum: 46]
      [Scan RS (ms): Min: 0,6, Avg: 0,8, Max: 0,9, Diff: 0,3, Sum: 6,5]
      [Code Root Scanning (ms): Min: 0,0, Avg: 0,0, Max: 0,1, Diff: 0,1, Sum: 0,1]
      [Object Copy (ms): Min: 3,5, Avg: 3,5, Max: 3,6, Diff: 0,1, Sum: 28,4]
      [Termination (ms): Min: 0,0, Avg: 0,0, Max: 0,0, Diff: 0,0, Sum: 0,0]
         [Termination Attempts: Min: 1, Avg: 1,0, Max: 1, Diff: 0, Sum: 8]
      [GC Worker Other (ms): Min: 0,0, Avg: 0,0, Max: 0,0, Diff: 0,0, Sum: 0,2]
      [GC Worker Total (ms): Min: 5,2, Avg: 5,2, Max: 5,3, Diff: 0,2, Sum: 41,8]
      [GC Worker End (ms): Min: 6279337,5, Avg: 6279337,5, Max: 6279337,5, Diff: 0,0]
   [Code Root Fixup: 0,0 ms]
   [Code Root Purge: 0,0 ms]
   [Clear CT: 0,3 ms]
   [Other: 0,5 ms]
      [Choose CSet: 0,0 ms]
      [Ref Proc: 0,2 ms]
      [Ref Enq: 0,0 ms]
      [Redirty Cards: 0,1 ms]
      [Humongous Register: 0,0 ms]
      [Humongous Reclaim: 0,0 ms]
      [Free CSet: 0,0 ms]
   [Eden: 44,0M(44,0M)->0,0B(44,0M) Survivors: 7168,0K->7168,0K Heap: 381,2M(1024,0M)->340,1M(1024,0M)]
 [Times: user=0,04 sys=0,00, real=0,12 secs] 
2018-03-08T09:43:39.129+0100: 6279,903: [GC pause (G1 Evacuation Pause) (young), 0,0055235 secs]
   [Parallel Time: 4,2 ms, GC Workers: 8]
      [GC Worker Start (ms): Min: 6279902,8, Avg: 6279903,3, Max: 6279906,8, Diff: 4,0]
      [Ext Root Scanning (ms): Min: 0,0, Avg: 0,3, Max: 0,7, Diff: 0,7, Sum: 2,3]
      [Update RS (ms): Min: 0,0, Avg: 0,3, Max: 0,5, Diff: 0,5, Sum: 2,5]
         [Processed Buffers: Min: 0, Avg: 2,5, Max: 8, Diff: 8, Sum: 20]
      [Scan RS (ms): Min: 0,0, Avg: 0,6, Max: 0,7, Diff: 0,7, Sum: 4,5]
      [Code Root Scanning (ms): Min: 0,0, Avg: 0,0, Max: 0,0, Diff: 0,0, Sum: 0,1]
      [Object Copy (ms): Min: 0,0, Avg: 1,9, Max: 2,2, Diff: 2,2, Sum: 14,8]
      [Termination (ms): Min: 0,0, Avg: 0,5, Max: 0,5, Diff: 0,5, Sum: 3,7]
         [Termination Attempts: Min: 1, Avg: 1,4, Max: 3, Diff: 2, Sum: 11]
      [GC Worker Other (ms): Min: 0,0, Avg: 0,0, Max: 0,0, Diff: 0,0, Sum: 0,1]
      [GC Worker Total (ms): Min: 0,0, Avg: 3,5, Max: 4,1, Diff: 4,1, Sum: 28,0]
      [GC Worker End (ms): Min: 6279906,8, Avg: 6279906,8, Max: 6279906,9, Diff: 0,0]
   [Code Root Fixup: 0,0 ms]
   [Code Root Purge: 0,0 ms]
   [Clear CT: 0,2 ms]
   [Other: 1,2 ms]
      [Choose CSet: 0,0 ms]
      [Ref Proc: 0,9 ms]
      [Ref Enq: 0,0 ms]
      [Redirty Cards: 0,2 ms]
      [Humongous Register: 0,0 ms]
      [Humongous Reclaim: 0,0 ms]
      [Free CSet: 0,0 ms]
   [Eden: 44,0M(44,0M)->0,0B(47,0M) Survivors: 7168,0K->4096,0K Heap: 384,1M(1024,0M)->341,3M(1024,0M)]
 [Times: user=0,04 sys=0,00, real=0,00 secs] 
2018-03-08T09:43:39.495+0100: 6280,268: [GC pause (G1 Evacuation Pause) (young), 0,0055794 secs]
   [Parallel Time: 4,3 ms, GC Workers: 8]
      [GC Worker Start (ms): Min: 6280268,1, Avg: 6280268,5, Max: 6280268,8, Diff: 0,6]
      [Ext Root Scanning (ms): Min: 0,0, Avg: 0,2, Max: 0,6, Diff: 0,6, Sum: 1,9]
      [Update RS (ms): Min: 0,5, Avg: 1,1, Max: 3,5, Diff: 2,9, Sum: 8,5]
         [Processed Buffers: Min: 0, Avg: 2,0, Max: 9, Diff: 9, Sum: 16]
      [Scan RS (ms): Min: 0,0, Avg: 0,5, Max: 0,8, Diff: 0,8, Sum: 3,7]
      [Code Root Scanning (ms): Min: 0,0, Avg: 0,0, Max: 0,1, Diff: 0,1, Sum: 0,1]
      [Object Copy (ms): Min: 0,0, Avg: 1,5, Max: 1,7, Diff: 1,7, Sum: 11,8]
      [Termination (ms): Min: 0,0, Avg: 0,5, Max: 0,7, Diff: 0,7, Sum: 4,2]
         [Termination Attempts: Min: 1, Avg: 9,1, Max: 17, Diff: 16, Sum: 73]
      [GC Worker Other (ms): Min: 0,0, Avg: 0,0, Max: 0,0, Diff: 0,0, Sum: 0,0]
      [GC Worker Total (ms): Min: 3,4, Avg: 3,8, Max: 4,2, Diff: 0,8, Sum: 30,2]
      [GC Worker End (ms): Min: 6280272,2, Avg: 6280272,2, Max: 6280272,3, Diff: 0,1]
   [Code Root Fixup: 0,0 ms]
   [Code Root Purge: 0,0 ms]
   [Clear CT: 0,1 ms]
   [Other: 1,2 ms]
      [Choose CSet: 0,0 ms]
      [Ref Proc: 1,0 ms]
      [Ref Enq: 0,0 ms]
      [Redirty Cards: 0,1 ms]
      [Humongous Register: 0,0 ms]
      [Humongous Reclaim: 0,0 ms]
      [Free CSet: 0,0 ms]
   [Eden: 47,0M(47,0M)->0,0B(47,0M) Survivors: 4096,0K->4096,0K Heap: 388,3M(1024,0M)->340,7M(1024,0M)]
 [Times: user=0,04 sys=0,00, real=0,18 secs] 
2018-03-08T09:43:40.016+0100: 6280,789: [GC pause (G1 Evacuation Pause) (young), 0,0056495 secs]
   [Parallel Time: 3,9 ms, GC Workers: 8]
      [GC Worker Start (ms): Min: 6280789,3, Avg: 6280789,3, Max: 6280789,5, Diff: 0,2]
      [Ext Root Scanning (ms): Min: 0,1, Avg: 0,3, Max: 0,7, Diff: 0,6, Sum: 2,6]
      [Update RS (ms): Min: 0,0, Avg: 0,5, Max: 1,3, Diff: 1,3, Sum: 4,1]
         [Processed Buffers: Min: 0, Avg: 2,1, Max: 5, Diff: 5, Sum: 17]
      [Scan RS (ms): Min: 0,0, Avg: 0,4, Max: 0,6, Diff: 0,6, Sum: 3,5]
      [Code Root Scanning (ms): Min: 0,0, Avg: 0,0, Max: 0,0, Diff: 0,0, Sum: 0,1]
      [Object Copy (ms): Min: 1,9, Avg: 2,3, Max: 2,3, Diff: 0,4, Sum: 18,1]
      [Termination (ms): Min: 0,0, Avg: 0,1, Max: 0,2, Diff: 0,2, Sum: 1,2]
         [Termination Attempts: Min: 1, Avg: 1,4, Max: 2, Diff: 1, Sum: 11]
      [GC Worker Other (ms): Min: 0,0, Avg: 0,0, Max: 0,0, Diff: 0,0, Sum: 0,1]
      [GC Worker Total (ms): Min: 3,5, Avg: 3,7, Max: 3,7, Diff: 0,2, Sum: 29,7]
      [GC Worker End (ms): Min: 6280793,0, Avg: 6280793,1, Max: 6280793,1, Diff: 0,0]
   [Code Root Fixup: 0,0 ms]
   [Code Root Purge: 0,0 ms]
   [Clear CT: 0,2 ms]
   [Other: 1,6 ms]
      [Choose CSet: 0,0 ms]
      [Ref Proc: 1,3 ms]
      [Ref Enq: 0,0 ms]
      [Redirty Cards: 0,1 ms]
      [Humongous Register: 0,0 ms]
      [Humongous Reclaim: 0,0 ms]
      [Free CSet: 0,0 ms]
   [Eden: 47,0M(47,0M)->0,0B(46,0M) Survivors: 4096,0K->5120,0K Heap: 387,7M(1024,0M)->341,9M(1024,0M)]
 [Times: user=0,04 sys=0,01, real=0,01 secs] 
2018-03-08T09:43:40.472+0100: 6281,246: [GC pause (G1 Evacuation Pause) (young), 0,0047384 secs]
   [Parallel Time: 3,6 ms, GC Workers: 8]
      [GC Worker Start (ms): Min: 6281245,7, Avg: 6281246,2, Max: 6281249,2, Diff: 3,5]
      [Ext Root Scanning (ms): Min: 0,0, Avg: 0,3, Max: 0,7, Diff: 0,7, Sum: 2,5]
      [Update RS (ms): Min: 0,0, Avg: 0,3, Max: 0,5, Diff: 0,5, Sum: 2,7]
         [Processed Buffers: Min: 0, Avg: 2,5, Max: 5, Diff: 5, Sum: 20]
      [Scan RS (ms): Min: 0,0, Avg: 0,4, Max: 0,5, Diff: 0,5, Sum: 3,4]
      [Code Root Scanning (ms): Min: 0,0, Avg: 0,0, Max: 0,1, Diff: 0,1, Sum: 0,1]
      [Object Copy (ms): Min: 0,0, Avg: 1,9, Max: 2,2, Diff: 2,2, Sum: 15,0]
      [Termination (ms): Min: 0,0, Avg: 0,2, Max: 0,2, Diff: 0,2, Sum: 1,2]
         [Termination Attempts: Min: 1, Avg: 1,1, Max: 2, Diff: 1, Sum: 9]
      [GC Worker Other (ms): Min: 0,0, Avg: 0,0, Max: 0,0, Diff: 0,0, Sum: 0,1]
      [GC Worker Total (ms): Min: 0,0, Avg: 3,1, Max: 3,6, Diff: 3,6, Sum: 24,9]
      [GC Worker End (ms): Min: 6281249,2, Avg: 6281249,3, Max: 6281249,3, Diff: 0,1]
   [Code Root Fixup: 0,0 ms]
   [Code Root Purge: 0,0 ms]
   [Clear CT: 0,1 ms]
   [Other: 1,0 ms]
      [Choose CSet: 0,0 ms]
      [Ref Proc: 0,8 ms]
      [Ref Enq: 0,0 ms]
      [Redirty Cards: 0,1 ms]
      [Humongous Register: 0,0 ms]
      [Humongous Reclaim: 0,0 ms]
      [Free CSet: 0,0 ms]
   [Eden: 46,0M(46,0M)->0,0B(47,0M) Survivors: 5120,0K->4096,0K Heap: 387,9M(1024,0M)->342,6M(1024,0M)]
 [Times: user=0,03 sys=0,00, real=0,03 secs] 
2018-03-08T09:43:40.947+0100: 6281,720: [GC pause (G1 Evacuation Pause) (young), 0,0089221 secs]
   [Parallel Time: 3,4 ms, GC Workers: 8]
      [GC Worker Start (ms): Min: 6281720,2, Avg: 6281720,3, Max: 6281720,5, Diff: 0,4]
      [Ext Root Scanning (ms): Min: 0,0, Avg: 0,3, Max: 0,7, Diff: 0,7, Sum: 2,6]
      [Update RS (ms): Min: 0,2, Avg: 0,8, Max: 2,9, Diff: 2,7, Sum: 6,1]
         [Processed Buffers: Min: 0, Avg: 3,2, Max: 6, Diff: 6, Sum: 26]
      [Scan RS (ms): Min: 0,0, Avg: 0,5, Max: 0,6, Diff: 0,6, Sum: 3,7]
      [Code Root Scanning (ms): Min: 0,0, Avg: 0,0, Max: 0,0, Diff: 0,0, Sum: 0,0]
      [Object Copy (ms): Min: 0,0, Avg: 1,2, Max: 1,4, Diff: 1,4, Sum: 9,5]
      [Termination (ms): Min: 0,0, Avg: 0,5, Max: 0,6, Diff: 0,6, Sum: 4,0]
         [Termination Attempts: Min: 1, Avg: 2,0, Max: 5, Diff: 4, Sum: 16]
      [GC Worker Other (ms): Min: 0,0, Avg: 0,0, Max: 0,0, Diff: 0,0, Sum: 0,1]
      [GC Worker Total (ms): Min: 2,9, Avg: 3,2, Max: 3,3, Diff: 0,4, Sum: 26,0]
      [GC Worker End (ms): Min: 6281723,5, Avg: 6281723,5, Max: 6281723,5, Diff: 0,0]
   [Code Root Fixup: 0,0 ms]
   [Code Root Purge: 0,0 ms]
   [Clear CT: 0,1 ms]
   [Other: 5,5 ms]
      [Choose CSet: 0,0 ms]
      [Ref Proc: 5,2 ms]
      [Ref Enq: 0,0 ms]
      [Redirty Cards: 0,0 ms]
      [Humongous Register: 0,0 ms]
      [Humongous Reclaim: 0,0 ms]
      [Free CSet: 0,0 ms]
   [Eden: 47,0M(47,0M)->0,0B(47,0M) Survivors: 4096,0K->4096,0K Heap: 389,6M(1024,0M)->343,0M(1024,0M)]
 [Times: user=0,06 sys=0,00, real=0,01 secs] 
2018-03-08T09:43:41.390+0100: 6282,163: [GC pause (G1 Evacuation Pause) (young), 0,0342859 secs]
   [Parallel Time: 32,4 ms, GC Workers: 8]
      [GC Worker Start (ms): Min: 6282163,2, Avg: 6282168,5, Max: 6282195,4, Diff: 32,2]
      [Ext Root Scanning (ms): Min: 0,0, Avg: 0,3, Max: 0,6, Diff: 0,6, Sum: 2,1]
      [Update RS (ms): Min: 0,0, Avg: 0,3, Max: 0,5, Diff: 0,5, Sum: 2,4]
         [Processed Buffers: Min: 0, Avg: 2,9, Max: 10, Diff: 10, Sum: 23]
      [Scan RS (ms): Min: 0,0, Avg: 0,3, Max: 0,5, Diff: 0,5, Sum: 2,2]
      [Code Root Scanning (ms): Min: 0,0, Avg: 0,0, Max: 0,0, Diff: 0,0, Sum: 0,0]
      [Object Copy (ms): Min: 0,0, Avg: 1,0, Max: 1,5, Diff: 1,5, Sum: 7,6]
      [Termination (ms): Min: 0,0, Avg: 25,1, Max: 29,5, Diff: 29,5, Sum: 201,1]
         [Termination Attempts: Min: 1, Avg: 1,4, Max: 2, Diff: 1, Sum: 11]
      [GC Worker Other (ms): Min: 0,0, Avg: 0,0, Max: 0,0, Diff: 0,0, Sum: 0,0]
      [GC Worker Total (ms): Min: 0,0, Avg: 26,9, Max: 32,4, Diff: 32,3, Sum: 215,5]
      [GC Worker End (ms): Min: 6282195,4, Avg: 6282195,4, Max: 6282195,5, Diff: 0,1]
   [Code Root Fixup: 0,0 ms]
   [Code Root Purge: 0,0 ms]
   [Clear CT: 0,1 ms]
   [Other: 1,8 ms]
      [Choose CSet: 0,0 ms]
      [Ref Proc: 1,6 ms]
      [Ref Enq: 0,0 ms]
      [Redirty Cards: 0,1 ms]
      [Humongous Register: 0,0 ms]
      [Humongous Reclaim: 0,0 ms]
      [Free CSet: 0,0 ms]
   [Eden: 47,0M(47,0M)->0,0B(48,0M) Survivors: 4096,0K->3072,0K Heap: 390,0M(1024,0M)->341,6M(1024,0M)]
 [Times: user=0,17 sys=0,00, real=0,03 secs] 
2018-03-08T09:43:41.868+0100: 6282,641: [GC pause (G1 Evacuation Pause) (young), 0,0091404 secs]
   [Parallel Time: 6,2 ms, GC Workers: 8]
      [GC Worker Start (ms): Min: 6282641,2, Avg: 6282642,7, Max: 6282647,3, Diff: 6,1]
      [Ext Root Scanning (ms): Min: 0,0, Avg: 0,3, Max: 0,6, Diff: 0,6, Sum: 2,3]
      [Update RS (ms): Min: 0,0, Avg: 0,5, Max: 0,7, Diff: 0,7, Sum: 3,7]
         [Processed Buffers: Min: 0, Avg: 2,6, Max: 13, Diff: 13, Sum: 21]
      [Scan RS (ms): Min: 0,0, Avg: 0,2, Max: 0,3, Diff: 0,3, Sum: 1,3]
      [Code Root Scanning (ms): Min: 0,0, Avg: 0,0, Max: 0,0, Diff: 0,0, Sum: 0,0]
      [Object Copy (ms): Min: 0,0, Avg: 1,0, Max: 1,4, Diff: 1,4, Sum: 8,1]
      [Termination (ms): Min: 0,0, Avg: 2,7, Max: 3,6, Diff: 3,6, Sum: 21,5]
         [Termination Attempts: Min: 1, Avg: 1,0, Max: 1, Diff: 0, Sum: 8]
      [GC Worker Other (ms): Min: 0,0, Avg: 0,0, Max: 0,0, Diff: 0,0, Sum: 0,0]
      [GC Worker Total (ms): Min: 0,0, Avg: 4,6, Max: 6,2, Diff: 6,1, Sum: 36,8]
      [GC Worker End (ms): Min: 6282647,3, Avg: 6282647,3, Max: 6282647,3, Diff: 0,0]
   [Code Root Fixup: 0,0 ms]
   [Code Root Purge: 0,0 ms]
   [Clear CT: 0,0 ms]
   [Other: 2,9 ms]
      [Choose CSet: 0,0 ms]
      [Ref Proc: 2,7 ms]
      [Ref Enq: 0,0 ms]
      [Redirty Cards: 0,0 ms]
      [Humongous Register: 0,0 ms]
      [Humongous Reclaim: 0,0 ms]
      [Free CSet: 0,0 ms]
   [Eden: 48,0M(48,0M)->0,0B(48,0M) Survivors: 3072,0K->3072,0K Heap: 389,6M(1024,0M)->342,0M(1024,0M)]
 [Times: user=0,05 sys=0,00, real=0,00 secs] 
2018-03-08T09:43:42.322+0100: 6283,095: [GC pause (G1 Evacuation Pause) (young), 0,0093351 secs]
   [Parallel Time: 3,1 ms, GC Workers: 8]
      [GC Worker Start (ms): Min: 6283095,3, Avg: 6283095,7, Max: 6283098,4, Diff: 3,0]
      [Ext Root Scanning (ms): Min: 0,0, Avg: 0,3, Max: 0,8, Diff: 0,8, Sum: 2,6]
      [Update RS (ms): Min: 0,0, Avg: 0,5, Max: 0,7, Diff: 0,7, Sum: 3,8]
         [Processed Buffers: Min: 0, Avg: 3,1, Max: 11, Diff: 11, Sum: 25]
      [Scan RS (ms): Min: 0,0, Avg: 0,2, Max: 0,4, Diff: 0,4, Sum: 1,6]
      [Code Root Scanning (ms): Min: 0,0, Avg: 0,0, Max: 0,0, Diff: 0,0, Sum: 0,0]
      [Object Copy (ms): Min: 0,0, Avg: 1,2, Max: 1,4, Diff: 1,4, Sum: 9,4]
      [Termination (ms): Min: 0,0, Avg: 0,5, Max: 0,5, Diff: 0,5, Sum: 3,7]
         [Termination Attempts: Min: 1, Avg: 2,6, Max: 5, Diff: 4, Sum: 21]
      [GC Worker Other (ms): Min: 0,0, Avg: 0,0, Max: 0,0, Diff: 0,0, Sum: 0,0]
      [GC Worker Total (ms): Min: 0,0, Avg: 2,6, Max: 3,1, Diff: 3,1, Sum: 21,2]
      [GC Worker End (ms): Min: 6283098,4, Avg: 6283098,4, Max: 6283098,4, Diff: 0,0]
   [Code Root Fixup: 0,0 ms]
   [Code Root Purge: 0,0 ms]
   [Clear CT: 0,1 ms]
   [Other: 6,1 ms]
      [Choose CSet: 0,0 ms]
      [Ref Proc: 5,9 ms]
      [Ref Enq: 0,0 ms]
      [Redirty Cards: 0,1 ms]
      [Humongous Register: 0,0 ms]
      [Humongous Reclaim: 0,0 ms]
      [Free CSet: 0,0 ms]
   [Eden: 48,0M(48,0M)->0,0B(47,0M) Survivors: 3072,0K->4096,0K Heap: 390,0M(1024,0M)->342,6M(1024,0M)]
 [Times: user=0,06 sys=0,00, real=0,25 secs] 
2018-03-08T09:43:43.005+0100: 6283,779: [GC pause (G1 Evacuation Pause) (young), 0,0040365 secs]
   [Parallel Time: 3,1 ms, GC Workers: 8]
      [GC Worker Start (ms): Min: 6283778,9, Avg: 6283779,3, Max: 6283781,9, Diff: 3,0]
      [Ext Root Scanning (ms): Min: 0,0, Avg: 0,3, Max: 0,7, Diff: 0,7, Sum: 2,4]
      [Update RS (ms): Min: 0,0, Avg: 0,5, Max: 0,7, Diff: 0,7, Sum: 3,9]
         [Processed Buffers: Min: 0, Avg: 3,6, Max: 11, Diff: 11, Sum: 29]
      [Scan RS (ms): Min: 0,0, Avg: 0,2, Max: 0,3, Diff: 0,3, Sum: 1,6]
      [Code Root Scanning (ms): Min: 0,0, Avg: 0,0, Max: 0,0, Diff: 0,0, Sum: 0,0]
      [Object Copy (ms): Min: 0,0, Avg: 1,2, Max: 1,4, Diff: 1,4, Sum: 9,4]
      [Termination (ms): Min: 0,0, Avg: 0,5, Max: 0,5, Diff: 0,5, Sum: 3,8]
         [Termination Attempts: Min: 1, Avg: 1,4, Max: 2, Diff: 1, Sum: 11]
      [GC Worker Other (ms): Min: 0,0, Avg: 0,0, Max: 0,0, Diff: 0,0, Sum: 0,0]
      [GC Worker Total (ms): Min: 0,0, Avg: 2,6, Max: 3,1, Diff: 3,1, Sum: 21,2]
      [GC Worker End (ms): Min: 6283781,9, Avg: 6283781,9, Max: 6283781,9, Diff: 0,0]
   [Code Root Fixup: 0,0 ms]
   [Code Root Purge: 0,0 ms]
   [Clear CT: 0,1 ms]
   [Other: 0,9 ms]
      [Choose CSet: 0,0 ms]
      [Ref Proc: 0,6 ms]
      [Ref Enq: 0,0 ms]
      [Redirty Cards: 0,0 ms]
      [Humongous Register: 0,0 ms]
      [Humongous Reclaim: 0,0 ms]
      [Free CSet: 0,0 ms]
   [Eden: 47,0M(47,0M)->0,0B(48,0M) Survivors: 4096,0K->3072,0K Heap: 389,6M(1024,0M)->341,6M(1024,0M)]
 [Times: user=0,03 sys=0,00, real=0,01 secs] 
2018-03-08T09:43:43.449+0100: 6284,222: [GC pause (G1 Evacuation Pause) (young), 0,0160843 secs]
   [Parallel Time: 14,6 ms, GC Workers: 8]
      [GC Worker Start (ms): Min: 6284222,4, Avg: 6284224,6, Max: 6284236,4, Diff: 14,0]
      [Ext Root Scanning (ms): Min: 0,0, Avg: 0,3, Max: 0,7, Diff: 0,7, Sum: 2,2]
      [Update RS (ms): Min: 0,0, Avg: 0,7, Max: 1,1, Diff: 1,1, Sum: 5,4]
         [Processed Buffers: Min: 0, Avg: 3,4, Max: 13, Diff: 13, Sum: 27]
      [Scan RS (ms): Min: 0,0, Avg: 0,0, Max: 0,1, Diff: 0,1, Sum: 0,2]
      [Code Root Scanning (ms): Min: 0,0, Avg: 0,0, Max: 0,0, Diff: 0,0, Sum: 0,0]
      [Object Copy (ms): Min: 0,0, Avg: 1,1, Max: 1,6, Diff: 1,6, Sum: 9,0]
      [Termination (ms): Min: 0,0, Avg: 9,8, Max: 11,3, Diff: 11,3, Sum: 78,7]
         [Termination Attempts: Min: 1, Avg: 1,2, Max: 2, Diff: 1, Sum: 10]
      [GC Worker Other (ms): Min: 0,0, Avg: 0,0, Max: 0,0, Diff: 0,0, Sum: 0,0]
      [GC Worker Total (ms): Min: 0,0, Avg: 11,9, Max: 14,1, Diff: 14,1, Sum: 95,5]
      [GC Worker End (ms): Min: 6284236,4, Avg: 6284236,5, Max: 6284237,0, Diff: 0,6]
   [Code Root Fixup: 0,0 ms]
   [Code Root Purge: 0,0 ms]
   [Clear CT: 0,1 ms]
   [Other: 1,4 ms]
      [Choose CSet: 0,0 ms]
      [Ref Proc: 1,1 ms]
      [Ref Enq: 0,0 ms]
      [Redirty Cards: 0,1 ms]
      [Humongous Register: 0,0 ms]
      [Humongous Reclaim: 0,0 ms]
      [Free CSet: 0,0 ms]
   [Eden: 48,0M(48,0M)->0,0B(47,0M) Survivors: 3072,0K->4096,0K Heap: 389,6M(1024,0M)->342,6M(1024,0M)]
 [Times: user=0,08 sys=0,01, real=0,01 secs] 
2018-03-08T09:43:43.981+0100: 6284,755: [GC pause (G1 Evacuation Pause) (young), 0,0076530 secs]
   [Parallel Time: 3,2 ms, GC Workers: 8]
      [GC Worker Start (ms): Min: 6284754,8, Avg: 6284755,2, Max: 6284757,9, Diff: 3,1]
      [Ext Root Scanning (ms): Min: 0,0, Avg: 0,3, Max: 0,8, Diff: 0,8, Sum: 2,7]
      [Update RS (ms): Min: 0,0, Avg: 0,6, Max: 0,8, Diff: 0,8, Sum: 4,9]
         [Processed Buffers: Min: 0, Avg: 3,4, Max: 15, Diff: 15, Sum: 27]
      [Scan RS (ms): Min: 0,0, Avg: 0,1, Max: 0,2, Diff: 0,2, Sum: 0,8]
      [Code Root Scanning (ms): Min: 0,0, Avg: 0,0, Max: 0,0, Diff: 0,0, Sum: 0,0]
      [Object Copy (ms): Min: 0,0, Avg: 1,2, Max: 1,4, Diff: 1,4, Sum: 9,7]
      [Termination (ms): Min: 0,0, Avg: 0,5, Max: 0,5, Diff: 0,5, Sum: 3,7]
         [Termination Attempts: Min: 1, Avg: 1,6, Max: 3, Diff: 2, Sum: 13]
      [GC Worker Other (ms): Min: 0,0, Avg: 0,0, Max: 0,0, Diff: 0,0, Sum: 0,1]
      [GC Worker Total (ms): Min: 0,0, Avg: 2,7, Max: 3,1, Diff: 3,1, Sum: 21,9]
      [GC Worker End (ms): Min: 6284757,9, Avg: 6284757,9, Max: 6284758,0, Diff: 0,0]
   [Code Root Fixup: 0,0 ms]
   [Code Root Purge: 0,0 ms]
   [Clear CT: 0,1 ms]
   [Other: 4,4 ms]
      [Choose CSet: 0,0 ms]
      [Ref Proc: 4,2 ms]
      [Ref Enq: 0,0 ms]
      [Redirty Cards: 0,0 ms]
      [Humongous Register: 0,0 ms]
      [Humongous Reclaim: 0,0 ms]
      [Free CSet: 0,0 ms]
   [Eden: 47,0M(47,0M)->0,0B(47,0M) Survivors: 4096,0K->4096,0K Heap: 389,6M(1024,0M)->342,6M(1024,0M)]
 [Times: user=0,06 sys=0,00, real=0,20 secs] 
2018-03-08T09:43:44.639+0100: 6285,413: [GC pause (G1 Evacuation Pause) (young), 0,0092212 secs]
   [Parallel Time: 5,3 ms, GC Workers: 8]
      [GC Worker Start (ms): Min: 6285412,8, Avg: 6285413,3, Max: 6285414,9, Diff: 2,1]
      [Ext Root Scanning (ms): Min: 0,0, Avg: 0,2, Max: 0,6, Diff: 0,6, Sum: 2,0]
      [Update RS (ms): Min: 0,0, Avg: 0,7, Max: 1,1, Diff: 1,1, Sum: 5,3]
         [Processed Buffers: Min: 0, Avg: 3,5, Max: 16, Diff: 16, Sum: 28]
      [Scan RS (ms): Min: 0,0, Avg: 0,0, Max: 0,0, Diff: 0,0, Sum: 0,1]
      [Code Root Scanning (ms): Min: 0,0, Avg: 0,0, Max: 0,0, Diff: 0,0, Sum: 0,0]
      [Object Copy (ms): Min: 1,0, Avg: 2,0, Max: 3,9, Diff: 2,8, Sum: 16,1]
      [Termination (ms): Min: 0,0, Avg: 1,7, Max: 2,1, Diff: 2,1, Sum: 13,9]
         [Termination Attempts: Min: 1, Avg: 2,6, Max: 5, Diff: 4, Sum: 21]
      [GC Worker Other (ms): Min: 0,0, Avg: 0,0, Max: 0,0, Diff: 0,0, Sum: 0,0]
      [GC Worker Total (ms): Min: 3,1, Avg: 4,7, Max: 5,2, Diff: 2,1, Sum: 37,3]
      [GC Worker End (ms): Min: 6285417,9, Avg: 6285418,0, Max: 6285418,0, Diff: 0,1]
   [Code Root Fixup: 0,0 ms]
   [Code Root Purge: 0,0 ms]
   [Clear CT: 0,1 ms]
   [Other: 3,9 ms]
      [Choose CSet: 0,0 ms]
      [Ref Proc: 3,7 ms]
      [Ref Enq: 0,0 ms]
      [Redirty Cards: 0,1 ms]
      [Humongous Register: 0,0 ms]
      [Humongous Reclaim: 0,0 ms]
      [Free CSet: 0,0 ms]
   [Eden: 47,0M(47,0M)->0,0B(48,0M) Survivors: 4096,0K->3072,0K Heap: 389,6M(1024,0M)->341,9M(1024,0M)]
 [Times: user=0,05 sys=0,00, real=0,02 secs] 
2018-03-08T09:43:45.087+0100: 6285,861: [GC pause (G1 Evacuation Pause) (young), 0,0058603 secs]
   [Parallel Time: 5,3 ms, GC Workers: 8]
      [GC Worker Start (ms): Min: 6285860,7, Avg: 6285861,3, Max: 6285865,9, Diff: 5,2]
      [Ext Root Scanning (ms): Min: 0,0, Avg: 0,3, Max: 0,7, Diff: 0,7, Sum: 2,5]
      [Update RS (ms): Min: 0,0, Avg: 0,7, Max: 1,0, Diff: 1,0, Sum: 5,5]
         [Processed Buffers: Min: 0, Avg: 3,4, Max: 12, Diff: 12, Sum: 27]
      [Scan RS (ms): Min: 0,0, Avg: 0,0, Max: 0,0, Diff: 0,0, Sum: 0,1]
      [Code Root Scanning (ms): Min: 0,0, Avg: 0,0, Max: 0,0, Diff: 0,0, Sum: 0,0]
      [Object Copy (ms): Min: 0,0, Avg: 1,2, Max: 1,5, Diff: 1,5, Sum: 9,8]
      [Termination (ms): Min: 0,0, Avg: 2,3, Max: 2,7, Diff: 2,7, Sum: 18,6]
         [Termination Attempts: Min: 1, Avg: 1,1, Max: 2, Diff: 1, Sum: 9]
      [GC Worker Other (ms): Min: 0,0, Avg: 0,0, Max: 0,0, Diff: 0,0, Sum: 0,0]
      [GC Worker Total (ms): Min: 0,0, Avg: 4,6, Max: 5,3, Diff: 5,3, Sum: 36,5]
      [GC Worker End (ms): Min: 6285865,9, Avg: 6285865,9, Max: 6285865,9, Diff: 0,1]
   [Code Root Fixup: 0,0 ms]
   [Code Root Purge: 0,0 ms]
   [Clear CT: 0,0 ms]
   [Other: 0,5 ms]
      [Choose CSet: 0,0 ms]
      [Ref Proc: 0,3 ms]
      [Ref Enq: 0,0 ms]
      [Redirty Cards: 0,0 ms]
      [Humongous Register: 0,0 ms]
      [Humongous Reclaim: 0,0 ms]
      [Free CSet: 0,0 ms]
   [Eden: 48,0M(48,0M)->0,0B(47,0M) Survivors: 3072,0K->4096,0K Heap: 389,9M(1024,0M)->342,6M(1024,0M)]
 [Times: user=0,03 sys=0,00, real=0,01 secs] 
2018-03-08T09:43:45.536+0100: 6286,309: [GC pause (G1 Evacuation Pause) (young), 0,0095214 secs]
   [Parallel Time: 8,5 ms, GC Workers: 8]
      [GC Worker Start (ms): Min: 6286309,2, Avg: 6286310,3, Max: 6286317,6, Diff: 8,3]
      [Ext Root Scanning (ms): Min: 0,0, Avg: 0,3, Max: 0,7, Diff: 0,7, Sum: 2,5]
      [Update RS (ms): Min: 0,0, Avg: 0,8, Max: 1,1, Diff: 1,1, Sum: 6,1]
         [Processed Buffers: Min: 0, Avg: 3,4, Max: 14, Diff: 14, Sum: 27]
      [Scan RS (ms): Min: 0,0, Avg: 0,0, Max: 0,1, Diff: 0,1, Sum: 0,1]
      [Code Root Scanning (ms): Min: 0,0, Avg: 0,0, Max: 0,0, Diff: 0,0, Sum: 0,0]
      [Object Copy (ms): Min: 0,0, Avg: 1,3, Max: 1,6, Diff: 1,6, Sum: 10,5]
      [Termination (ms): Min: 0,0, Avg: 4,9, Max: 5,7, Diff: 5,7, Sum: 39,5]
         [Termination Attempts: Min: 1, Avg: 1,1, Max: 2, Diff: 1, Sum: 9]
      [GC Worker Other (ms): Min: 0,0, Avg: 0,0, Max: 0,0, Diff: 0,0, Sum: 0,1]
      [GC Worker Total (ms): Min: 0,0, Avg: 7,3, Max: 8,5, Diff: 8,4, Sum: 58,7]
      [GC Worker End (ms): Min: 6286317,6, Avg: 6286317,6, Max: 6286317,7, Diff: 0,1]
   [Code Root Fixup: 0,0 ms]
   [Code Root Purge: 0,0 ms]
   [Clear CT: 0,1 ms]
   [Other: 0,9 ms]
      [Choose CSet: 0,0 ms]
      [Ref Proc: 0,7 ms]
      [Ref Enq: 0,0 ms]
      [Redirty Cards: 0,1 ms]
      [Humongous Register: 0,0 ms]
      [Humongous Reclaim: 0,0 ms]
      [Free CSet: 0,0 ms]
   [Eden: 47,0M(47,0M)->0,0B(47,0M) Survivors: 4096,0K->4096,0K Heap: 389,6M(1024,0M)->342,7M(1024,0M)]
 [Times: user=0,06 sys=0,00, real=0,01 secs] 
2018-03-08T09:43:46.061+0100: 6286,834: [GC pause (G1 Evacuation Pause) (young), 0,0094267 secs]
   [Parallel Time: 8,3 ms, GC Workers: 8]
      [GC Worker Start (ms): Min: 6286834,5, Avg: 6286834,6, Max: 6286834,7, Diff: 0,2]
      [Ext Root Scanning (ms): Min: 0,2, Avg: 1,3, Max: 8,1, Diff: 7,8, Sum: 10,7]
      [Update RS (ms): Min: 0,0, Avg: 0,9, Max: 1,1, Diff: 1,1, Sum: 6,9]
         [Processed Buffers: Min: 0, Avg: 4,1, Max: 14, Diff: 14, Sum: 33]
      [Scan RS (ms): Min: 0,0, Avg: 0,0, Max: 0,0, Diff: 0,0, Sum: 0,1]
      [Code Root Scanning (ms): Min: 0,0, Avg: 0,0, Max: 0,0, Diff: 0,0, Sum: 0,0]
      [Object Copy (ms): Min: 0,0, Avg: 1,5, Max: 1,8, Diff: 1,8, Sum: 12,2]
      [Termination (ms): Min: 0,0, Avg: 4,4, Max: 5,0, Diff: 5,0, Sum: 35,2]
         [Termination Attempts: Min: 1, Avg: 1,0, Max: 1, Diff: 0, Sum: 8]
      [GC Worker Other (ms): Min: 0,0, Avg: 0,0, Max: 0,0, Diff: 0,0, Sum: 0,0]
      [GC Worker Total (ms): Min: 8,0, Avg: 8,1, Max: 8,2, Diff: 0,2, Sum: 65,1]
      [GC Worker End (ms): Min: 6286842,7, Avg: 6286842,7, Max: 6286842,8, Diff: 0,0]
   [Code Root Fixup: 0,0 ms]
   [Code Root Purge: 0,0 ms]
   [Clear CT: 0,1 ms]
   [Other: 1,1 ms]
      [Choose CSet: 0,0 ms]
      [Ref Proc: 0,8 ms]
      [Ref Enq: 0,0 ms]
      [Redirty Cards: 0,1 ms]
      [Humongous Register: 0,0 ms]
      [Humongous Reclaim: 0,0 ms]
      [Free CSet: 0,0 ms]
   [Eden: 47,0M(47,0M)->0,0B(48,0M) Survivors: 4096,0K->3072,0K Heap: 389,7M(1024,0M)->341,8M(1024,0M)]
 [Times: user=0,06 sys=0,00, real=0,01 secs] 
2018-03-08T09:43:46.600+0100: 6287,373: [GC pause (G1 Evacuation Pause) (young), 0,0101655 secs]
   [Parallel Time: 9,0 ms, GC Workers: 8]
      [GC Worker Start (ms): Min: 6287373,5, Avg: 6287374,6, Max: 6287381,9, Diff: 8,5]
      [Ext Root Scanning (ms): Min: 0,0, Avg: 0,3, Max: 0,7, Diff: 0,7, Sum: 2,6]
      [Update RS (ms): Min: 0,0, Avg: 0,8, Max: 1,2, Diff: 1,2, Sum: 6,7]
         [Processed Buffers: Min: 0, Avg: 3,6, Max: 12, Diff: 12, Sum: 29]
      [Scan RS (ms): Min: 0,0, Avg: 0,0, Max: 0,0, Diff: 0,0, Sum: 0,0]
      [Code Root Scanning (ms): Min: 0,0, Avg: 0,0, Max: 0,0, Diff: 0,0, Sum: 0,0]
      [Object Copy (ms): Min: 0,0, Avg: 1,5, Max: 1,8, Diff: 1,8, Sum: 11,8]
      [Termination (ms): Min: 0,0, Avg: 4,9, Max: 6,0, Diff: 6,0, Sum: 38,8]
         [Termination Attempts: Min: 1, Avg: 3,2, Max: 6, Diff: 5, Sum: 26]
      [GC Worker Other (ms): Min: 0,0, Avg: 0,0, Max: 0,0, Diff: 0,0, Sum: 0,0]
      [GC Worker Total (ms): Min: 0,0, Avg: 7,5, Max: 9,0, Diff: 9,0, Sum: 60,0]
      [GC Worker End (ms): Min: 6287382,0, Avg: 6287382,0, Max: 6287382,5, Diff: 0,5]
   [Code Root Fixup: 0,0 ms]
   [Code Root Purge: 0,0 ms]
   [Clear CT: 0,1 ms]
   [Other: 1,0 ms]
      [Choose CSet: 0,0 ms]
      [Ref Proc: 0,8 ms]
      [Ref Enq: 0,0 ms]
      [Redirty Cards: 0,1 ms]
      [Humongous Register: 0,0 ms]
      [Humongous Reclaim: 0,0 ms]
      [Free CSet: 0,0 ms]
   [Eden: 48,0M(48,0M)->0,0B(47,0M) Survivors: 3072,0K->4096,0K Heap: 389,8M(1024,0M)->342,6M(1024,0M)]
 [Times: user=0,07 sys=0,00, real=0,01 secs] 
2018-03-08T09:43:47.124+0100: 6287,898: [GC pause (G1 Evacuation Pause) (young), 0,0094114 secs]
   [Parallel Time: 8,3 ms, GC Workers: 8]
      [GC Worker Start (ms): Min: 6287898,1, Avg: 6287899,2, Max: 6287906,3, Diff: 8,2]
      [Ext Root Scanning (ms): Min: 0,0, Avg: 0,3, Max: 0,7, Diff: 0,7, Sum: 2,5]
      [Update RS (ms): Min: 0,0, Avg: 0,9, Max: 1,1, Diff: 1,1, Sum: 6,9]
         [Processed Buffers: Min: 0, Avg: 4,0, Max: 15, Diff: 15, Sum: 32]
      [Scan RS (ms): Min: 0,0, Avg: 0,0, Max: 0,0, Diff: 0,0, Sum: 0,1]
      [Code Root Scanning (ms): Min: 0,0, Avg: 0,0, Max: 0,0, Diff: 0,0, Sum: 0,0]
      [Object Copy (ms): Min: 0,0, Avg: 1,6, Max: 1,9, Diff: 1,9, Sum: 12,9]
      [Termination (ms): Min: 0,0, Avg: 4,3, Max: 5,0, Diff: 5,0, Sum: 34,8]
         [Termination Attempts: Min: 1, Avg: 1,1, Max: 2, Diff: 1, Sum: 9]
      [GC Worker Other (ms): Min: 0,0, Avg: 0,0, Max: 0,0, Diff: 0,0, Sum: 0,1]
      [GC Worker Total (ms): Min: 0,0, Avg: 7,1, Max: 8,2, Diff: 8,2, Sum: 57,2]
      [GC Worker End (ms): Min: 6287906,3, Avg: 6287906,3, Max: 6287906,3, Diff: 0,1]
   [Code Root Fixup: 0,0 ms]
   [Code Root Purge: 0,0 ms]
   [Clear CT: 0,1 ms]
   [Other: 1,0 ms]
      [Choose CSet: 0,0 ms]
      [Ref Proc: 0,8 ms]
      [Ref Enq: 0,0 ms]
      [Redirty Cards: 0,1 ms]
      [Humongous Register: 0,0 ms]
      [Humongous Reclaim: 0,0 ms]
      [Free CSet: 0,0 ms]
   [Eden: 47,0M(47,0M)->0,0B(48,0M) Survivors: 4096,0K->3072,0K Heap: 389,6M(1024,0M)->342,5M(1024,0M)]
 [Times: user=0,06 sys=0,01, real=0,01 secs] 
2018-03-08T09:43:47.665+0100: 6288,439: [GC pause (G1 Evacuation Pause) (young), 0,0094781 secs]
   [Parallel Time: 8,4 ms, GC Workers: 8]
      [GC Worker Start (ms): Min: 6288439,0, Avg: 6288439,1, Max: 6288439,6, Diff: 0,6]
      [Ext Root Scanning (ms): Min: 0,0, Avg: 0,3, Max: 0,7, Diff: 0,7, Sum: 2,7]
      [Update RS (ms): Min: 1,1, Avg: 2,2, Max: 7,9, Diff: 6,8, Sum: 17,5]
         [Processed Buffers: Min: 2, Avg: 3,9, Max: 10, Diff: 8, Sum: 31]
      [Scan RS (ms): Min: 0,0, Avg: 0,1, Max: 0,2, Diff: 0,2, Sum: 1,0]
      [Code Root Scanning (ms): Min: 0,0, Avg: 0,0, Max: 0,0, Diff: 0,0, Sum: 0,0]
      [Object Copy (ms): Min: 0,0, Avg: 1,2, Max: 1,5, Diff: 1,4, Sum: 9,8]
      [Termination (ms): Min: 0,0, Avg: 4,4, Max: 5,0, Diff: 5,0, Sum: 35,0]
         [Termination Attempts: Min: 1, Avg: 3,6, Max: 5, Diff: 4, Sum: 29]
      [GC Worker Other (ms): Min: 0,0, Avg: 0,0, Max: 0,0, Diff: 0,0, Sum: 0,1]
      [GC Worker Total (ms): Min: 7,7, Avg: 8,3, Max: 8,4, Diff: 0,6, Sum: 66,1]
      [GC Worker End (ms): Min: 6288447,3, Avg: 6288447,3, Max: 6288447,3, Diff: 0,0]
   [Code Root Fixup: 0,0 ms]
   [Code Root Purge: 0,0 ms]
   [Clear CT: 0,1 ms]
   [Other: 1,0 ms]
      [Choose CSet: 0,0 ms]
      [Ref Proc: 0,7 ms]
      [Ref Enq: 0,0 ms]
      [Redirty Cards: 0,1 ms]
      [Humongous Register: 0,0 ms]
      [Humongous Reclaim: 0,0 ms]
      [Free CSet: 0,0 ms]
   [Eden: 48,0M(48,0M)->0,0B(49,0M) Survivors: 3072,0K->2048,0K Heap: 390,5M(1024,0M)->342,9M(1024,0M)]
 [Times: user=0,07 sys=0,00, real=0,01 secs] 
2018-03-08T09:43:48.217+0100: 6288,991: [GC pause (G1 Evacuation Pause) (young), 0,0061878 secs]
   [Parallel Time: 5,3 ms, GC Workers: 8]
      [GC Worker Start (ms): Min: 6288990,7, Avg: 6288991,5, Max: 6288995,8, Diff: 5,1]
      [Ext Root Scanning (ms): Min: 0,0, Avg: 0,3, Max: 0,7, Diff: 0,7, Sum: 2,1]
      [Update RS (ms): Min: 0,0, Avg: 1,3, Max: 2,4, Diff: 2,4, Sum: 10,2]
         [Processed Buffers: Min: 0, Avg: 4,5, Max: 16, Diff: 16, Sum: 36]
      [Scan RS (ms): Min: 0,0, Avg: 0,1, Max: 0,1, Diff: 0,1, Sum: 0,4]
      [Code Root Scanning (ms): Min: 0,0, Avg: 0,0, Max: 0,0, Diff: 0,0, Sum: 0,0]
      [Object Copy (ms): Min: 0,0, Avg: 0,2, Max: 0,4, Diff: 0,4, Sum: 1,9]
      [Termination (ms): Min: 0,0, Avg: 2,6, Max: 3,1, Diff: 3,1, Sum: 20,6]
         [Termination Attempts: Min: 1, Avg: 1,4, Max: 3, Diff: 2, Sum: 11]
      [GC Worker Other (ms): Min: 0,0, Avg: 0,0, Max: 0,0, Diff: 0,0, Sum: 0,0]
      [GC Worker Total (ms): Min: 0,0, Avg: 4,4, Max: 5,3, Diff: 5,2, Sum: 35,4]
      [GC Worker End (ms): Min: 6288995,8, Avg: 6288996,0, Max: 6288996,0, Diff: 0,2]
   [Code Root Fixup: 0,0 ms]
   [Code Root Purge: 0,0 ms]
   [Clear CT: 0,1 ms]
   [Other: 0,8 ms]
      [Choose CSet: 0,0 ms]
      [Ref Proc: 0,5 ms]
      [Ref Enq: 0,0 ms]
      [Redirty Cards: 0,1 ms]
      [Humongous Register: 0,0 ms]
      [Humongous Reclaim: 0,0 ms]
      [Free CSet: 0,0 ms]
   [Eden: 49,0M(49,0M)->0,0B(50,0M) Survivors: 2048,0K->1024,0K Heap: 391,9M(1024,0M)->342,9M(1024,0M)]
 [Times: user=0,03 sys=0,00, real=0,01 secs] 
2018-03-08T09:43:48.779+0100: 6289,552: [GC pause (G1 Evacuation Pause) (young), 0,0049572 secs]
   [Parallel Time: 3,8 ms, GC Workers: 8]
      [GC Worker Start (ms): Min: 6289552,2, Avg: 6289552,7, Max: 6289556,0, Diff: 3,7]
      [Ext Root Scanning (ms): Min: 0,0, Avg: 0,3, Max: 0,7, Diff: 0,7, Sum: 2,7]
      [Update RS (ms): Min: 0,0, Avg: 0,4, Max: 0,7, Diff: 0,7, Sum: 3,0]
         [Processed Buffers: Min: 0, Avg: 2,6, Max: 10, Diff: 10, Sum: 21]
      [Scan RS (ms): Min: 0,0, Avg: 0,0, Max: 0,0, Diff: 0,0, Sum: 0,0]
      [Code Root Scanning (ms): Min: 0,0, Avg: 0,0, Max: 0,0, Diff: 0,0, Sum: 0,0]
      [Object Copy (ms): Min: 0,0, Avg: 0,3, Max: 0,4, Diff: 0,4, Sum: 2,1]
      [Termination (ms): Min: 0,0, Avg: 2,3, Max: 2,6, Diff: 2,6, Sum: 18,1]
         [Termination Attempts: Min: 1, Avg: 1,0, Max: 1, Diff: 0, Sum: 8]
      [GC Worker Other (ms): Min: 0,0, Avg: 0,0, Max: 0,0, Diff: 0,0, Sum: 0,1]
      [GC Worker Total (ms): Min: 0,0, Avg: 3,3, Max: 3,8, Diff: 3,8, Sum: 26,0]
      [GC Worker End (ms): Min: 6289556,0, Avg: 6289556,0, Max: 6289556,0, Diff: 0,0]
   [Code Root Fixup: 0,0 ms]
   [Code Root Purge: 0,0 ms]
   [Clear CT: 0,1 ms]
   [Other: 1,0 ms]
      [Choose CSet: 0,0 ms]
      [Ref Proc: 0,8 ms]
      [Ref Enq: 0,0 ms]
      [Redirty Cards: 0,1 ms]
      [Humongous Register: 0,0 ms]
      [Humongous Reclaim: 0,0 ms]
      [Free CSet: 0,0 ms]
   [Eden: 50,0M(50,0M)->0,0B(50,0M) Survivors: 1024,0K->1024,0K Heap: 392,9M(1024,0M)->342,9M(1024,0M)]
 [Times: user=0,03 sys=0,00, real=0,01 secs] 
2018-03-08T09:43:49.352+0100: 6290,125: [GC pause (G1 Evacuation Pause) (young), 0,0293226 secs]
   [Parallel Time: 2,4 ms, GC Workers: 8]
      [GC Worker Start (ms): Min: 6290125,3, Avg: 6290125,8, Max: 6290127,5, Diff: 2,2]
      [Ext Root Scanning (ms): Min: 0,0, Avg: 0,3, Max: 0,6, Diff: 0,6, Sum: 2,3]
      [Update RS (ms): Min: 0,0, Avg: 0,6, Max: 1,8, Diff: 1,8, Sum: 4,5]
         [Processed Buffers: Min: 0, Avg: 3,0, Max: 15, Diff: 15, Sum: 24]
      [Scan RS (ms): Min: 0,0, Avg: 0,0, Max: 0,0, Diff: 0,0, Sum: 0,0]
      [Code Root Scanning (ms): Min: 0,0, Avg: 0,0, Max: 0,0, Diff: 0,0, Sum: 0,0]
      [Object Copy (ms): Min: 0,0, Avg: 0,3, Max: 0,5, Diff: 0,5, Sum: 2,2]
      [Termination (ms): Min: 0,0, Avg: 0,6, Max: 0,9, Diff: 0,9, Sum: 4,7]
         [Termination Attempts: Min: 1, Avg: 9,9, Max: 39, Diff: 38, Sum: 79]
      [GC Worker Other (ms): Min: 0,0, Avg: 0,0, Max: 0,0, Diff: 0,0, Sum: 0,1]
      [GC Worker Total (ms): Min: 0,1, Avg: 1,7, Max: 2,3, Diff: 2,3, Sum: 13,8]
      [GC Worker End (ms): Min: 6290127,5, Avg: 6290127,6, Max: 6290127,6, Diff: 0,1]
   [Code Root Fixup: 0,0 ms]
   [Code Root Purge: 0,0 ms]
   [Clear CT: 0,1 ms]
   [Other: 26,9 ms]
      [Choose CSet: 0,0 ms]
      [Ref Proc: 26,6 ms]
      [Ref Enq: 0,0 ms]
      [Redirty Cards: 0,1 ms]
      [Humongous Register: 0,0 ms]
      [Humongous Reclaim: 0,0 ms]
      [Free CSet: 0,0 ms]
   [Eden: 50,0M(50,0M)->0,0B(50,0M) Survivors: 1024,0K->1024,0K Heap: 392,9M(1024,0M)->343,0M(1024,0M)]
 [Times: user=0,15 sys=0,00, real=0,03 secs] 
2018-03-08T09:43:49.970+0100: 6290,744: [GC pause (G1 Evacuation Pause) (young), 0,0094308 secs]
   [Parallel Time: 8,4 ms, GC Workers: 8]
      [GC Worker Start (ms): Min: 6290743,8, Avg: 6290744,8, Max: 6290752,0, Diff: 8,3]
      [Ext Root Scanning (ms): Min: 0,0, Avg: 0,3, Max: 0,6, Diff: 0,6, Sum: 2,2]
      [Update RS (ms): Min: 0,0, Avg: 0,3, Max: 0,5, Diff: 0,5, Sum: 2,7]
         [Processed Buffers: Min: 0, Avg: 2,9, Max: 14, Diff: 14, Sum: 23]
      [Scan RS (ms): Min: 0,0, Avg: 0,0, Max: 0,0, Diff: 0,0, Sum: 0,1]
      [Code Root Scanning (ms): Min: 0,0, Avg: 0,0, Max: 0,0, Diff: 0,0, Sum: 0,0]
      [Object Copy (ms): Min: 0,0, Avg: 0,3, Max: 0,4, Diff: 0,4, Sum: 2,2]
      [Termination (ms): Min: 0,0, Avg: 6,3, Max: 7,3, Diff: 7,3, Sum: 50,8]
         [Termination Attempts: Min: 1, Avg: 1,0, Max: 1, Diff: 0, Sum: 8]
      [GC Worker Other (ms): Min: 0,0, Avg: 0,0, Max: 0,0, Diff: 0,0, Sum: 0,0]
      [GC Worker Total (ms): Min: 0,0, Avg: 7,2, Max: 8,4, Diff: 8,3, Sum: 57,9]
      [GC Worker End (ms): Min: 6290752,0, Avg: 6290752,1, Max: 6290752,1, Diff: 0,1]
   [Code Root Fixup: 0,0 ms]
   [Code Root Purge: 0,0 ms]
   [Clear CT: 0,1 ms]
   [Other: 1,0 ms]
      [Choose CSet: 0,0 ms]
      [Ref Proc: 0,7 ms]
      [Ref Enq: 0,0 ms]
      [Redirty Cards: 0,1 ms]
      [Humongous Register: 0,0 ms]
      [Humongous Reclaim: 0,0 ms]
      [Free CSet: 0,0 ms]
   [Eden: 50,0M(50,0M)->0,0B(50,0M) Survivors: 1024,0K->1024,0K Heap: 393,0M(1024,0M)->343,0M(1024,0M)]
 [Times: user=0,06 sys=0,00, real=0,01 secs] 
2018-03-08T09:43:50.492+0100: 6291,265: [GC pause (G1 Evacuation Pause) (young), 0,0013935 secs]
   [Parallel Time: 1,0 ms, GC Workers: 8]
      [GC Worker Start (ms): Min: 6291265,4, Avg: 6291265,4, Max: 6291265,4, Diff: 0,1]
      [Ext Root Scanning (ms): Min: 0,2, Avg: 0,3, Max: 0,6, Diff: 0,4, Sum: 2,4]
      [Update RS (ms): Min: 0,0, Avg: 0,3, Max: 0,5, Diff: 0,5, Sum: 2,6]
         [Processed Buffers: Min: 0, Avg: 2,6, Max: 11, Diff: 11, Sum: 21]
      [Scan RS (ms): Min: 0,0, Avg: 0,0, Max: 0,0, Diff: 0,0, Sum: 0,1]
      [Code Root Scanning (ms): Min: 0,0, Avg: 0,0, Max: 0,0, Diff: 0,0, Sum: 0,0]
      [Object Copy (ms): Min: 0,2, Avg: 0,3, Max: 0,3, Diff: 0,1, Sum: 2,0]
      [Termination (ms): Min: 0,0, Avg: 0,0, Max: 0,0, Diff: 0,0, Sum: 0,0]
         [Termination Attempts: Min: 1, Avg: 1,0, Max: 1, Diff: 0, Sum: 8]
      [GC Worker Other (ms): Min: 0,0, Avg: 0,0, Max: 0,0, Diff: 0,0, Sum: 0,1]
      [GC Worker Total (ms): Min: 0,9, Avg: 0,9, Max: 0,9, Diff: 0,1, Sum: 7,1]
      [GC Worker End (ms): Min: 6291266,3, Avg: 6291266,3, Max: 6291266,3, Diff: 0,0]
   [Code Root Fixup: 0,0 ms]
   [Code Root Purge: 0,0 ms]
   [Clear CT: 0,1 ms]
   [Other: 0,3 ms]
      [Choose CSet: 0,0 ms]
      [Ref Proc: 0,1 ms]
      [Ref Enq: 0,0 ms]
      [Redirty Cards: 0,1 ms]
      [Humongous Register: 0,0 ms]
      [Humongous Reclaim: 0,0 ms]
      [Free CSet: 0,0 ms]
   [Eden: 50,0M(50,0M)->0,0B(575,0M) Survivors: 1024,0K->1024,0K Heap: 393,0M(1024,0M)->343,1M(1024,0M)]
 [Times: user=0,00 sys=0,00, real=0,00 secs] 
2018-03-08T09:48:28.836+0100: 6569,926: [GC pause (G1 Evacuation Pause) (young), 1,5801148 secs]
   [Parallel Time: 147,5 ms, GC Workers: 8]
      [GC Worker Start (ms): Min: 6570749,6, Avg: 6570749,6, Max: 6570749,7, Diff: 0,2]
      [Ext Root Scanning (ms): Min: 0,4, Avg: 0,6, Max: 0,8, Diff: 0,4, Sum: 4,7]
      [Update RS (ms): Min: 137,6, Avg: 138,9, Max: 142,6, Diff: 5,0, Sum: 1111,5]
         [Processed Buffers: Min: 1, Avg: 7,2, Max: 18, Diff: 17, Sum: 58]
      [Scan RS (ms): Min: 0,0, Avg: 0,1, Max: 0,2, Diff: 0,1, Sum: 0,7]
      [Code Root Scanning (ms): Min: 0,0, Avg: 0,0, Max: 0,0, Diff: 0,0, Sum: 0,0]
      [Object Copy (ms): Min: 2,8, Avg: 6,9, Max: 8,9, Diff: 6,1, Sum: 54,9]
      [Termination (ms): Min: 0,0, Avg: 0,9, Max: 1,2, Diff: 1,2, Sum: 7,2]
         [Termination Attempts: Min: 1, Avg: 3,6, Max: 6, Diff: 5, Sum: 29]
      [GC Worker Other (ms): Min: 0,0, Avg: 0,0, Max: 0,0, Diff: 0,0, Sum: 0,1]
      [GC Worker Total (ms): Min: 147,3, Avg: 147,4, Max: 147,5, Diff: 0,2, Sum: 1179,1]
      [GC Worker End (ms): Min: 6570896,9, Avg: 6570897,0, Max: 6570897,1, Diff: 0,2]
   [Code Root Fixup: 0,0 ms]
   [Code Root Purge: 0,0 ms]
   [Clear CT: 0,3 ms]
   [Other: 1432,3 ms]
      [Choose CSet: 0,0 ms]
      [Ref Proc: 94,2 ms]
      [Ref Enq: 0,0 ms]
      [Redirty Cards: 0,1 ms]
      [Humongous Register: 0,1 ms]
      [Humongous Reclaim: 0,0 ms]
      [Free CSet: 0,3 ms]
   [Eden: 575,0M(575,0M)->0,0B(43,0M) Survivors: 1024,0K->8192,0K Heap: 918,1M(1024,0M)->350,0M(1024,0M)]
 [Times: user=0,14 sys=0,01, real=2,66 secs] 
2018-03-08T09:49:14.403+0100: 6615,264: [GC pause (G1 Evacuation Pause) (young), 1,0458901 secs]
   [Parallel Time: 581,2 ms, GC Workers: 8]
      [GC Worker Start (ms): Min: 6615576,2, Avg: 6615576,2, Max: 6615576,2, Diff: 0,0]
      [Ext Root Scanning (ms): Min: 102,7, Avg: 138,2, Max: 385,8, Diff: 283,0, Sum: 1105,8]
      [Update RS (ms): Min: 62,5, Avg: 63,6, Max: 67,5, Diff: 4,9, Sum: 509,0]
         [Processed Buffers: Min: 0, Avg: 5,9, Max: 12, Diff: 12, Sum: 47]
      [Scan RS (ms): Min: 0,0, Avg: 0,3, Max: 0,4, Diff: 0,4, Sum: 2,1]
      [Code Root Scanning (ms): Min: 0,0, Avg: 0,0, Max: 0,0, Diff: 0,0, Sum: 0,0]
      [Object Copy (ms): Min: 6,0, Avg: 255,4, Max: 292,2, Diff: 286,2, Sum: 2043,1]
      [Termination (ms): Min: 0,0, Avg: 0,6, Max: 0,9, Diff: 0,9, Sum: 4,5]
         [Termination Attempts: Min: 1, Avg: 2,0, Max: 4, Diff: 3, Sum: 16]
      [GC Worker Other (ms): Min: 122,9, Avg: 122,9, Max: 123,0, Diff: 0,1, Sum: 983,4]
      [GC Worker Total (ms): Min: 580,9, Avg: 581,0, Max: 581,1, Diff: 0,1, Sum: 4647,9]
      [GC Worker End (ms): Min: 6616157,2, Avg: 6616157,2, Max: 6616157,3, Diff: 0,1]
   [Code Root Fixup: 0,0 ms]
   [Code Root Purge: 0,0 ms]
   [Clear CT: 0,1 ms]
   [Other: 464,5 ms]
      [Choose CSet: 0,0 ms]
      [Ref Proc: 64,7 ms]
      [Ref Enq: 0,0 ms]
      [Redirty Cards: 0,1 ms]
      [Humongous Register: 126,2 ms]
      [Humongous Reclaim: 0,0 ms]
      [Free CSet: 0,1 ms]
   [Eden: 43,0M(43,0M)->0,0B(46,0M) Survivors: 8192,0K->5120,0K Heap: 393,0M(1024,0M)->354,2M(1024,0M)]
 [Times: user=0,15 sys=0,01, real=1,43 secs] 
2018-03-08T09:50:04.044+0100: 6664,818: [GC pause (G1 Evacuation Pause) (young), 2,0900769 secs]
   [Parallel Time: 1868,6 ms, GC Workers: 8]
      [GC Worker Start (ms): Min: 6664898,7, Avg: 6664898,7, Max: 6664898,7, Diff: 0,0]
      [Ext Root Scanning (ms): Min: 0,3, Avg: 289,5, Max: 1389,5, Diff: 1389,3, Sum: 2315,8]
      [Update RS (ms): Min: 0,0, Avg: 1,5, Max: 2,2, Diff: 2,2, Sum: 12,0]
         [Processed Buffers: Min: 0, Avg: 8,2, Max: 19, Diff: 19, Sum: 66]
      [Scan RS (ms): Min: 0,0, Avg: 0,4, Max: 0,7, Diff: 0,7, Sum: 3,5]
      [Code Root Scanning (ms): Min: 0,0, Avg: 0,0, Max: 0,0, Diff: 0,0, Sum: 0,0]
      [Object Copy (ms): Min: 0,0, Avg: 1,8, Max: 2,5, Diff: 2,5, Sum: 14,7]
      [Termination (ms): Min: 0,0, Avg: 1096,4, Max: 1384,3, Diff: 1384,3, Sum: 8770,9]
         [Termination Attempts: Min: 1, Avg: 3,8, Max: 6, Diff: 5, Sum: 30]
      [GC Worker Other (ms): Min: 478,8, Avg: 478,8, Max: 478,9, Diff: 0,1, Sum: 3830,6]
      [GC Worker Total (ms): Min: 1868,4, Avg: 1868,4, Max: 1868,5, Diff: 0,1, Sum: 14947,5]
      [GC Worker End (ms): Min: 6666767,1, Avg: 6666767,1, Max: 6666767,2, Diff: 0,1]
   [Code Root Fixup: 0,0 ms]
   [Code Root Purge: 0,0 ms]
   [Clear CT: 0,4 ms]
   [Other: 221,1 ms]
      [Choose CSet: 0,0 ms]
      [Ref Proc: 139,5 ms]
      [Ref Enq: 0,0 ms]
      [Redirty Cards: 0,3 ms]
      [Humongous Register: 0,0 ms]
      [Humongous Reclaim: 0,0 ms]
      [Free CSet: 0,1 ms]
   [Eden: 46,0M(46,0M)->0,0B(44,0M) Survivors: 5120,0K->7168,0K Heap: 400,2M(1024,0M)->356,5M(1024,0M)]
 [Times: user=8,76 sys=0,00, real=2,60 secs] 
2018-03-08T09:51:00.191+0100: 6720,964: [GC pause (G1 Evacuation Pause) (young), 2,3108481 secs]
   [Parallel Time: 689,4 ms, GC Workers: 8]
      [GC Worker Start (ms): Min: 6722435,2, Avg: 6722435,2, Max: 6722435,2, Diff: 0,0]
      [Ext Root Scanning (ms): Min: 262,8, Avg: 312,6, Max: 660,6, Diff: 397,8, Sum: 2500,8]
      [Update RS (ms): Min: 0,0, Avg: 242,5, Max: 280,5, Diff: 280,5, Sum: 1939,9]
         [Processed Buffers: Min: 0, Avg: 7,5, Max: 19, Diff: 19, Sum: 60]
      [Scan RS (ms): Min: 0,0, Avg: 0,1, Max: 0,3, Diff: 0,3, Sum: 1,1]
      [Code Root Scanning (ms): Min: 0,0, Avg: 0,0, Max: 0,0, Diff: 0,0, Sum: 0,1]
      [Object Copy (ms): Min: 0,0, Avg: 4,3, Max: 6,0, Diff: 5,9, Sum: 34,7]
      [Termination (ms): Min: 0,0, Avg: 101,1, Max: 115,7, Diff: 115,7, Sum: 809,1]
         [Termination Attempts: Min: 1, Avg: 1,6, Max: 3, Diff: 2, Sum: 13]
      [GC Worker Other (ms): Min: 28,5, Avg: 28,5, Max: 28,5, Diff: 0,0, Sum: 228,2]
      [GC Worker Total (ms): Min: 689,2, Avg: 689,2, Max: 689,3, Diff: 0,1, Sum: 5513,9]
      [GC Worker End (ms): Min: 6723124,4, Avg: 6723124,4, Max: 6723124,5, Diff: 0,1]
   [Code Root Fixup: 0,0 ms]
   [Code Root Purge: 0,0 ms]
   [Clear CT: 0,1 ms]
   [Other: 1621,3 ms]
      [Choose CSet: 0,0 ms]
      [Ref Proc: 113,4 ms]
      [Ref Enq: 0,0 ms]
      [Redirty Cards: 0,1 ms]
      [Humongous Register: 889,3 ms]
      [Humongous Reclaim: 0,0 ms]
      [Free CSet: 4,2 ms]
   [Eden: 44,0M(44,0M)->0,0B(44,0M) Survivors: 7168,0K->7168,0K Heap: 400,5M(1024,0M)->359,8M(1024,0M)]
 [Times: user=0,71 sys=0,00, real=3,36 secs] 
2018-03-08T09:52:03.097+0100: 6783,871: [GC pause (G1 Evacuation Pause) (young), 0,7516194 secs]
   [Parallel Time: 179,1 ms, GC Workers: 8]
      [GC Worker Start (ms): Min: 6784315,3, Avg: 6784315,3, Max: 6784315,3, Diff: 0,1]
      [Ext Root Scanning (ms): Min: 79,5, Avg: 90,2, Max: 165,0, Diff: 85,5, Sum: 721,9]
      [Update RS (ms): Min: 0,0, Avg: 3,6, Max: 10,3, Diff: 10,3, Sum: 29,1]
         [Processed Buffers: Min: 0, Avg: 6,8, Max: 20, Diff: 20, Sum: 54]
      [Scan RS (ms): Min: 0,0, Avg: 1,2, Max: 1,9, Diff: 1,9, Sum: 9,3]
      [Code Root Scanning (ms): Min: 0,0, Avg: 0,0, Max: 0,0, Diff: 0,0, Sum: 0,1]
      [Object Copy (ms): Min: 0,0, Avg: 4,1, Max: 9,6, Diff: 9,6, Sum: 32,9]
      [Termination (ms): Min: 0,0, Avg: 65,9, Max: 76,1, Diff: 76,1, Sum: 527,1]
         [Termination Attempts: Min: 1, Avg: 6,0, Max: 15, Diff: 14, Sum: 48]
      [GC Worker Other (ms): Min: 0,4, Avg: 0,4, Max: 0,5, Diff: 0,1, Sum: 3,5]
      [GC Worker Total (ms): Min: 165,4, Avg: 165,5, Max: 165,6, Diff: 0,2, Sum: 1323,9]
      [GC Worker End (ms): Min: 6784480,8, Avg: 6784480,8, Max: 6784480,9, Diff: 0,2]
   [Code Root Fixup: 0,0 ms]
   [Code Root Purge: 0,0 ms]
   [Clear CT: 0,1 ms]
   [Other: 572,5 ms]
      [Choose CSet: 0,0 ms]
      [Ref Proc: 140,4 ms]
      [Ref Enq: 0,0 ms]
      [Redirty Cards: 0,1 ms]
      [Humongous Register: 0,0 ms]
      [Humongous Reclaim: 0,0 ms]
      [Free CSet: 0,1 ms]
   [Eden: 44,0M(44,0M)->0,0B(44,0M) Survivors: 7168,0K->7168,0K Heap: 403,8M(1024,0M)->362,2M(1024,0M)]
 [Times: user=0,60 sys=0,00, real=1,20 secs] 
2018-03-08T09:53:05.215+0100: 6846,107: [GC pause (G1 Evacuation Pause) (young), 1,9216045 secs]
   [Parallel Time: 160,1 ms, GC Workers: 8]
      [GC Worker Start (ms): Min: 6847512,7, Avg: 6847512,7, Max: 6847512,7, Diff: 0,1]
      [Ext Root Scanning (ms): Min: 0,0, Avg: 5,8, Max: 43,9, Diff: 43,9, Sum: 46,0]
      [Update RS (ms): Min: 0,0, Avg: 1,1, Max: 1,9, Diff: 1,9, Sum: 8,8]
         [Processed Buffers: Min: 0, Avg: 6,6, Max: 21, Diff: 21, Sum: 53]
      [Scan RS (ms): Min: 0,1, Avg: 26,8, Max: 42,1, Diff: 42,0, Sum: 214,1]
      [Code Root Scanning (ms): Min: 0,0, Avg: 0,0, Max: 0,0, Diff: 0,0, Sum: 0,1]
      [Object Copy (ms): Min: 108,7, Avg: 119,0, Max: 149,0, Diff: 40,3, Sum: 951,6]
      [Termination (ms): Min: 0,0, Avg: 0,6, Max: 0,8, Diff: 0,8, Sum: 4,5]
         [Termination Attempts: Min: 1, Avg: 23,2, Max: 39, Diff: 38, Sum: 186]
      [GC Worker Other (ms): Min: 6,2, Avg: 6,8, Max: 8,5, Diff: 2,3, Sum: 54,7]
      [GC Worker Total (ms): Min: 159,9, Avg: 160,0, Max: 160,0, Diff: 0,1, Sum: 1279,8]
      [GC Worker End (ms): Min: 6847672,7, Avg: 6847672,7, Max: 6847672,7, Diff: 0,0]
   [Code Root Fixup: 0,0 ms]
   [Code Root Purge: 0,0 ms]
   [Clear CT: 0,1 ms]
   [Other: 1761,4 ms]
      [Choose CSet: 0,0 ms]
      [Ref Proc: 1,6 ms]
      [Ref Enq: 0,0 ms]
      [Redirty Cards: 0,1 ms]
      [Humongous Register: 138,1 ms]
      [Humongous Reclaim: 0,0 ms]
      [Free CSet: 0,1 ms]
   [Eden: 44,0M(44,0M)->0,0B(46,0M) Survivors: 7168,0K->5120,0K Heap: 406,2M(1024,0M)->363,3M(1024,0M)]
 [Times: user=0,04 sys=0,02, real=2,15 secs] 
2018-03-08T09:54:09.275+0100: 6910,049: [GC pause (G1 Evacuation Pause) (young) (initial-mark), 1,9401124 secs]
   [Parallel Time: 1378,0 ms, GC Workers: 8]
      [GC Worker Start (ms): Min: 6910585,9, Avg: 6910586,0, Max: 6910586,0, Diff: 0,1]
      [Ext Root Scanning (ms): Min: 802,8, Avg: 853,0, Max: 1103,8, Diff: 301,0, Sum: 6823,7]
      [Update RS (ms): Min: 0,0, Avg: 79,5, Max: 94,3, Diff: 94,3, Sum: 635,7]
         [Processed Buffers: Min: 0, Avg: 7,0, Max: 14, Diff: 14, Sum: 56]
      [Scan RS (ms): Min: 0,0, Avg: 108,6, Max: 125,3, Diff: 125,3, Sum: 868,5]
      [Code Root Scanning (ms): Min: 0,0, Avg: 0,0, Max: 0,0, Diff: 0,0, Sum: 0,0]
      [Object Copy (ms): Min: 98,6, Avg: 161,5, Max: 182,1, Diff: 83,5, Sum: 1291,9]
      [Termination (ms): Min: 0,0, Avg: 0,5, Max: 0,6, Diff: 0,6, Sum: 4,3]
         [Termination Attempts: Min: 1, Avg: 4,6, Max: 8, Diff: 7, Sum: 37]
      [GC Worker Other (ms): Min: 174,7, Avg: 174,7, Max: 174,8, Diff: 0,1, Sum: 1397,8]
      [GC Worker Total (ms): Min: 1377,7, Avg: 1377,7, Max: 1377,8, Diff: 0,1, Sum: 11021,9]
      [GC Worker End (ms): Min: 6911963,7, Avg: 6911963,7, Max: 6911963,7, Diff: 0,0]
   [Code Root Fixup: 0,0 ms]
   [Code Root Purge: 0,0 ms]
   [Clear CT: 0,1 ms]
   [Other: 562,0 ms]
      [Choose CSet: 0,0 ms]
      [Ref Proc: 22,0 ms]
      [Ref Enq: 0,0 ms]
      [Redirty Cards: 0,1 ms]
      [Humongous Register: 164,2 ms]
      [Humongous Reclaim: 0,0 ms]
      [Free CSet: 0,1 ms]
   [Eden: 46,0M(46,0M)->0,0B(44,0M) Survivors: 5120,0K->7168,0K Heap: 409,3M(1024,0M)->367,8M(1024,0M)]
 [Times: user=0,06 sys=0,01, real=2,19 secs] 
2018-03-08T09:54:12.097+0100: 6912,871: [GC concurrent-root-region-scan-start]
2018-03-08T09:54:12.102+0100: 6912,876: [GC concurrent-root-region-scan-end, 0,0046341 secs]
2018-03-08T09:54:12.102+0100: 6912,876: [GC concurrent-mark-start]
2018-03-08T09:54:12.120+0100: 6912,893: [GC concurrent-mark-end, 0,0178363 secs]
2018-03-08T09:54:12.120+0100: 6912,894: [GC remark 2018-03-08T09:54:12.120+0100: 6912,894: [Finalize Marking, 0,0041025 secs] 2018-03-08T09:54:12.124+0100: 6912,898: [GC ref-proc, 0,0010147 secs] 2018-03-08T09:54:12.125+0100: 6912,899: [Unloading, 0,2014810 secs], 0,2077867 secs]
 [Times: user=0,05 sys=0,00, real=0,21 secs] 
2018-03-08T09:54:12.328+0100: 6913,102: [GC cleanup 369M->340M(1024M), 0,0185352 secs]
 [Times: user=0,01 sys=0,00, real=0,01 secs] 
2018-03-08T09:54:12.347+0100: 6913,120: [GC concurrent-cleanup-start]
2018-03-08T09:54:12.347+0100: 6913,120: [GC concurrent-cleanup-end, 0,0000691 secs]
2018-03-08T09:55:12.817+0100: 6973,591: [GC pause (G1 Evacuation Pause) (young), 0,5327086 secs]
   [Parallel Time: 264,5 ms, GC Workers: 8]
      [GC Worker Start (ms): Min: 6973809,0, Avg: 6973809,0, Max: 6973809,0, Diff: 0,1]
      [Ext Root Scanning (ms): Min: 127,4, Avg: 158,9, Max: 263,7, Diff: 136,3, Sum: 1271,5]
      [Update RS (ms): Min: 0,0, Avg: 76,3, Max: 105,5, Diff: 105,5, Sum: 610,2]
         [Processed Buffers: Min: 0, Avg: 6,6, Max: 17, Diff: 17, Sum: 53]
      [Scan RS (ms): Min: 0,0, Avg: 0,8, Max: 1,4, Diff: 1,3, Sum: 6,2]
      [Code Root Scanning (ms): Min: 0,0, Avg: 0,0, Max: 0,0, Diff: 0,0, Sum: 0,0]
      [Object Copy (ms): Min: 0,0, Avg: 5,3, Max: 7,9, Diff: 7,9, Sum: 42,6]
      [Termination (ms): Min: 0,0, Avg: 22,6, Max: 26,6, Diff: 26,6, Sum: 180,4]
         [Termination Attempts: Min: 1, Avg: 8,6, Max: 16, Diff: 15, Sum: 69]
      [GC Worker Other (ms): Min: 0,5, Avg: 0,5, Max: 0,5, Diff: 0,1, Sum: 4,0]
      [GC Worker Total (ms): Min: 264,2, Avg: 264,4, Max: 264,5, Diff: 0,2, Sum: 2115,0]
      [GC Worker End (ms): Min: 6974073,3, Avg: 6974073,4, Max: 6974073,5, Diff: 0,2]
   [Code Root Fixup: 0,0 ms]
   [Code Root Purge: 0,0 ms]
   [Clear CT: 0,1 ms]
   [Other: 268,1 ms]
      [Choose CSet: 0,0 ms]
      [Ref Proc: 49,7 ms]
      [Ref Enq: 0,0 ms]
      [Redirty Cards: 0,1 ms]
      [Humongous Register: 102,9 ms]
      [Humongous Reclaim: 0,0 ms]
      [Free CSet: 0,0 ms]
   [Eden: 44,0M(44,0M)->0,0B(44,0M) Survivors: 7168,0K->7168,0K Heap: 382,8M(1024,0M)->340,2M(1024,0M)]
 [Times: user=0,27 sys=0,00, real=0,86 secs] 
2018-03-08T09:56:17.229+0100: 7038,002: [GC pause (G1 Evacuation Pause) (mixed), 2,1184310 secs]
   [Parallel Time: 1280,1 ms, GC Workers: 8]
      [GC Worker Start (ms): Min: 7038831,5, Avg: 7038831,5, Max: 7038831,5, Diff: 0,0]
      [Ext Root Scanning (ms): Min: 482,4, Avg: 582,6, Max: 888,8, Diff: 406,4, Sum: 4660,7]
      [Update RS (ms): Min: 0,0, Avg: 2,6, Max: 4,5, Diff: 4,5, Sum: 20,8]
         [Processed Buffers: Min: 0, Avg: 6,1, Max: 16, Diff: 16, Sum: 49]
      [Scan RS (ms): Min: 0,0, Avg: 2,0, Max: 3,5, Diff: 3,4, Sum: 16,0]
      [Code Root Scanning (ms): Min: 0,0, Avg: 0,0, Max: 0,1, Diff: 0,1, Sum: 0,1]
      [Object Copy (ms): Min: 0,0, Avg: 7,5, Max: 12,2, Diff: 12,2, Sum: 60,1]
      [Termination (ms): Min: 0,0, Avg: 294,1, Max: 387,0, Diff: 387,0, Sum: 2353,0]
         [Termination Attempts: Min: 1, Avg: 1,4, Max: 2, Diff: 1, Sum: 11]
      [GC Worker Other (ms): Min: 391,0, Avg: 391,1, Max: 391,1, Diff: 0,1, Sum: 3128,4]
      [GC Worker Total (ms): Min: 1279,8, Avg: 1279,9, Max: 1280,0, Diff: 0,2, Sum: 10239,2]
      [GC Worker End (ms): Min: 7040111,4, Avg: 7040111,4, Max: 7040111,5, Diff: 0,1]
   [Code Root Fixup: 0,0 ms]
   [Code Root Purge: 0,0 ms]
   [Clear CT: 0,1 ms]
   [Other: 838,2 ms]
      [Choose CSet: 0,1 ms]
      [Ref Proc: 8,6 ms]
      [Ref Enq: 0,0 ms]
      [Redirty Cards: 0,1 ms]
      [Humongous Register: 70,4 ms]
      [Humongous Reclaim: 0,0 ms]
      [Free CSet: 0,1 ms]
   [Eden: 44,0M(44,0M)->0,0B(44,0M) Survivors: 7168,0K->7168,0K Heap: 384,2M(1024,0M)->315,9M(1024,0M)]
 [Times: user=2,51 sys=0,00, real=2,33 secs] 
2018-03-08T09:57:19.157+0100: 7099,931: [GC pause (G1 Evacuation Pause) (mixed), 0,0333599 secs]
   [Parallel Time: 23,1 ms, GC Workers: 8]
      [GC Worker Start (ms): Min: 7099930,8, Avg: 7099933,1, Max: 7099940,8, Diff: 10,0]
      [Ext Root Scanning (ms): Min: 0,0, Avg: 0,3, Max: 0,7, Diff: 0,7, Sum: 2,4]
      [Update RS (ms): Min: 0,0, Avg: 1,0, Max: 1,5, Diff: 1,5, Sum: 7,7]
         [Processed Buffers: Min: 0, Avg: 5,2, Max: 15, Diff: 15, Sum: 42]
      [Scan RS (ms): Min: 0,0, Avg: 1,3, Max: 2,0, Diff: 2,0, Sum: 10,4]
      [Code Root Scanning (ms): Min: 0,0, Avg: 0,0, Max: 0,0, Diff: 0,0, Sum: 0,0]
      [Object Copy (ms): Min: 0,0, Avg: 6,2, Max: 19,3, Diff: 19,3, Sum: 49,6]
      [Termination (ms): Min: 0,0, Avg: 11,8, Max: 13,7, Diff: 13,7, Sum: 94,0]
         [Termination Attempts: Min: 1, Avg: 1,0, Max: 1, Diff: 0, Sum: 8]
      [GC Worker Other (ms): Min: 0,0, Avg: 0,0, Max: 0,0, Diff: 0,0, Sum: 0,1]
      [GC Worker Total (ms): Min: 12,8, Avg: 20,5, Max: 23,0, Diff: 10,2, Sum: 164,3]
      [GC Worker End (ms): Min: 7099953,5, Avg: 7099953,6, Max: 7099953,8, Diff: 0,2]
   [Code Root Fixup: 0,0 ms]
   [Code Root Purge: 0,0 ms]
   [Clear CT: 0,2 ms]
   [Other: 10,1 ms]
      [Choose CSet: 0,1 ms]
      [Ref Proc: 9,6 ms]
      [Ref Enq: 0,0 ms]
      [Redirty Cards: 0,1 ms]
      [Humongous Register: 0,0 ms]
      [Humongous Reclaim: 0,0 ms]
      [Free CSet: 0,1 ms]
   [Eden: 44,0M(44,0M)->0,0B(44,0M) Survivors: 7168,0K->7168,0K Heap: 359,9M(1024,0M)->291,6M(1024,0M)]
 [Times: user=0,20 sys=0,00, real=0,36 secs] 
2018-03-08T09:58:22.038+0100: 7162,906: [GC pause (G1 Evacuation Pause) (mixed), 1,3962655 secs]
   [Parallel Time: 380,2 ms, GC Workers: 8]
      [GC Worker Start (ms): Min: 7163592,8, Avg: 7163592,8, Max: 7163592,8, Diff: 0,0]
      [Ext Root Scanning (ms): Min: 146,9, Avg: 167,0, Max: 307,2, Diff: 160,2, Sum: 1335,9]
      [Update RS (ms): Min: 0,0, Avg: 66,3, Max: 75,9, Diff: 75,9, Sum: 530,1]
         [Processed Buffers: Min: 0, Avg: 6,0, Max: 17, Diff: 17, Sum: 48]
      [Scan RS (ms): Min: 0,0, Avg: 50,3, Max: 57,7, Diff: 57,7, Sum: 402,7]
      [Code Root Scanning (ms): Min: 0,0, Avg: 0,0, Max: 0,0, Diff: 0,0, Sum: 0,1]
      [Object Copy (ms): Min: 0,0, Avg: 5,8, Max: 6,7, Diff: 6,7, Sum: 46,2]
      [Termination (ms): Min: 0,0, Avg: 17,9, Max: 20,6, Diff: 20,6, Sum: 143,5]
         [Termination Attempts: Min: 1, Avg: 16,2, Max: 30, Diff: 29, Sum: 130]
      [GC Worker Other (ms): Min: 72,8, Avg: 72,8, Max: 72,8, Diff: 0,0, Sum: 582,4]
      [GC Worker Total (ms): Min: 380,0, Avg: 380,1, Max: 380,2, Diff: 0,2, Sum: 3040,8]
      [GC Worker End (ms): Min: 7163972,8, Avg: 7163972,9, Max: 7163973,0, Diff: 0,2]
   [Code Root Fixup: 0,0 ms]
   [Code Root Purge: 0,0 ms]
   [Clear CT: 0,2 ms]
   [Other: 1015,8 ms]
      [Choose CSet: 0,3 ms]
      [Ref Proc: 36,8 ms]
      [Ref Enq: 0,0 ms]
      [Redirty Cards: 0,1 ms]
      [Humongous Register: 263,4 ms]
      [Humongous Reclaim: 0,0 ms]
      [Free CSet: 104,7 ms]
   [Eden: 44,0M(44,0M)->0,0B(44,0M) Survivors: 7168,0K->7168,0K Heap: 335,6M(1024,0M)->268,3M(1024,0M)]
 [Times: user=0,25 sys=0,01, real=1,74 secs] 
2018-03-08T09:59:17.752+0100: 7218,552: [GC pause (G1 Evacuation Pause) (mixed), 0,3889753 secs]
   [Parallel Time: 201,4 ms, GC Workers: 8]
      [GC Worker Start (ms): Min: 7218699,0, Avg: 7218699,0, Max: 7218699,0, Diff: 0,0]
      [Ext Root Scanning (ms): Min: 131,1, Avg: 131,3, Max: 131,3, Diff: 0,2, Sum: 1050,0]
      [Update RS (ms): Min: 0,0, Avg: 1,1, Max: 1,6, Diff: 1,6, Sum: 8,6]
         [Processed Buffers: Min: 0, Avg: 6,9, Max: 18, Diff: 18, Sum: 55]
      [Scan RS (ms): Min: 0,0, Avg: 1,7, Max: 2,4, Diff: 2,4, Sum: 13,6]
      [Code Root Scanning (ms): Min: 0,0, Avg: 0,0, Max: 0,1, Diff: 0,1, Sum: 0,1]
      [Object Copy (ms): Min: 10,0, Avg: 11,8, Max: 15,6, Diff: 5,5, Sum: 94,4]
      [Termination (ms): Min: 0,0, Avg: 4,7, Max: 5,5, Diff: 5,5, Sum: 37,5]
         [Termination Attempts: Min: 1, Avg: 6,4, Max: 12, Diff: 11, Sum: 51]
      [GC Worker Other (ms): Min: 50,7, Avg: 50,7, Max: 50,8, Diff: 0,2, Sum: 405,8]
      [GC Worker Total (ms): Min: 201,2, Avg: 201,2, Max: 201,3, Diff: 0,1, Sum: 1610,0]
      [GC Worker End (ms): Min: 7218900,3, Avg: 7218900,3, Max: 7218900,3, Diff: 0,0]
   [Code Root Fixup: 0,0 ms]
   [Code Root Purge: 0,0 ms]
   [Clear CT: 0,1 ms]
   [Other: 187,5 ms]
      [Choose CSet: 0,1 ms]
      [Ref Proc: 13,7 ms]
      [Ref Enq: 0,0 ms]
      [Redirty Cards: 0,1 ms]
      [Humongous Register: 14,6 ms]
      [Humongous Reclaim: 0,0 ms]
      [Free CSet: 0,2 ms]
   [Eden: 44,0M(44,0M)->0,0B(44,0M) Survivors: 7168,0K->7168,0K Heap: 312,3M(1024,0M)->249,5M(1024,0M)]
 [Times: user=0,20 sys=0,00, real=0,71 secs] 
2018-03-08T10:00:17.803+0100: 7278,576: [GC pause (G1 Evacuation Pause) (mixed), 1,0737626 secs]
   [Parallel Time: 581,9 ms, GC Workers: 8]
      [GC Worker Start (ms): Min: 7278912,3, Avg: 7278912,4, Max: 7278912,4, Diff: 0,1]
      [Ext Root Scanning (ms): Min: 213,1, Avg: 250,7, Max: 366,9, Diff: 153,8, Sum: 2005,2]
      [Update RS (ms): Min: 0,0, Avg: 1,4, Max: 2,4, Diff: 2,4, Sum: 11,2]
         [Processed Buffers: Min: 0, Avg: 7,0, Max: 20, Diff: 20, Sum: 56]
      [Scan RS (ms): Min: 0,0, Avg: 1,4, Max: 2,5, Diff: 2,5, Sum: 11,6]
      [Code Root Scanning (ms): Min: 0,0, Avg: 0,0, Max: 0,0, Diff: 0,0, Sum: 0,0]
      [Object Copy (ms): Min: 0,0, Avg: 57,4, Max: 76,8, Diff: 76,8, Sum: 458,9]
      [Termination (ms): Min: 0,0, Avg: 56,1, Max: 72,6, Diff: 72,6, Sum: 449,1]
         [Termination Attempts: Min: 1, Avg: 1,0, Max: 1, Diff: 0, Sum: 8]
      [GC Worker Other (ms): Min: 121,2, Avg: 121,2, Max: 121,3, Diff: 0,1, Sum: 969,7]
      [GC Worker Total (ms): Min: 488,1, Avg: 488,2, Max: 488,4, Diff: 0,3, Sum: 3905,7]
      [GC Worker End (ms): Min: 7279400,5, Avg: 7279400,6, Max: 7279400,7, Diff: 0,2]
   [Code Root Fixup: 0,0 ms]
   [Code Root Purge: 0,0 ms]
   [Clear CT: 0,2 ms]
   [Other: 491,7 ms]
      [Choose CSet: 0,1 ms]
      [Ref Proc: 66,1 ms]
      [Ref Enq: 0,0 ms]
      [Redirty Cards: 0,1 ms]
      [Humongous Register: 173,1 ms]
      [Humongous Reclaim: 0,0 ms]
      [Free CSet: 0,2 ms]
   [Eden: 44,0M(44,0M)->0,0B(44,0M) Survivors: 7168,0K->7168,0K Heap: 293,5M(1024,0M)->227,0M(1024,0M)]
 [Times: user=0,59 sys=0,00, real=1,58 secs] 
2018-03-08T10:01:20.170+0100: 7340,943: [GC pause (G1 Evacuation Pause) (mixed), 0,9260417 secs]
   [Parallel Time: 347,3 ms, GC Workers: 8]
      [GC Worker Start (ms): Min: 7341346,9, Avg: 7341346,9, Max: 7341346,9, Diff: 0,0]
      [Ext Root Scanning (ms): Min: 155,2, Avg: 175,6, Max: 238,0, Diff: 82,9, Sum: 1404,8]
      [Update RS (ms): Min: 52,8, Avg: 116,1, Max: 143,2, Diff: 90,5, Sum: 928,9]
         [Processed Buffers: Min: 0, Avg: 6,0, Max: 13, Diff: 13, Sum: 48]
      [Scan RS (ms): Min: 0,0, Avg: 1,2, Max: 1,7, Diff: 1,7, Sum: 9,9]
      [Code Root Scanning (ms): Min: 0,0, Avg: 0,0, Max: 0,1, Diff: 0,1, Sum: 0,1]
      [Object Copy (ms): Min: 0,0, Avg: 6,2, Max: 16,5, Diff: 16,5, Sum: 49,4]
      [Termination (ms): Min: 0,0, Avg: 9,4, Max: 11,0, Diff: 11,0, Sum: 75,5]
         [Termination Attempts: Min: 1, Avg: 11,9, Max: 19, Diff: 18, Sum: 95]
      [GC Worker Other (ms): Min: 38,4, Avg: 38,4, Max: 38,5, Diff: 0,1, Sum: 307,5]
      [GC Worker Total (ms): Min: 346,9, Avg: 347,0, Max: 347,1, Diff: 0,2, Sum: 2776,1]
      [GC Worker End (ms): Min: 7341693,8, Avg: 7341693,9, Max: 7341694,0, Diff: 0,2]
   [Code Root Fixup: 0,0 ms]
   [Code Root Purge: 0,0 ms]
   [Clear CT: 0,1 ms]
   [Other: 578,6 ms]
      [Choose CSet: 0,1 ms]
      [Ref Proc: 124,6 ms]
      [Ref Enq: 0,0 ms]
      [Redirty Cards: 0,1 ms]
      [Humongous Register: 0,0 ms]
      [Humongous Reclaim: 0,0 ms]
      [Free CSet: 0,1 ms]
   [Eden: 44,0M(44,0M)->0,0B(46,0M) Survivors: 7168,0K->5120,0K Heap: 271,0M(1024,0M)->219,2M(1024,0M)]
 [Times: user=0,18 sys=0,00, real=1,55 secs] 
2018-03-08T10:02:25.457+0100: 7406,411: [GC pause (G1 Evacuation Pause) (young), 1,1532129 secs]
   [Parallel Time: 309,6 ms, GC Workers: 8]
      [GC Worker Start (ms): Min: 7406777,2, Avg: 7406777,2, Max: 7406777,2, Diff: 0,0]
      [Ext Root Scanning (ms): Min: 184,0, Avg: 187,5, Max: 211,9, Diff: 27,9, Sum: 1499,9]
      [Update RS (ms): Min: 52,8, Avg: 68,6, Max: 73,4, Diff: 20,6, Sum: 549,2]
         [Processed Buffers: Min: 0, Avg: 6,0, Max: 17, Diff: 17, Sum: 48]
      [Scan RS (ms): Min: 0,0, Avg: 1,0, Max: 1,3, Diff: 1,3, Sum: 7,7]
      [Code Root Scanning (ms): Min: 0,0, Avg: 0,0, Max: 0,0, Diff: 0,0, Sum: 0,0]
      [Object Copy (ms): Min: 0,0, Avg: 7,8, Max: 23,3, Diff: 23,3, Sum: 62,5]
      [Termination (ms): Min: 0,0, Avg: 5,9, Max: 6,9, Diff: 6,9, Sum: 46,9]
         [Termination Attempts: Min: 1, Avg: 24,1, Max: 36, Diff: 35, Sum: 193]
      [GC Worker Other (ms): Min: 38,7, Avg: 38,7, Max: 38,8, Diff: 0,1, Sum: 309,6]
      [GC Worker Total (ms): Min: 309,4, Avg: 309,5, Max: 309,5, Diff: 0,1, Sum: 2475,8]
      [GC Worker End (ms): Min: 7407086,6, Avg: 7407086,7, Max: 7407086,7, Diff: 0,1]
   [Code Root Fixup: 0,0 ms]
   [Code Root Purge: 0,0 ms]
   [Clear CT: 0,1 ms]
   [Other: 843,5 ms]
      [Choose CSet: 0,0 ms]
      [Ref Proc: 129,5 ms]
      [Ref Enq: 0,0 ms]
      [Redirty Cards: 0,1 ms]
      [Humongous Register: 36,5 ms]
      [Humongous Reclaim: 0,0 ms]
      [Free CSet: 0,0 ms]
   [Eden: 46,0M(46,0M)->0,0B(44,0M) Survivors: 5120,0K->7168,0K Heap: 265,2M(1024,0M)->224,4M(1024,0M)]
 [Times: user=0,10 sys=0,00, real=1,72 secs] 
2018-03-08T10:03:25.788+0100: 7466,562: [GC pause (G1 Evacuation Pause) (young), 0,0170615 secs]
   [Parallel Time: 9,5 ms, GC Workers: 8]
      [GC Worker Start (ms): Min: 7466562,0, Avg: 7466562,7, Max: 7466567,4, Diff: 5,4]
      [Ext Root Scanning (ms): Min: 0,0, Avg: 0,3, Max: 0,7, Diff: 0,7, Sum: 2,4]
      [Update RS (ms): Min: 0,0, Avg: 1,4, Max: 5,8, Diff: 5,8, Sum: 11,5]
         [Processed Buffers: Min: 0, Avg: 5,4, Max: 18, Diff: 18, Sum: 43]
      [Scan RS (ms): Min: 0,0, Avg: 1,1, Max: 1,5, Diff: 1,5, Sum: 8,8]
      [Code Root Scanning (ms): Min: 0,0, Avg: 0,0, Max: 0,0, Diff: 0,0, Sum: 0,0]
      [Object Copy (ms): Min: 2,4, Avg: 5,1, Max: 6,4, Diff: 4,1, Sum: 41,1]
      [Termination (ms): Min: 0,0, Avg: 0,7, Max: 0,9, Diff: 0,9, Sum: 5,6]
         [Termination Attempts: Min: 1, Avg: 3,2, Max: 6, Diff: 5, Sum: 26]
      [GC Worker Other (ms): Min: 0,0, Avg: 0,0, Max: 0,0, Diff: 0,0, Sum: 0,1]
      [GC Worker Total (ms): Min: 4,0, Avg: 8,7, Max: 9,5, Diff: 5,5, Sum: 69,5]
      [GC Worker End (ms): Min: 7466571,4, Avg: 7466571,4, Max: 7466571,5, Diff: 0,1]
   [Code Root Fixup: 0,0 ms]
   [Code Root Purge: 0,0 ms]
   [Clear CT: 0,1 ms]
   [Other: 7,4 ms]
      [Choose CSet: 0,0 ms]
      [Ref Proc: 6,9 ms]
      [Ref Enq: 0,0 ms]
      [Redirty Cards: 0,1 ms]
      [Humongous Register: 0,0 ms]
      [Humongous Reclaim: 0,0 ms]
      [Free CSet: 0,1 ms]
   [Eden: 44,0M(44,0M)->0,0B(44,0M) Survivors: 7168,0K->7168,0K Heap: 268,4M(1024,0M)->226,2M(1024,0M)]
 [Times: user=0,10 sys=0,00, real=0,19 secs] 
2018-03-08T10:04:26.894+0100: 7527,668: [GC pause (G1 Evacuation Pause) (young), 0,2750023 secs]
   [Parallel Time: 139,8 ms, GC Workers: 8]
      [GC Worker Start (ms): Min: 7527719,8, Avg: 7527719,9, Max: 7527720,2, Diff: 0,4]
      [Ext Root Scanning (ms): Min: 0,0, Avg: 0,3, Max: 0,7, Diff: 0,7, Sum: 2,5]
      [Update RS (ms): Min: 0,0, Avg: 0,9, Max: 1,2, Diff: 1,2, Sum: 6,9]
         [Processed Buffers: Min: 0, Avg: 5,6, Max: 13, Diff: 13, Sum: 45]
      [Scan RS (ms): Min: 0,0, Avg: 7,5, Max: 53,0, Diff: 53,0, Sum: 59,6]
      [Code Root Scanning (ms): Min: 0,0, Avg: 0,0, Max: 0,0, Diff: 0,0, Sum: 0,0]
      [Object Copy (ms): Min: 85,0, Avg: 130,9, Max: 139,2, Diff: 54,3, Sum: 1047,2]
      [Termination (ms): Min: 0,0, Avg: 0,0, Max: 0,0, Diff: 0,0, Sum: 0,0]
         [Termination Attempts: Min: 1, Avg: 3,2, Max: 7, Diff: 6, Sum: 26]
      [GC Worker Other (ms): Min: 0,0, Avg: 0,0, Max: 0,0, Diff: 0,0, Sum: 0,1]
      [GC Worker Total (ms): Min: 139,2, Avg: 139,5, Max: 139,7, Diff: 0,4, Sum: 1116,4]
      [GC Worker End (ms): Min: 7527859,5, Avg: 7527859,5, Max: 7527859,5, Diff: 0,0]
   [Code Root Fixup: 0,0 ms]
   [Code Root Purge: 0,0 ms]
   [Clear CT: 0,1 ms]
   [Other: 135,2 ms]
      [Choose CSet: 0,0 ms]
      [Ref Proc: 2,2 ms]
      [Ref Enq: 0,0 ms]
      [Redirty Cards: 0,1 ms]
      [Humongous Register: 0,0 ms]
      [Humongous Reclaim: 0,0 ms]
      [Free CSet: 0,1 ms]
   [Eden: 44,0M(44,0M)->0,0B(45,0M) Survivors: 7168,0K->6144,0K Heap: 270,2M(1024,0M)->226,6M(1024,0M)]
 [Times: user=0,06 sys=0,00, real=0,56 secs] 
2018-03-08T10:05:29.283+0100: 7590,056: [GC pause (G1 Evacuation Pause) (young), 0,5549759 secs]
   [Parallel Time: 56,2 ms, GC Workers: 8]
      [GC Worker Start (ms): Min: 7590548,2, Avg: 7590548,3, Max: 7590548,5, Diff: 0,3]
      [Ext Root Scanning (ms): Min: 45,7, Avg: 47,2, Max: 56,1, Diff: 10,4, Sum: 377,2]
      [Update RS (ms): Min: 0,0, Avg: 1,1, Max: 1,6, Diff: 1,6, Sum: 9,0]
         [Processed Buffers: Min: 0, Avg: 6,1, Max: 18, Diff: 18, Sum: 49]
      [Scan RS (ms): Min: 0,0, Avg: 0,9, Max: 1,4, Diff: 1,4, Sum: 7,3]
      [Code Root Scanning (ms): Min: 0,0, Avg: 0,0, Max: 0,0, Diff: 0,0, Sum: 0,0]
      [Object Copy (ms): Min: 0,0, Avg: 5,6, Max: 9,3, Diff: 9,3, Sum: 44,8]
      [Termination (ms): Min: 0,0, Avg: 1,2, Max: 1,5, Diff: 1,5, Sum: 9,4]
         [Termination Attempts: Min: 1, Avg: 1,5, Max: 2, Diff: 1, Sum: 12]
      [GC Worker Other (ms): Min: 0,0, Avg: 0,0, Max: 0,0, Diff: 0,0, Sum: 0,1]
      [GC Worker Total (ms): Min: 55,7, Avg: 56,0, Max: 56,1, Diff: 0,4, Sum: 447,8]
      [GC Worker End (ms): Min: 7590604,3, Avg: 7590604,3, Max: 7590604,4, Diff: 0,1]
   [Code Root Fixup: 0,0 ms]
   [Code Root Purge: 0,0 ms]
   [Clear CT: 0,1 ms]
   [Other: 498,7 ms]
      [Choose CSet: 0,0 ms]
      [Ref Proc: 6,3 ms]
      [Ref Enq: 0,0 ms]
      [Redirty Cards: 0,1 ms]
      [Humongous Register: 284,1 ms]
      [Humongous Reclaim: 0,0 ms]
      [Free CSet: 0,1 ms]
   [Eden: 45,0M(45,0M)->0,0B(44,0M) Survivors: 6144,0K->7168,0K Heap: 271,6M(1024,0M)->229,9M(1024,0M)]
 [Times: user=0,10 sys=0,00, real=0,83 secs] 
2018-03-08T10:06:31.294+0100: 7652,068: [GC pause (G1 Evacuation Pause) (young), 0,3492350 secs]
   [Parallel Time: 168,3 ms, GC Workers: 8]
      [GC Worker Start (ms): Min: 7652078,8, Avg: 7652078,9, Max: 7652078,9, Diff: 0,1]
      [Ext Root Scanning (ms): Min: 99,2, Avg: 100,6, Max: 110,5, Diff: 11,3, Sum: 805,1]
      [Update RS (ms): Min: 0,0, Avg: 2,0, Max: 2,5, Diff: 2,5, Sum: 15,8]
         [Processed Buffers: Min: 0, Avg: 6,4, Max: 15, Diff: 15, Sum: 51]
      [Scan RS (ms): Min: 0,0, Avg: 1,6, Max: 2,0, Diff: 2,0, Sum: 12,8]
      [Code Root Scanning (ms): Min: 0,0, Avg: 0,0, Max: 0,0, Diff: 0,0, Sum: 0,0]
      [Object Copy (ms): Min: 0,3, Avg: 7,5, Max: 14,8, Diff: 14,5, Sum: 60,1]
      [Termination (ms): Min: 0,0, Avg: 6,4, Max: 7,4, Diff: 7,4, Sum: 51,0]
         [Termination Attempts: Min: 1, Avg: 1,1, Max: 2, Diff: 1, Sum: 9]
      [GC Worker Other (ms): Min: 50,0, Avg: 50,0, Max: 50,0, Diff: 0,1, Sum: 400,0]
      [GC Worker Total (ms): Min: 168,0, Avg: 168,1, Max: 168,2, Diff: 0,2, Sum: 1344,7]
      [GC Worker End (ms): Min: 7652246,9, Avg: 7652246,9, Max: 7652247,1, Diff: 0,2]
   [Code Root Fixup: 0,0 ms]
   [Code Root Purge: 0,0 ms]
   [Clear CT: 0,2 ms]
   [Other: 180,7 ms]
      [Choose CSet: 0,0 ms]
      [Ref Proc: 161,3 ms]
      [Ref Enq: 0,0 ms]
      [Redirty Cards: 0,1 ms]
      [Humongous Register: 0,0 ms]
      [Humongous Reclaim: 0,0 ms]
      [Free CSet: 0,1 ms]
   [Eden: 44,0M(44,0M)->0,0B(44,0M) Survivors: 7168,0K->7168,0K Heap: 273,9M(1024,0M)->232,7M(1024,0M)]
 [Times: user=0,14 sys=0,00, real=0,53 secs] 
2018-03-08T10:07:33.355+0100: 7714,158: [GC pause (G1 Evacuation Pause) (young), 1,0757685 secs]
   [Parallel Time: 443,9 ms, GC Workers: 8]
      [GC Worker Start (ms): Min: 7714528,1, Avg: 7714528,1, Max: 7714528,2, Diff: 0,0]
      [Ext Root Scanning (ms): Min: 179,5, Avg: 188,7, Max: 250,9, Diff: 71,4, Sum: 1509,5]
      [Update RS (ms): Min: 0,0, Avg: 1,2, Max: 1,6, Diff: 1,6, Sum: 9,5]
         [Processed Buffers: Min: 0, Avg: 6,4, Max: 19, Diff: 19, Sum: 51]
      [Scan RS (ms): Min: 25,3, Avg: 82,6, Max: 90,8, Diff: 65,5, Sum: 660,4]
      [Code Root Scanning (ms): Min: 0,0, Avg: 0,0, Max: 0,0, Diff: 0,0, Sum: 0,0]
      [Object Copy (ms): Min: 0,0, Avg: 3,2, Max: 3,7, Diff: 3,7, Sum: 25,4]
      [Termination (ms): Min: 0,0, Avg: 0,6, Max: 0,8, Diff: 0,8, Sum: 5,0]
         [Termination Attempts: Min: 1, Avg: 10,1, Max: 16, Diff: 15, Sum: 81]
      [GC Worker Other (ms): Min: 167,6, Avg: 167,6, Max: 167,7, Diff: 0,1, Sum: 1341,1]
      [GC Worker Total (ms): Min: 443,8, Avg: 443,9, Max: 443,9, Diff: 0,1, Sum: 3551,0]
      [GC Worker End (ms): Min: 7714972,0, Avg: 7714972,0, Max: 7714972,0, Diff: 0,0]
   [Code Root Fixup: 0,0 ms]
   [Code Root Purge: 0,0 ms]
   [Clear CT: 0,2 ms]
   [Other: 631,6 ms]
      [Choose CSet: 0,0 ms]
      [Ref Proc: 146,2 ms]
      [Ref Enq: 0,0 ms]
      [Redirty Cards: 0,2 ms]
      [Humongous Register: 124,4 ms]
      [Humongous Reclaim: 0,0 ms]
      [Free CSet: 0,0 ms]
   [Eden: 44,0M(44,0M)->0,0B(46,0M) Survivors: 7168,0K->5120,0K Heap: 276,7M(1024,0M)->232,2M(1024,0M)]
 [Times: user=0,07 sys=0,00, real=1,58 secs] 
2018-03-08T10:08:36.954+0100: 7777,766: [GC pause (G1 Evacuation Pause) (young), 0,4117374 secs]
   [Parallel Time: 208,2 ms, GC Workers: 8]
      [GC Worker Start (ms): Min: 7777804,3, Avg: 7777804,3, Max: 7777804,3, Diff: 0,0]
      [Ext Root Scanning (ms): Min: 62,9, Avg: 103,1, Max: 188,6, Diff: 125,7, Sum: 824,8]
      [Update RS (ms): Min: 0,9, Avg: 8,3, Max: 15,0, Diff: 14,1, Sum: 66,0]
         [Processed Buffers: Min: 1, Avg: 6,6, Max: 21, Diff: 20, Sum: 53]
      [Scan RS (ms): Min: 0,0, Avg: 0,8, Max: 1,1, Diff: 1,1, Sum: 6,0]
      [Code Root Scanning (ms): Min: 0,0, Avg: 0,0, Max: 0,0, Diff: 0,0, Sum: 0,0]
      [Object Copy (ms): Min: 7,6, Avg: 93,3, Max: 142,9, Diff: 135,3, Sum: 746,1]
      [Termination (ms): Min: 0,0, Avg: 2,5, Max: 3,0, Diff: 3,0, Sum: 19,6]
         [Termination Attempts: Min: 1, Avg: 16,0, Max: 30, Diff: 29, Sum: 128]
      [GC Worker Other (ms): Min: 0,3, Avg: 0,3, Max: 0,3, Diff: 0,1, Sum: 2,3]
      [GC Worker Total (ms): Min: 208,1, Avg: 208,1, Max: 208,2, Diff: 0,1, Sum: 1664,9]
      [GC Worker End (ms): Min: 7778012,4, Avg: 7778012,4, Max: 7778012,5, Diff: 0,1]
   [Code Root Fixup: 0,0 ms]
   [Code Root Purge: 0,0 ms]
   [Clear CT: 0,1 ms]
   [Other: 203,4 ms]
      [Choose CSet: 0,0 ms]
      [Ref Proc: 126,4 ms]
      [Ref Enq: 0,0 ms]
      [Redirty Cards: 0,1 ms]
      [Humongous Register: 0,0 ms]
      [Humongous Reclaim: 0,0 ms]
      [Free CSet: 0,1 ms]
   [Eden: 46,0M(46,0M)->0,0B(44,0M) Survivors: 5120,0K->7168,0K Heap: 278,2M(1024,0M)->236,9M(1024,0M)]
 [Times: user=0,15 sys=0,00, real=0,71 secs] 
2018-03-08T10:09:37.763+0100: 7838,537: [GC pause (G1 Evacuation Pause) (young), 1,0730045 secs]
   [Parallel Time: 419,0 ms, GC Workers: 8]
      [GC Worker Start (ms): Min: 7838825,1, Avg: 7838825,1, Max: 7838825,2, Diff: 0,1]
      [Ext Root Scanning (ms): Min: 213,3, Avg: 213,7, Max: 216,0, Diff: 2,7, Sum: 1709,9]
      [Update RS (ms): Min: 108,9, Avg: 109,3, Max: 110,3, Diff: 1,4, Sum: 874,1]
         [Processed Buffers: Min: 0, Avg: 6,4, Max: 22, Diff: 22, Sum: 51]
      [Scan RS (ms): Min: 0,0, Avg: 1,1, Max: 1,3, Diff: 1,3, Sum: 8,5]
      [Code Root Scanning (ms): Min: 0,0, Avg: 0,0, Max: 0,0, Diff: 0,0, Sum: 0,0]
      [Object Copy (ms): Min: 7,2, Avg: 9,7, Max: 11,1, Diff: 3,9, Sum: 77,5]
      [Termination (ms): Min: 0,0, Avg: 1,1, Max: 1,4, Diff: 1,4, Sum: 9,0]
         [Termination Attempts: Min: 1, Avg: 1,9, Max: 4, Diff: 3, Sum: 15]
      [GC Worker Other (ms): Min: 84,0, Avg: 84,0, Max: 84,0, Diff: 0,1, Sum: 671,9]
      [GC Worker Total (ms): Min: 418,8, Avg: 418,9, Max: 418,9, Diff: 0,1, Sum: 3350,9]
      [GC Worker End (ms): Min: 7839244,0, Avg: 7839244,0, Max: 7839244,1, Diff: 0,1]
   [Code Root Fixup: 0,0 ms]
   [Code Root Purge: 0,0 ms]
   [Clear CT: 0,2 ms]
   [Other: 653,8 ms]
      [Choose CSet: 0,0 ms]
      [Ref Proc: 138,5 ms]
      [Ref Enq: 0,0 ms]
      [Redirty Cards: 0,1 ms]
      [Humongous Register: 40,2 ms]
      [Humongous Reclaim: 0,0 ms]
      [Free CSet: 0,1 ms]
   [Eden: 44,0M(44,0M)->0,0B(44,0M) Survivors: 7168,0K->7168,0K Heap: 280,9M(1024,0M)->240,5M(1024,0M)]
 [Times: user=0,08 sys=0,01, real=1,24 secs] 
2018-03-08T10:10:39.327+0100: 7900,101: [GC pause (G1 Evacuation Pause) (young), 1,0555372 secs]
   [Parallel Time: 196,9 ms, GC Workers: 8]
      [GC Worker Start (ms): Min: 7900805,1, Avg: 7900805,2, Max: 7900805,2, Diff: 0,1]
      [Ext Root Scanning (ms): Min: 161,7, Avg: 166,1, Max: 196,6, Diff: 34,9, Sum: 1329,1]
      [Update RS (ms): Min: 0,0, Avg: 19,4, Max: 27,9, Diff: 27,9, Sum: 155,1]
         [Processed Buffers: Min: 0, Avg: 5,8, Max: 14, Diff: 14, Sum: 46]
      [Scan RS (ms): Min: 0,0, Avg: 1,2, Max: 1,8, Diff: 1,8, Sum: 9,5]
      [Code Root Scanning (ms): Min: 0,0, Avg: 0,0, Max: 0,0, Diff: 0,0, Sum: 0,0]
      [Object Copy (ms): Min: 0,0, Avg: 3,5, Max: 4,9, Diff: 4,9, Sum: 28,0]
      [Termination (ms): Min: 0,0, Avg: 6,5, Max: 7,9, Diff: 7,9, Sum: 52,3]
         [Termination Attempts: Min: 1, Avg: 42,6, Max: 74, Diff: 73, Sum: 341]
      [GC Worker Other (ms): Min: 0,0, Avg: 0,0, Max: 0,0, Diff: 0,0, Sum: 0,1]
      [GC Worker Total (ms): Min: 196,7, Avg: 196,8, Max: 196,9, Diff: 0,2, Sum: 1574,1]
      [GC Worker End (ms): Min: 7901001,8, Avg: 7901001,9, Max: 7901002,0, Diff: 0,2]
   [Code Root Fixup: 0,0 ms]
   [Code Root Purge: 0,0 ms]
   [Clear CT: 0,1 ms]
   [Other: 858,5 ms]
      [Choose CSet: 0,0 ms]
      [Ref Proc: 154,1 ms]
      [Ref Enq: 0,0 ms]
      [Redirty Cards: 0,1 ms]
      [Humongous Register: 0,0 ms]
      [Humongous Reclaim: 0,0 ms]
      [Free CSet: 0,1 ms]
   [Eden: 44,0M(44,0M)->0,0B(45,0M) Survivors: 7168,0K->6144,0K Heap: 284,5M(1024,0M)->240,7M(1024,0M)]
 [Times: user=0,13 sys=0,00, real=1,43 secs] 
2018-03-08T10:11:42.269+0100: 7963,043: [GC pause (G1 Evacuation Pause) (young), 0,2165414 secs]
   [Parallel Time: 10,5 ms, GC Workers: 8]
      [GC Worker Start (ms): Min: 7963230,1, Avg: 7963230,3, Max: 7963230,6, Diff: 0,4]
      [Ext Root Scanning (ms): Min: 0,0, Avg: 0,3, Max: 0,7, Diff: 0,7, Sum: 2,4]
      [Update RS (ms): Min: 0,0, Avg: 1,0, Max: 1,5, Diff: 1,5, Sum: 7,8]
         [Processed Buffers: Min: 0, Avg: 5,5, Max: 12, Diff: 12, Sum: 44]
      [Scan RS (ms): Min: 0,0, Avg: 1,0, Max: 1,5, Diff: 1,5, Sum: 8,1]
      [Code Root Scanning (ms): Min: 0,0, Avg: 0,0, Max: 0,0, Diff: 0,0, Sum: 0,0]
      [Object Copy (ms): Min: 5,8, Avg: 6,8, Max: 10,0, Diff: 4,2, Sum: 54,4]
      [Termination (ms): Min: 0,0, Avg: 1,2, Max: 1,4, Diff: 1,4, Sum: 9,2]
         [Termination Attempts: Min: 1, Avg: 3,4, Max: 6, Diff: 5, Sum: 27]
      [GC Worker Other (ms): Min: 0,0, Avg: 0,0, Max: 0,0, Diff: 0,0, Sum: 0,1]
      [GC Worker Total (ms): Min: 10,0, Avg: 10,3, Max: 10,4, Diff: 0,4, Sum: 82,1]
      [GC Worker End (ms): Min: 7963240,5, Avg: 7963240,5, Max: 7963240,6, Diff: 0,0]
   [Code Root Fixup: 0,0 ms]
   [Code Root Purge: 0,0 ms]
   [Clear CT: 0,1 ms]
   [Other: 206,0 ms]
      [Choose CSet: 0,0 ms]
      [Ref Proc: 18,5 ms]
      [Ref Enq: 0,0 ms]
      [Redirty Cards: 0,1 ms]
      [Humongous Register: 0,0 ms]
      [Humongous Reclaim: 0,0 ms]
      [Free CSet: 0,1 ms]
   [Eden: 45,0M(45,0M)->0,0B(44,0M) Survivors: 6144,0K->7168,0K Heap: 285,7M(1024,0M)->244,2M(1024,0M)]
 [Times: user=0,14 sys=0,00, real=0,45 secs] 
2018-03-08T10:12:43.872+0100: 8024,646: [GC pause (G1 Evacuation Pause) (young), 0,8691199 secs]
   [Parallel Time: 531,8 ms, GC Workers: 8]
      [GC Worker Start (ms): Min: 8024920,0, Avg: 8024920,0, Max: 8024920,0, Diff: 0,1]
      [Ext Root Scanning (ms): Min: 152,8, Avg: 159,9, Max: 181,1, Diff: 28,3, Sum: 1279,0]
      [Update RS (ms): Min: 20,6, Avg: 41,8, Max: 49,0, Diff: 28,4, Sum: 334,7]
         [Processed Buffers: Min: 0, Avg: 6,0, Max: 15, Diff: 15, Sum: 48]
      [Scan RS (ms): Min: 81,4, Avg: 82,9, Max: 88,7, Diff: 7,2, Sum: 663,1]
      [Code Root Scanning (ms): Min: 0,0, Avg: 0,0, Max: 0,0, Diff: 0,0, Sum: 0,0]
      [Object Copy (ms): Min: 0,0, Avg: 5,5, Max: 10,3, Diff: 10,3, Sum: 44,1]
      [Termination (ms): Min: 0,0, Avg: 3,6, Max: 4,2, Diff: 4,2, Sum: 28,5]
         [Termination Attempts: Min: 1, Avg: 6,4, Max: 11, Diff: 10, Sum: 51]
      [GC Worker Other (ms): Min: 238,0, Avg: 238,1, Max: 238,1, Diff: 0,1, Sum: 1904,4]
      [GC Worker Total (ms): Min: 531,7, Avg: 531,7, Max: 531,8, Diff: 0,1, Sum: 4253,8]
      [GC Worker End (ms): Min: 8025451,7, Avg: 8025451,7, Max: 8025451,8, Diff: 0,1]
   [Code Root Fixup: 0,0 ms]
   [Code Root Purge: 0,0 ms]
   [Clear CT: 0,1 ms]
   [Other: 337,1 ms]
      [Choose CSet: 0,0 ms]
      [Ref Proc: 61,8 ms]
      [Ref Enq: 0,0 ms]
      [Redirty Cards: 0,1 ms]
      [Humongous Register: 42,9 ms]
      [Humongous Reclaim: 0,2 ms]
      [Free CSet: 0,3 ms]
   [Eden: 44,0M(44,0M)->0,0B(44,0M) Survivors: 7168,0K->7168,0K Heap: 288,2M(1024,0M)->247,1M(1024,0M)]
 [Times: user=0,10 sys=0,00, real=1,18 secs] 
2018-03-08T10:13:44.308+0100: 8085,082: [GC pause (G1 Evacuation Pause) (young), 0,0151446 secs]
   [Parallel Time: 8,6 ms, GC Workers: 8]
      [GC Worker Start (ms): Min: 8085082,1, Avg: 8085084,1, Max: 8085090,5, Diff: 8,5]
      [Ext Root Scanning (ms): Min: 0,0, Avg: 0,3, Max: 0,7, Diff: 0,7, Sum: 2,3]
      [Update RS (ms): Min: 0,0, Avg: 0,9, Max: 1,4, Diff: 1,4, Sum: 7,3]
         [Processed Buffers: Min: 0, Avg: 5,6, Max: 19, Diff: 19, Sum: 45]
      [Scan RS (ms): Min: 0,0, Avg: 1,0, Max: 1,5, Diff: 1,5, Sum: 8,3]
      [Code Root Scanning (ms): Min: 0,0, Avg: 0,0, Max: 0,0, Diff: 0,0, Sum: 0,0]
      [Object Copy (ms): Min: 0,0, Avg: 3,1, Max: 4,1, Diff: 4,1, Sum: 24,7]
      [Termination (ms): Min: 0,0, Avg: 1,1, Max: 1,4, Diff: 1,4, Sum: 9,0]
         [Termination Attempts: Min: 1, Avg: 8,8, Max: 17, Diff: 16, Sum: 70]
      [GC Worker Other (ms): Min: 0,0, Avg: 0,0, Max: 0,0, Diff: 0,0, Sum: 0,1]
      [GC Worker Total (ms): Min: 0,0, Avg: 6,5, Max: 8,5, Diff: 8,5, Sum: 51,7]
      [GC Worker End (ms): Min: 8085090,5, Avg: 8085090,6, Max: 8085090,6, Diff: 0,1]
   [Code Root Fixup: 0,0 ms]
   [Code Root Purge: 0,0 ms]
   [Clear CT: 0,1 ms]
   [Other: 6,5 ms]
      [Choose CSet: 0,0 ms]
      [Ref Proc: 6,1 ms]
      [Ref Enq: 0,0 ms]
      [Redirty Cards: 0,1 ms]
      [Humongous Register: 0,0 ms]
      [Humongous Reclaim: 0,0 ms]
      [Free CSet: 0,1 ms]
   [Eden: 44,0M(44,0M)->0,0B(47,0M) Survivors: 7168,0K->4096,0K Heap: 291,1M(1024,0M)->245,2M(1024,0M)]
 [Times: user=0,08 sys=0,01, real=0,16 secs] 
2018-03-08T10:14:50.829+0100: 8151,603: [GC pause (G1 Evacuation Pause) (young), 0,6523555 secs]
   [Parallel Time: 263,2 ms, GC Workers: 8]
      [GC Worker Start (ms): Min: 8151912,1, Avg: 8151912,1, Max: 8151912,2, Diff: 0,0]
      [Ext Root Scanning (ms): Min: 126,6, Avg: 126,7, Max: 126,7, Diff: 0,1, Sum: 1013,4]
      [Update RS (ms): Min: 0,0, Avg: 3,2, Max: 17,9, Diff: 17,9, Sum: 25,7]
         [Processed Buffers: Min: 0, Avg: 5,8, Max: 14, Diff: 14, Sum: 46]
      [Scan RS (ms): Min: 0,0, Avg: 0,9, Max: 1,3, Diff: 1,3, Sum: 6,9]
      [Code Root Scanning (ms): Min: 0,0, Avg: 0,0, Max: 0,0, Diff: 0,0, Sum: 0,0]
      [Object Copy (ms): Min: 12,7, Avg: 22,0, Max: 25,3, Diff: 12,6, Sum: 176,2]
      [Termination (ms): Min: 0,0, Avg: 5,7, Max: 6,5, Diff: 6,5, Sum: 45,2]
         [Termination Attempts: Min: 1, Avg: 7,5, Max: 11, Diff: 10, Sum: 60]
      [GC Worker Other (ms): Min: 104,6, Avg: 104,6, Max: 104,7, Diff: 0,1, Sum: 836,9]
      [GC Worker Total (ms): Min: 263,0, Avg: 263,0, Max: 263,1, Diff: 0,1, Sum: 2104,3]
      [GC Worker End (ms): Min: 8152175,2, Avg: 8152175,2, Max: 8152175,2, Diff: 0,1]
   [Code Root Fixup: 0,0 ms]
   [Code Root Purge: 0,0 ms]
   [Clear CT: 0,1 ms]
   [Other: 389,0 ms]
      [Choose CSet: 0,0 ms]
      [Ref Proc: 55,0 ms]
      [Ref Enq: 0,0 ms]
      [Redirty Cards: 0,1 ms]
      [Humongous Register: 182,4 ms]
      [Humongous Reclaim: 0,0 ms]
      [Free CSet: 0,0 ms]
   [Eden: 47,0M(47,0M)->0,0B(44,0M) Survivors: 4096,0K->7168,0K Heap: 292,2M(1024,0M)->251,4M(1024,0M)]
 [Times: user=0,11 sys=0,00, real=0,74 secs] 
2018-03-08T10:15:52.421+0100: 8213,195: [GC pause (G1 Evacuation Pause) (young), 0,6531806 secs]
   [Parallel Time: 376,5 ms, GC Workers: 8]
      [GC Worker Start (ms): Min: 8213490,2, Avg: 8213490,2, Max: 8213490,2, Diff: 0,1]
      [Ext Root Scanning (ms): Min: 126,4, Avg: 128,8, Max: 145,2, Diff: 18,8, Sum: 1030,7]
      [Update RS (ms): Min: 10,8, Avg: 22,8, Max: 102,5, Diff: 91,7, Sum: 182,1]
         [Processed Buffers: Min: 0, Avg: 5,9, Max: 17, Diff: 17, Sum: 47]
      [Scan RS (ms): Min: 0,0, Avg: 1,2, Max: 1,5, Diff: 1,5, Sum: 9,6]
      [Code Root Scanning (ms): Min: 0,0, Avg: 0,0, Max: 0,0, Diff: 0,0, Sum: 0,0]
      [Object Copy (ms): Min: 7,2, Avg: 83,7, Max: 97,6, Diff: 90,4, Sum: 669,4]
      [Termination (ms): Min: 0,0, Avg: 1,2, Max: 1,5, Diff: 1,5, Sum: 10,0]
         [Termination Attempts: Min: 1, Avg: 9,0, Max: 13, Diff: 12, Sum: 72]
      [GC Worker Other (ms): Min: 52,3, Avg: 52,4, Max: 52,4, Diff: 0,1, Sum: 419,1]
      [GC Worker Total (ms): Min: 290,1, Avg: 290,1, Max: 290,2, Diff: 0,1, Sum: 2321,0]
      [GC Worker End (ms): Min: 8213780,3, Avg: 8213780,3, Max: 8213780,4, Diff: 0,1]
   [Code Root Fixup: 0,0 ms]
   [Code Root Purge: 0,0 ms]
   [Clear CT: 0,1 ms]
   [Other: 276,6 ms]
      [Choose CSet: 0,0 ms]
      [Ref Proc: 63,0 ms]
      [Ref Enq: 0,0 ms]
      [Redirty Cards: 0,1 ms]
      [Humongous Register: 0,0 ms]
      [Humongous Reclaim: 0,0 ms]
      [Free CSet: 0,1 ms]
   [Eden: 44,0M(44,0M)->0,0B(44,0M) Survivors: 7168,0K->7168,0K Heap: 295,4M(1024,0M)->254,8M(1024,0M)]
 [Times: user=0,10 sys=0,01, real=0,98 secs] 
2018-03-08T10:16:52.514+0100: 8273,288: [GC pause (G1 Evacuation Pause) (young), 0,0398526 secs]
   [Parallel Time: 28,3 ms, GC Workers: 8]
      [GC Worker Start (ms): Min: 8273288,0, Avg: 8273290,8, Max: 8273298,4, Diff: 10,4]
      [Ext Root Scanning (ms): Min: 0,0, Avg: 0,3, Max: 0,6, Diff: 0,6, Sum: 2,4]
      [Update RS (ms): Min: 0,0, Avg: 1,0, Max: 2,0, Diff: 2,0, Sum: 7,9]
         [Processed Buffers: Min: 0, Avg: 5,8, Max: 14, Diff: 14, Sum: 46]
      [Scan RS (ms): Min: 0,0, Avg: 2,1, Max: 6,8, Diff: 6,8, Sum: 16,5]
      [Code Root Scanning (ms): Min: 0,0, Avg: 0,0, Max: 0,0, Diff: 0,0, Sum: 0,0]
      [Object Copy (ms): Min: 0,0, Avg: 5,5, Max: 23,8, Diff: 23,8, Sum: 43,8]
      [Termination (ms): Min: 0,0, Avg: 16,5, Max: 19,3, Diff: 19,3, Sum: 132,2]
         [Termination Attempts: Min: 1, Avg: 7,4, Max: 17, Diff: 16, Sum: 59]
      [GC Worker Other (ms): Min: 0,0, Avg: 0,0, Max: 0,0, Diff: 0,0, Sum: 0,1]
      [GC Worker Total (ms): Min: 17,7, Avg: 25,3, Max: 28,3, Diff: 10,6, Sum: 202,8]
      [GC Worker End (ms): Min: 8273316,1, Avg: 8273316,1, Max: 8273316,3, Diff: 0,2]
   [Code Root Fixup: 0,0 ms]
   [Code Root Purge: 0,0 ms]
   [Clear CT: 0,1 ms]
   [Other: 11,4 ms]
      [Choose CSet: 0,0 ms]
      [Ref Proc: 11,0 ms]
      [Ref Enq: 0,0 ms]
      [Redirty Cards: 0,1 ms]
      [Humongous Register: 0,0 ms]
      [Humongous Reclaim: 0,0 ms]
      [Free CSet: 0,1 ms]
   [Eden: 44,0M(44,0M)->0,0B(45,0M) Survivors: 7168,0K->6144,0K Heap: 298,8M(1024,0M)->256,2M(1024,0M)]
 [Times: user=0,19 sys=0,00, real=0,07 secs] 
2018-03-08T10:17:53.900+0100: 8334,673: [GC pause (G1 Evacuation Pause) (young), 0,0282866 secs]
   [Parallel Time: 16,8 ms, GC Workers: 8]
      [GC Worker Start (ms): Min: 8334673,3, Avg: 8334676,0, Max: 8334683,6, Diff: 10,3]
      [Ext Root Scanning (ms): Min: 0,0, Avg: 0,2, Max: 0,6, Diff: 0,6, Sum: 1,8]
      [Update RS (ms): Min: 0,0, Avg: 1,0, Max: 1,8, Diff: 1,8, Sum: 7,8]
         [Processed Buffers: Min: 0, Avg: 5,5, Max: 16, Diff: 16, Sum: 44]
      [Scan RS (ms): Min: 0,0, Avg: 1,0, Max: 1,6, Diff: 1,6, Sum: 7,9]
      [Code Root Scanning (ms): Min: 0,0, Avg: 0,0, Max: 0,0, Diff: 0,0, Sum: 0,0]
      [Object Copy (ms): Min: 0,0, Avg: 5,7, Max: 13,2, Diff: 13,2, Sum: 45,9]
      [Termination (ms): Min: 0,0, Avg: 6,1, Max: 7,1, Diff: 7,1, Sum: 48,8]
         [Termination Attempts: Min: 1, Avg: 1,2, Max: 2, Diff: 1, Sum: 10]
      [GC Worker Other (ms): Min: 0,0, Avg: 0,0, Max: 0,0, Diff: 0,0, Sum: 0,1]
      [GC Worker Total (ms): Min: 6,4, Avg: 14,0, Max: 16,7, Diff: 10,4, Sum: 112,2]
      [GC Worker End (ms): Min: 8334689,9, Avg: 8334690,0, Max: 8334690,1, Diff: 0,1]
   [Code Root Fixup: 0,0 ms]
   [Code Root Purge: 0,0 ms]
   [Clear CT: 0,1 ms]
   [Other: 11,4 ms]
      [Choose CSet: 0,0 ms]
      [Ref Proc: 10,9 ms]
      [Ref Enq: 0,0 ms]
      [Redirty Cards: 0,1 ms]
      [Humongous Register: 0,0 ms]
      [Humongous Reclaim: 0,0 ms]
      [Free CSet: 0,1 ms]
   [Eden: 45,0M(45,0M)->0,0B(44,0M) Survivors: 6144,0K->7168,0K Heap: 301,2M(1024,0M)->259,7M(1024,0M)]
 [Times: user=0,14 sys=0,00, real=0,17 secs] 
2018-03-08T10:18:54.998+0100: 8395,773: [GC pause (G1 Evacuation Pause) (young), 0,9905523 secs]
   [Parallel Time: 773,7 ms, GC Workers: 8]
      [GC Worker Start (ms): Min: 8396054,4, Avg: 8396054,4, Max: 8396054,5, Diff: 0,1]
      [Ext Root Scanning (ms): Min: 154,5, Avg: 154,7, Max: 156,2, Diff: 1,7, Sum: 1237,8]
      [Update RS (ms): Min: 0,0, Avg: 41,7, Max: 60,1, Diff: 60,1, Sum: 333,4]
         [Processed Buffers: Min: 0, Avg: 5,9, Max: 17, Diff: 17, Sum: 47]
      [Scan RS (ms): Min: 1,4, Avg: 100,7, Max: 139,0, Diff: 137,5, Sum: 805,3]
      [Code Root Scanning (ms): Min: 0,0, Avg: 0,0, Max: 0,0, Diff: 0,0, Sum: 0,0]
      [Object Copy (ms): Min: 0,0, Avg: 56,1, Max: 197,1, Diff: 197,1, Sum: 448,7]
      [Termination (ms): Min: 0,0, Avg: 0,5, Max: 0,8, Diff: 0,8, Sum: 3,9]
         [Termination Attempts: Min: 1, Avg: 10,8, Max: 20, Diff: 19, Sum: 86]
      [GC Worker Other (ms): Min: 304,9, Avg: 305,0, Max: 305,0, Diff: 0,1, Sum: 2439,8]
      [GC Worker Total (ms): Min: 658,5, Avg: 658,6, Max: 658,8, Diff: 0,2, Sum: 5269,0]
      [GC Worker End (ms): Min: 8396713,0, Avg: 8396713,1, Max: 8396713,2, Diff: 0,2]
   [Code Root Fixup: 0,0 ms]
   [Code Root Purge: 0,0 ms]
   [Clear CT: 0,1 ms]
   [Other: 216,7 ms]
      [Choose CSet: 0,0 ms]
      [Ref Proc: 47,7 ms]
      [Ref Enq: 0,0 ms]
      [Redirty Cards: 0,1 ms]
      [Humongous Register: 25,4 ms]
      [Humongous Reclaim: 0,0 ms]
      [Free CSet: 0,1 ms]
   [Eden: 44,0M(44,0M)->0,0B(44,0M) Survivors: 7168,0K->7168,0K Heap: 303,7M(1024,0M)->262,2M(1024,0M)]
 [Times: user=0,08 sys=0,00, real=1,29 secs] 
2018-03-08T10:19:55.817+0100: 8456,591: [GC pause (G1 Evacuation Pause) (young), 0,6021556 secs]
   [Parallel Time: 396,8 ms, GC Workers: 8]
      [GC Worker Start (ms): Min: 8456710,6, Avg: 8456710,6, Max: 8456710,7, Diff: 0,0]
      [Ext Root Scanning (ms): Min: 112,7, Avg: 113,5, Max: 116,2, Diff: 3,5, Sum: 907,7]
      [Update RS (ms): Min: 78,8, Avg: 80,3, Max: 84,5, Diff: 5,7, Sum: 642,2]
         [Processed Buffers: Min: 0, Avg: 6,0, Max: 19, Diff: 19, Sum: 48]
      [Scan RS (ms): Min: 0,0, Avg: 0,8, Max: 1,1, Diff: 1,1, Sum: 6,4]
      [Code Root Scanning (ms): Min: 0,0, Avg: 0,0, Max: 0,0, Diff: 0,0, Sum: 0,0]
      [Object Copy (ms): Min: 85,0, Avg: 90,6, Max: 92,0, Diff: 7,0, Sum: 724,5]
      [Termination (ms): Min: 0,0, Avg: 0,6, Max: 0,8, Diff: 0,8, Sum: 4,6]
         [Termination Attempts: Min: 1, Avg: 8,0, Max: 21, Diff: 20, Sum: 64]
      [GC Worker Other (ms): Min: 110,9, Avg: 111,0, Max: 111,4, Diff: 0,5, Sum: 888,2]
      [GC Worker Total (ms): Min: 396,6, Avg: 396,7, Max: 396,7, Diff: 0,1, Sum: 3173,5]
      [GC Worker End (ms): Min: 8457107,3, Avg: 8457107,3, Max: 8457107,4, Diff: 0,1]
   [Code Root Fixup: 0,0 ms]
   [Code Root Purge: 0,0 ms]
   [Clear CT: 0,2 ms]
   [Other: 205,1 ms]
      [Choose CSet: 0,0 ms]
      [Ref Proc: 84,9 ms]
      [Ref Enq: 0,0 ms]
      [Redirty Cards: 0,1 ms]
      [Humongous Register: 0,0 ms]
      [Humongous Reclaim: 0,0 ms]
      [Free CSet: 0,1 ms]
   [Eden: 44,0M(44,0M)->0,0B(46,0M) Survivors: 7168,0K->5120,0K Heap: 306,2M(1024,0M)->262,6M(1024,0M)]
 [Times: user=0,08 sys=0,00, real=0,83 secs] 
2018-03-08T10:20:58.687+0100: 8519,461: [GC pause (G1 Evacuation Pause) (young), 0,0281401 secs]
   [Parallel Time: 26,2 ms, GC Workers: 8]
      [GC Worker Start (ms): Min: 8519460,8, Avg: 8519464,6, Max: 8519471,5, Diff: 10,7]
      [Ext Root Scanning (ms): Min: 0,0, Avg: 0,3, Max: 0,7, Diff: 0,7, Sum: 2,1]
      [Update RS (ms): Min: 0,0, Avg: 1,0, Max: 1,8, Diff: 1,8, Sum: 8,0]
         [Processed Buffers: Min: 0, Avg: 5,6, Max: 25, Diff: 25, Sum: 45]
      [Scan RS (ms): Min: 0,0, Avg: 0,9, Max: 1,6, Diff: 1,6, Sum: 7,4]
      [Code Root Scanning (ms): Min: 0,0, Avg: 0,0, Max: 0,0, Diff: 0,0, Sum: 0,0]
      [Object Copy (ms): Min: 0,0, Avg: 6,2, Max: 22,5, Diff: 22,5, Sum: 49,5]
      [Termination (ms): Min: 0,0, Avg: 13,9, Max: 16,2, Diff: 16,2, Sum: 111,4]
         [Termination Attempts: Min: 1, Avg: 12,9, Max: 23, Diff: 22, Sum: 103]
      [GC Worker Other (ms): Min: 0,0, Avg: 0,0, Max: 0,0, Diff: 0,0, Sum: 0,1]
      [GC Worker Total (ms): Min: 15,4, Avg: 22,3, Max: 26,2, Diff: 10,8, Sum: 178,4]
      [GC Worker End (ms): Min: 8519486,9, Avg: 8519486,9, Max: 8519487,1, Diff: 0,2]
   [Code Root Fixup: 0,0 ms]
   [Code Root Purge: 0,0 ms]
   [Clear CT: 0,1 ms]
   [Other: 1,8 ms]
      [Choose CSet: 0,0 ms]
      [Ref Proc: 1,5 ms]
      [Ref Enq: 0,0 ms]
      [Redirty Cards: 0,1 ms]
      [Humongous Register: 0,0 ms]
      [Humongous Reclaim: 0,0 ms]
      [Free CSet: 0,1 ms]
   [Eden: 46,0M(46,0M)->0,0B(44,0M) Survivors: 5120,0K->7168,0K Heap: 308,6M(1024,0M)->267,3M(1024,0M)]
 [Times: user=0,15 sys=0,00, real=0,17 secs] 
2018-03-08T10:21:58.924+0100: 8579,697: [GC pause (G1 Evacuation Pause) (young), 0,4321983 secs]
   [Parallel Time: 10,2 ms, GC Workers: 8]
      [GC Worker Start (ms): Min: 8579962,9, Avg: 8579964,3, Max: 8579972,9, Diff: 9,9]
      [Ext Root Scanning (ms): Min: 0,0, Avg: 0,3, Max: 0,6, Diff: 0,6, Sum: 2,4]
      [Update RS (ms): Min: 0,0, Avg: 2,1, Max: 9,5, Diff: 9,5, Sum: 16,8]
         [Processed Buffers: Min: 0, Avg: 5,9, Max: 20, Diff: 20, Sum: 47]
      [Scan RS (ms): Min: 0,0, Avg: 1,0, Max: 1,4, Diff: 1,4, Sum: 7,8]
      [Code Root Scanning (ms): Min: 0,0, Avg: 0,0, Max: 0,0, Diff: 0,0, Sum: 0,0]
      [Object Copy (ms): Min: 0,0, Avg: 4,7, Max: 6,3, Diff: 6,3, Sum: 37,5]
      [Termination (ms): Min: 0,0, Avg: 0,6, Max: 0,9, Diff: 0,9, Sum: 5,0]
         [Termination Attempts: Min: 1, Avg: 21,5, Max: 42, Diff: 41, Sum: 172]
      [GC Worker Other (ms): Min: 0,0, Avg: 0,0, Max: 0,0, Diff: 0,0, Sum: 0,1]
      [GC Worker Total (ms): Min: 0,1, Avg: 8,7, Max: 10,1, Diff: 10,0, Sum: 69,6]
      [GC Worker End (ms): Min: 8579972,9, Avg: 8579973,0, Max: 8579973,1, Diff: 0,1]
   [Code Root Fixup: 0,0 ms]
   [Code Root Purge: 0,0 ms]
   [Clear CT: 0,1 ms]
   [Other: 422,0 ms]
      [Choose CSet: 0,0 ms]
      [Ref Proc: 1,5 ms]
      [Ref Enq: 0,0 ms]
      [Redirty Cards: 0,1 ms]
      [Humongous Register: 265,7 ms]
      [Humongous Reclaim: 0,0 ms]
      [Free CSet: 0,1 ms]
   [Eden: 44,0M(44,0M)->0,0B(44,0M) Survivors: 7168,0K->7168,0K Heap: 311,3M(1024,0M)->270,1M(1024,0M)]
 [Times: user=0,06 sys=0,00, real=0,53 secs] 
2018-03-08T10:23:00.287+0100: 8641,061: [GC pause (G1 Evacuation Pause) (young), 1,3067806 secs]
   [Parallel Time: 613,5 ms, GC Workers: 8]
      [GC Worker Start (ms): Min: 8641696,4, Avg: 8641696,5, Max: 8641696,5, Diff: 0,0]
      [Ext Root Scanning (ms): Min: 431,9, Avg: 438,0, Max: 480,1, Diff: 48,3, Sum: 3503,6]
      [Update RS (ms): Min: 0,0, Avg: 1,0, Max: 1,4, Diff: 1,4, Sum: 8,0]
         [Processed Buffers: Min: 0, Avg: 5,6, Max: 13, Diff: 13, Sum: 45]
      [Scan RS (ms): Min: 0,0, Avg: 1,0, Max: 1,4, Diff: 1,4, Sum: 7,9]
      [Code Root Scanning (ms): Min: 0,0, Avg: 0,0, Max: 0,0, Diff: 0,0, Sum: 0,0]
      [Object Copy (ms): Min: 0,0, Avg: 3,8, Max: 7,2, Diff: 7,1, Sum: 30,1]
      [Termination (ms): Min: 0,0, Avg: 36,5, Max: 42,0, Diff: 42,0, Sum: 292,1]
         [Termination Attempts: Min: 1, Avg: 11,9, Max: 22, Diff: 21, Sum: 95]
      [GC Worker Other (ms): Min: 132,9, Avg: 133,0, Max: 133,0, Diff: 0,1, Sum: 1063,8]
      [GC Worker Total (ms): Min: 613,1, Avg: 613,2, Max: 613,4, Diff: 0,3, Sum: 4905,6]
      [GC Worker End (ms): Min: 8642309,6, Avg: 8642309,7, Max: 8642309,8, Diff: 0,3]
   [Code Root Fixup: 0,0 ms]
   [Code Root Purge: 0,0 ms]
   [Clear CT: 0,4 ms]
   [Other: 693,0 ms]
      [Choose CSet: 0,0 ms]
      [Ref Proc: 57,2 ms]
      [Ref Enq: 0,0 ms]
      [Redirty Cards: 0,1 ms]
      [Humongous Register: 0,0 ms]
      [Humongous Reclaim: 0,0 ms]
      [Free CSet: 0,1 ms]
   [Eden: 44,0M(44,0M)->0,0B(44,0M) Survivors: 7168,0K->7168,0K Heap: 314,1M(1024,0M)->271,5M(1024,0M)]
 [Times: user=0,29 sys=0,01, real=1,78 secs] 
2018-03-08T10:24:02.055+0100: 8703,037: [GC pause (G1 Evacuation Pause) (young), 0,4209233 secs]
   [Parallel Time: 124,3 ms, GC Workers: 8]
      [GC Worker Start (ms): Min: 8703037,3, Avg: 8703037,3, Max: 8703037,3, Diff: 0,1]
      [Ext Root Scanning (ms): Min: 0,0, Avg: 0,4, Max: 0,8, Diff: 0,8, Sum: 2,8]
      [Update RS (ms): Min: 28,6, Avg: 34,2, Max: 38,4, Diff: 9,8, Sum: 273,4]
         [Processed Buffers: Min: 0, Avg: 5,2, Max: 8, Diff: 8, Sum: 42]
      [Scan RS (ms): Min: 0,0, Avg: 0,9, Max: 1,2, Diff: 1,2, Sum: 7,5]
      [Code Root Scanning (ms): Min: 0,0, Avg: 0,0, Max: 0,0, Diff: 0,0, Sum: 0,0]
      [Object Copy (ms): Min: 11,8, Avg: 15,9, Max: 21,1, Diff: 9,3, Sum: 127,4]
      [Termination (ms): Min: 0,0, Avg: 2,2, Max: 2,8, Diff: 2,8, Sum: 17,4]
         [Termination Attempts: Min: 1, Avg: 2,1, Max: 5, Diff: 4, Sum: 17]
      [GC Worker Other (ms): Min: 70,5, Avg: 70,6, Max: 71,0, Diff: 0,5, Sum: 565,1]
      [GC Worker Total (ms): Min: 124,2, Avg: 124,2, Max: 124,3, Diff: 0,1, Sum: 993,7]
      [GC Worker End (ms): Min: 8703161,5, Avg: 8703161,5, Max: 8703161,5, Diff: 0,1]
   [Code Root Fixup: 0,0 ms]
   [Code Root Purge: 0,0 ms]
   [Clear CT: 0,1 ms]
   [Other: 296,5 ms]
      [Choose CSet: 0,0 ms]
      [Ref Proc: 2,3 ms]
      [Ref Enq: 0,0 ms]
      [Redirty Cards: 0,1 ms]
      [Humongous Register: 0,0 ms]
      [Humongous Reclaim: 0,0 ms]
      [Free CSet: 0,1 ms]
   [Eden: 44,0M(44,0M)->0,0B(44,0M) Survivors: 7168,0K->7168,0K Heap: 315,5M(1024,0M)->273,5M(1024,0M)]
 [Times: user=0,08 sys=0,00, real=0,48 secs] 
2018-03-08T10:25:03.158+0100: 8763,932: [GC pause (G1 Evacuation Pause) (young), 1,1400011 secs]
   [Parallel Time: 618,0 ms, GC Workers: 8]
      [GC Worker Start (ms): Min: 8764317,8, Avg: 8764317,8, Max: 8764317,8, Diff: 0,0]
      [Ext Root Scanning (ms): Min: 293,7, Avg: 293,7, Max: 293,8, Diff: 0,1, Sum: 2349,9]
      [Update RS (ms): Min: 0,0, Avg: 1,3, Max: 4,3, Diff: 4,3, Sum: 10,4]
         [Processed Buffers: Min: 0, Avg: 5,6, Max: 17, Diff: 17, Sum: 45]
      [Scan RS (ms): Min: 0,0, Avg: 0,8, Max: 1,1, Diff: 1,1, Sum: 6,3]
      [Code Root Scanning (ms): Min: 0,0, Avg: 0,0, Max: 0,0, Diff: 0,0, Sum: 0,0]
      [Object Copy (ms): Min: 269,8, Avg: 272,2, Max: 274,1, Diff: 4,3, Sum: 2177,4]
      [Termination (ms): Min: 0,0, Avg: 0,5, Max: 0,6, Diff: 0,6, Sum: 3,8]
         [Termination Attempts: Min: 1, Avg: 1,9, Max: 4, Diff: 3, Sum: 15]
      [GC Worker Other (ms): Min: 49,4, Avg: 49,4, Max: 49,5, Diff: 0,1, Sum: 395,5]
      [GC Worker Total (ms): Min: 617,9, Avg: 617,9, Max: 617,9, Diff: 0,1, Sum: 4943,3]
      [GC Worker End (ms): Min: 8764935,7, Avg: 8764935,7, Max: 8764935,7, Diff: 0,0]
   [Code Root Fixup: 0,0 ms]
   [Code Root Purge: 0,0 ms]
   [Clear CT: 0,1 ms]
   [Other: 521,9 ms]
      [Choose CSet: 0,0 ms]
      [Ref Proc: 70,7 ms]
      [Ref Enq: 0,0 ms]
      [Redirty Cards: 0,1 ms]
      [Humongous Register: 0,0 ms]
      [Humongous Reclaim: 0,0 ms]
      [Free CSet: 0,1 ms]
   [Eden: 44,0M(44,0M)->0,0B(44,0M) Survivors: 7168,0K->7168,0K Heap: 317,5M(1024,0M)->275,9M(1024,0M)]
 [Times: user=0,08 sys=0,01, real=1,41 secs] 
2018-03-08T10:26:04.517+0100: 8825,292: [GC pause (G1 Evacuation Pause) (young), 1,0164066 secs]
   [Parallel Time: 272,9 ms, GC Workers: 8]
      [GC Worker Start (ms): Min: 8825643,2, Avg: 8825643,2, Max: 8825643,3, Diff: 0,0]
      [Ext Root Scanning (ms): Min: 136,3, Avg: 136,6, Max: 138,9, Diff: 2,7, Sum: 1093,1]
      [Update RS (ms): Min: 0,0, Avg: 1,0, Max: 1,5, Diff: 1,5, Sum: 7,8]
         [Processed Buffers: Min: 0, Avg: 5,6, Max: 19, Diff: 19, Sum: 45]
      [Scan RS (ms): Min: 0,0, Avg: 61,3, Max: 73,8, Diff: 73,8, Sum: 490,2]
      [Code Root Scanning (ms): Min: 0,0, Avg: 0,0, Max: 0,0, Diff: 0,0, Sum: 0,0]
      [Object Copy (ms): Min: 4,7, Avg: 18,9, Max: 81,9, Diff: 77,2, Sum: 151,0]
      [Termination (ms): Min: 0,0, Avg: 1,1, Max: 1,4, Diff: 1,4, Sum: 9,0]
         [Termination Attempts: Min: 1, Avg: 16,1, Max: 26, Diff: 25, Sum: 129]
      [GC Worker Other (ms): Min: 2,0, Avg: 2,0, Max: 2,1, Diff: 0,1, Sum: 16,0]
      [GC Worker Total (ms): Min: 220,8, Avg: 220,9, Max: 221,0, Diff: 0,1, Sum: 1767,3]
      [GC Worker End (ms): Min: 8825864,1, Avg: 8825864,1, Max: 8825864,2, Diff: 0,1]
   [Code Root Fixup: 0,0 ms]
   [Code Root Purge: 0,0 ms]
   [Clear CT: 0,1 ms]
   [Other: 743,3 ms]
      [Choose CSet: 0,0 ms]
      [Ref Proc: 140,8 ms]
      [Ref Enq: 0,0 ms]
      [Redirty Cards: 0,1 ms]
      [Humongous Register: 0,0 ms]
      [Humongous Reclaim: 0,0 ms]
      [Free CSet: 0,1 ms]
   [Eden: 44,0M(44,0M)->0,0B(44,0M) Survivors: 7168,0K->7168,0K Heap: 319,9M(1024,0M)->278,5M(1024,0M)]
 [Times: user=0,09 sys=0,00, real=1,11 secs] 
2018-03-08T10:27:05.146+0100: 8885,920: [GC pause (G1 Evacuation Pause) (young), 0,0231529 secs]
   [Parallel Time: 9,7 ms, GC Workers: 8]
      [GC Worker Start (ms): Min: 8885919,8, Avg: 8885923,3, Max: 8885929,3, Diff: 9,5]
      [Ext Root Scanning (ms): Min: 0,0, Avg: 0,3, Max: 0,6, Diff: 0,6, Sum: 2,0]
      [Update RS (ms): Min: 0,0, Avg: 0,8, Max: 1,4, Diff: 1,4, Sum: 6,8]
         [Processed Buffers: Min: 0, Avg: 5,5, Max: 19, Diff: 19, Sum: 44]
      [Scan RS (ms): Min: 0,0, Avg: 0,8, Max: 1,3, Diff: 1,3, Sum: 6,1]
      [Code Root Scanning (ms): Min: 0,0, Avg: 0,0, Max: 0,0, Diff: 0,0, Sum: 0,0]
      [Object Copy (ms): Min: 0,0, Avg: 3,6, Max: 5,7, Diff: 5,7, Sum: 28,4]
      [Termination (ms): Min: 0,0, Avg: 0,6, Max: 1,0, Diff: 1,0, Sum: 5,2]
         [Termination Attempts: Min: 1, Avg: 2,9, Max: 6, Diff: 5, Sum: 23]
      [GC Worker Other (ms): Min: 0,0, Avg: 0,0, Max: 0,0, Diff: 0,0, Sum: 0,1]
      [GC Worker Total (ms): Min: 0,0, Avg: 6,1, Max: 9,6, Diff: 9,6, Sum: 48,6]
      [GC Worker End (ms): Min: 8885929,3, Avg: 8885929,4, Max: 8885929,5, Diff: 0,1]
   [Code Root Fixup: 0,0 ms]
   [Code Root Purge: 0,0 ms]
   [Clear CT: 0,1 ms]
   [Other: 13,4 ms]
      [Choose CSet: 0,0 ms]
      [Ref Proc: 13,0 ms]
      [Ref Enq: 0,0 ms]
      [Redirty Cards: 0,1 ms]
      [Humongous Register: 0,0 ms]
      [Humongous Reclaim: 0,0 ms]
      [Free CSet: 0,0 ms]
   [Eden: 44,0M(44,0M)->0,0B(45,0M) Survivors: 7168,0K->6144,0K Heap: 322,5M(1024,0M)->280,4M(1024,0M)]
 [Times: user=0,11 sys=0,00, real=0,13 secs] 
2018-03-08T10:28:12.795+0100: 8953,569: [GC pause (G1 Evacuation Pause) (young), 0,7861416 secs]
   [Parallel Time: 248,2 ms, GC Workers: 8]
      [GC Worker Start (ms): Min: 8954138,8, Avg: 8954138,8, Max: 8954138,8, Diff: 0,1]
      [Ext Root Scanning (ms): Min: 0,0, Avg: 2,8, Max: 17,6, Diff: 17,6, Sum: 22,5]
      [Update RS (ms): Min: 72,6, Avg: 99,1, Max: 110,8, Diff: 38,2, Sum: 792,8]
         [Processed Buffers: Min: 1, Avg: 6,1, Max: 18, Diff: 17, Sum: 49]
      [Scan RS (ms): Min: 0,0, Avg: 1,0, Max: 1,4, Diff: 1,4, Sum: 7,7]
      [Code Root Scanning (ms): Min: 0,0, Avg: 0,0, Max: 0,0, Diff: 0,0, Sum: 0,0]
      [Object Copy (ms): Min: 4,5, Avg: 12,9, Max: 41,4, Diff: 36,9, Sum: 103,5]
      [Termination (ms): Min: 0,0, Avg: 0,6, Max: 0,8, Diff: 0,8, Sum: 4,7]
         [Termination Attempts: Min: 1, Avg: 20,9, Max: 30, Diff: 29, Sum: 167]
      [GC Worker Other (ms): Min: 12,8, Avg: 13,0, Max: 13,3, Diff: 0,5, Sum: 103,8]
      [GC Worker Total (ms): Min: 129,4, Avg: 129,4, Max: 129,4, Diff: 0,1, Sum: 1035,0]
      [GC Worker End (ms): Min: 8954268,2, Avg: 8954268,2, Max: 8954268,2, Diff: 0,0]
   [Code Root Fixup: 0,0 ms]
   [Code Root Purge: 0,0 ms]
   [Clear CT: 0,1 ms]
   [Other: 537,9 ms]
      [Choose CSet: 0,0 ms]
      [Ref Proc: 86,0 ms]
      [Ref Enq: 0,0 ms]
      [Redirty Cards: 0,1 ms]
      [Humongous Register: 138,2 ms]
      [Humongous Reclaim: 0,0 ms]
      [Free CSet: 0,1 ms]
   [Eden: 45,0M(45,0M)->0,0B(46,0M) Survivors: 6144,0K->5120,0K Heap: 325,4M(1024,0M)->282,3M(1024,0M)]
 [Times: user=0,07 sys=0,01, real=1,07 secs] 
2018-03-08T10:29:22.342+0100: 9023,116: [GC pause (G1 Evacuation Pause) (young), 0,6352962 secs]
   [Parallel Time: 370,1 ms, GC Workers: 8]
      [GC Worker Start (ms): Min: 9023289,0, Avg: 9023289,0, Max: 9023289,1, Diff: 0,1]
      [Ext Root Scanning (ms): Min: 159,9, Avg: 159,9, Max: 160,0, Diff: 0,1, Sum: 1279,5]
      [Update RS (ms): Min: 0,0, Avg: 1,9, Max: 5,7, Diff: 5,7, Sum: 15,5]
         [Processed Buffers: Min: 0, Avg: 6,0, Max: 17, Diff: 17, Sum: 48]
      [Scan RS (ms): Min: 0,0, Avg: 0,9, Max: 1,5, Diff: 1,5, Sum: 7,0]
      [Code Root Scanning (ms): Min: 0,0, Avg: 0,0, Max: 0,0, Diff: 0,0, Sum: 0,0]
      [Object Copy (ms): Min: 169,2, Avg: 172,2, Max: 174,9, Diff: 5,7, Sum: 1377,5]
      [Termination (ms): Min: 0,0, Avg: 0,7, Max: 0,8, Diff: 0,8, Sum: 5,4]
         [Termination Attempts: Min: 1, Avg: 1,1, Max: 2, Diff: 1, Sum: 9]
      [GC Worker Other (ms): Min: 0,0, Avg: 0,0, Max: 0,0, Diff: 0,0, Sum: 0,1]
      [GC Worker Total (ms): Min: 335,6, Avg: 335,6, Max: 335,6, Diff: 0,1, Sum: 2684,9]
      [GC Worker End (ms): Min: 9023624,6, Avg: 9023624,7, Max: 9023624,7, Diff: 0,0]
   [Code Root Fixup: 0,0 ms]
   [Code Root Purge: 0,0 ms]
   [Clear CT: 0,1 ms]
   [Other: 265,1 ms]
      [Choose CSet: 0,0 ms]
      [Ref Proc: 125,8 ms]
      [Ref Enq: 0,0 ms]
      [Redirty Cards: 0,1 ms]
      [Humongous Register: 0,0 ms]
      [Humongous Reclaim: 0,0 ms]
      [Free CSet: 0,1 ms]
   [Eden: 46,0M(46,0M)->0,0B(45,0M) Survivors: 5120,0K->6144,0K Heap: 328,3M(1024,0M)->283,0M(1024,0M)]
 [Times: user=0,05 sys=0,01, real=0,95 secs] 
2018-03-08T10:30:25.166+0100: 9085,939: [GC pause (G1 Evacuation Pause) (young), 0,1510519 secs]
   [Parallel Time: 25,4 ms, GC Workers: 8]
      [GC Worker Start (ms): Min: 9086062,3, Avg: 9086064,5, Max: 9086072,0, Diff: 9,8]
      [Ext Root Scanning (ms): Min: 0,0, Avg: 0,3, Max: 0,6, Diff: 0,6, Sum: 2,4]
      [Update RS (ms): Min: 0,0, Avg: 1,1, Max: 1,5, Diff: 1,5, Sum: 8,4]
         [Processed Buffers: Min: 0, Avg: 6,1, Max: 13, Diff: 13, Sum: 49]
      [Scan RS (ms): Min: 0,0, Avg: 0,9, Max: 1,2, Diff: 1,2, Sum: 6,9]
      [Code Root Scanning (ms): Min: 0,0, Avg: 0,0, Max: 0,0, Diff: 0,0, Sum: 0,0]
      [Object Copy (ms): Min: 0,0, Avg: 6,7, Max: 22,2, Diff: 22,2, Sum: 53,7]
      [Termination (ms): Min: 0,0, Avg: 14,0, Max: 16,2, Diff: 16,2, Sum: 112,1]
         [Termination Attempts: Min: 1, Avg: 4,9, Max: 9, Diff: 8, Sum: 39]
      [GC Worker Other (ms): Min: 0,0, Avg: 0,0, Max: 0,0, Diff: 0,0, Sum: 0,1]
      [GC Worker Total (ms): Min: 15,5, Avg: 22,9, Max: 25,3, Diff: 9,8, Sum: 183,4]
      [GC Worker End (ms): Min: 9086087,4, Avg: 9086087,5, Max: 9086087,6, Diff: 0,2]
   [Code Root Fixup: 0,0 ms]
   [Code Root Purge: 0,0 ms]
   [Clear CT: 0,1 ms]
   [Other: 125,6 ms]
      [Choose CSet: 0,0 ms]
      [Ref Proc: 2,2 ms]
      [Ref Enq: 0,0 ms]
      [Redirty Cards: 0,1 ms]
      [Humongous Register: 0,0 ms]
      [Humongous Reclaim: 0,0 ms]
      [Free CSet: 0,1 ms]
   [Eden: 45,0M(45,0M)->0,0B(44,0M) Survivors: 6144,0K->7168,0K Heap: 328,0M(1024,0M)->286,4M(1024,0M)]
 [Times: user=0,17 sys=0,00, real=0,32 secs] 
2018-03-08T10:31:25.183+0100: 9145,957: [GC pause (G1 Evacuation Pause) (young), 0,1137327 secs]
   [Parallel Time: 102,2 ms, GC Workers: 8]
      [GC Worker Start (ms): Min: 9145957,0, Avg: 9145958,5, Max: 9145967,6, Diff: 10,6]
      [Ext Root Scanning (ms): Min: 0,0, Avg: 0,3, Max: 0,6, Diff: 0,6, Sum: 2,1]
      [Update RS (ms): Min: 0,0, Avg: 1,4, Max: 1,9, Diff: 1,9, Sum: 11,2]
         [Processed Buffers: Min: 0, Avg: 6,6, Max: 18, Diff: 18, Sum: 53]
      [Scan RS (ms): Min: 0,0, Avg: 25,8, Max: 99,9, Diff: 99,9, Sum: 206,1]
      [Code Root Scanning (ms): Min: 0,0, Avg: 0,0, Max: 0,0, Diff: 0,0, Sum: 0,0]
      [Object Copy (ms): Min: 0,0, Avg: 4,1, Max: 6,6, Diff: 6,5, Sum: 32,5]
      [Termination (ms): Min: 0,0, Avg: 69,1, Max: 92,3, Diff: 92,3, Sum: 553,0]
         [Termination Attempts: Min: 1, Avg: 7,2, Max: 12, Diff: 11, Sum: 58]
      [GC Worker Other (ms): Min: 0,0, Avg: 0,0, Max: 0,0, Diff: 0,0, Sum: 0,1]
      [GC Worker Total (ms): Min: 91,5, Avg: 100,6, Max: 102,1, Diff: 10,7, Sum: 805,0]
      [GC Worker End (ms): Min: 9146059,1, Avg: 9146059,1, Max: 9146059,2, Diff: 0,2]
   [Code Root Fixup: 0,0 ms]
   [Code Root Purge: 0,0 ms]
   [Clear CT: 0,1 ms]
   [Other: 11,4 ms]
      [Choose CSet: 0,0 ms]
      [Ref Proc: 11,1 ms]
      [Ref Enq: 0,0 ms]
      [Redirty Cards: 0,1 ms]
      [Humongous Register: 0,0 ms]
      [Humongous Reclaim: 0,0 ms]
      [Free CSet: 0,0 ms]
   [Eden: 44,0M(44,0M)->0,0B(44,0M) Survivors: 7168,0K->7168,0K Heap: 330,4M(1024,0M)->290,2M(1024,0M)]
 [Times: user=0,64 sys=0,00, real=0,68 secs] 
2018-03-08T10:32:25.919+0100: 9206,692: [GC pause (G1 Evacuation Pause) (young), 0,0102494 secs]
   [Parallel Time: 8,3 ms, GC Workers: 8]
      [GC Worker Start (ms): Min: 9206692,3, Avg: 9206693,4, Max: 9206700,4, Diff: 8,1]
      [Ext Root Scanning (ms): Min: 0,0, Avg: 0,3, Max: 0,6, Diff: 0,6, Sum: 2,2]
      [Update RS (ms): Min: 0,0, Avg: 2,3, Max: 7,8, Diff: 7,8, Sum: 18,0]
         [Processed Buffers: Min: 0, Avg: 6,5, Max: 22, Diff: 22, Sum: 52]
      [Scan RS (ms): Min: 0,0, Avg: 1,1, Max: 1,5, Diff: 1,5, Sum: 8,4]
      [Code Root Scanning (ms): Min: 0,0, Avg: 0,0, Max: 0,0, Diff: 0,0, Sum: 0,0]
      [Object Copy (ms): Min: 0,0, Avg: 2,9, Max: 3,9, Diff: 3,9, Sum: 23,1]
      [Termination (ms): Min: 0,0, Avg: 0,6, Max: 0,8, Diff: 0,8, Sum: 4,6]
         [Termination Attempts: Min: 1, Avg: 5,2, Max: 11, Diff: 10, Sum: 42]
      [GC Worker Other (ms): Min: 0,0, Avg: 0,0, Max: 0,0, Diff: 0,0, Sum: 0,1]
      [GC Worker Total (ms): Min: 0,1, Avg: 7,0, Max: 8,2, Diff: 8,1, Sum: 56,4]
      [GC Worker End (ms): Min: 9206700,5, Avg: 9206700,5, Max: 9206700,5, Diff: 0,1]
   [Code Root Fixup: 0,0 ms]
   [Code Root Purge: 0,0 ms]
   [Clear CT: 0,1 ms]
   [Other: 1,9 ms]
      [Choose CSet: 0,0 ms]
      [Ref Proc: 1,5 ms]
      [Ref Enq: 0,0 ms]
      [Redirty Cards: 0,1 ms]
      [Humongous Register: 0,0 ms]
      [Humongous Reclaim: 0,0 ms]
      [Free CSet: 0,0 ms]
   [Eden: 44,0M(44,0M)->0,0B(46,0M) Survivors: 7168,0K->5120,0K Heap: 334,2M(1024,0M)->289,9M(1024,0M)]
 [Times: user=0,06 sys=0,00, real=0,03 secs] 
2018-03-08T10:33:28.672+0100: 9269,445: [GC pause (G1 Evacuation Pause) (young), 0,0399702 secs]
   [Parallel Time: 34,4 ms, GC Workers: 8]
      [GC Worker Start (ms): Min: 9269445,3, Avg: 9269449,3, Max: 9269456,7, Diff: 11,4]
      [Ext Root Scanning (ms): Min: 0,0, Avg: 0,3, Max: 0,6, Diff: 0,6, Sum: 2,3]
      [Update RS (ms): Min: 0,0, Avg: 1,2, Max: 2,2, Diff: 2,2, Sum: 9,9]
         [Processed Buffers: Min: 0, Avg: 6,0, Max: 21, Diff: 21, Sum: 48]
      [Scan RS (ms): Min: 0,0, Avg: 0,7, Max: 1,3, Diff: 1,3, Sum: 5,7]
      [Code Root Scanning (ms): Min: 0,0, Avg: 0,0, Max: 0,0, Diff: 0,0, Sum: 0,0]
      [Object Copy (ms): Min: 0,0, Avg: 7,1, Max: 30,6, Diff: 30,6, Sum: 56,6]
      [Termination (ms): Min: 0,0, Avg: 21,0, Max: 24,4, Diff: 24,4, Sum: 167,9]
         [Termination Attempts: Min: 1, Avg: 2,2, Max: 6, Diff: 5, Sum: 18]
      [GC Worker Other (ms): Min: 0,0, Avg: 0,0, Max: 0,0, Diff: 0,0, Sum: 0,1]
      [GC Worker Total (ms): Min: 22,8, Avg: 30,3, Max: 34,4, Diff: 11,5, Sum: 242,4]
      [GC Worker End (ms): Min: 9269479,5, Avg: 9269479,6, Max: 9269479,7, Diff: 0,2]
   [Code Root Fixup: 0,0 ms]
   [Code Root Purge: 0,0 ms]
   [Clear CT: 0,1 ms]
   [Other: 5,4 ms]
      [Choose CSet: 0,0 ms]
      [Ref Proc: 5,1 ms]
      [Ref Enq: 0,0 ms]
      [Redirty Cards: 0,1 ms]
      [Humongous Register: 0,0 ms]
      [Humongous Reclaim: 0,0 ms]
      [Free CSet: 0,1 ms]
   [Eden: 46,0M(46,0M)->0,0B(44,0M) Survivors: 5120,0K->7168,0K Heap: 335,9M(1024,0M)->295,2M(1024,0M)]
 [Times: user=0,18 sys=0,00, real=0,13 secs] 
2018-03-08T10:34:28.681+0100: 9329,455: [GC pause (G1 Evacuation Pause) (young), 0,0493514 secs]
   [Parallel Time: 39,6 ms, GC Workers: 8]
      [GC Worker Start (ms): Min: 9329454,8, Avg: 9329456,5, Max: 9329465,8, Diff: 11,1]
      [Ext Root Scanning (ms): Min: 0,0, Avg: 0,3, Max: 0,6, Diff: 0,6, Sum: 2,3]
      [Update RS (ms): Min: 0,0, Avg: 1,2, Max: 1,7, Diff: 1,7, Sum: 9,5]
         [Processed Buffers: Min: 0, Avg: 6,4, Max: 20, Diff: 20, Sum: 51]
      [Scan RS (ms): Min: 0,0, Avg: 5,6, Max: 37,6, Diff: 37,6, Sum: 45,2]
      [Code Root Scanning (ms): Min: 0,0, Avg: 0,0, Max: 0,0, Diff: 0,0, Sum: 0,0]
      [Object Copy (ms): Min: 0,0, Avg: 5,2, Max: 7,0, Diff: 7,0, Sum: 41,8]
      [Termination (ms): Min: 0,0, Avg: 25,5, Max: 29,3, Diff: 29,3, Sum: 203,8]
         [Termination Attempts: Min: 1, Avg: 12,6, Max: 24, Diff: 23, Sum: 101]
      [GC Worker Other (ms): Min: 0,0, Avg: 0,0, Max: 0,0, Diff: 0,0, Sum: 0,1]
      [GC Worker Total (ms): Min: 28,5, Avg: 37,8, Max: 39,6, Diff: 11,1, Sum: 302,7]
      [GC Worker End (ms): Min: 9329494,3, Avg: 9329494,3, Max: 9329494,4, Diff: 0,1]
   [Code Root Fixup: 0,0 ms]
   [Code Root Purge: 0,0 ms]
   [Clear CT: 0,1 ms]
   [Other: 9,6 ms]
      [Choose CSet: 0,0 ms]
      [Ref Proc: 9,3 ms]
      [Ref Enq: 0,0 ms]
      [Redirty Cards: 0,1 ms]
      [Humongous Register: 0,0 ms]
      [Humongous Reclaim: 0,0 ms]
      [Free CSet: 0,1 ms]
   [Eden: 44,0M(44,0M)->0,0B(44,0M) Survivors: 7168,0K->7168,0K Heap: 339,2M(1024,0M)->297,9M(1024,0M)]
 [Times: user=0,27 sys=0,00, real=0,13 secs] 
2018-03-08T10:35:28.989+0100: 9389,762: [GC pause (G1 Evacuation Pause) (young), 0,0110811 secs]
   [Parallel Time: 9,0 ms, GC Workers: 8]
      [GC Worker Start (ms): Min: 9389762,3, Avg: 9389764,5, Max: 9389771,1, Diff: 8,8]
      [Ext Root Scanning (ms): Min: 0,0, Avg: 0,3, Max: 0,6, Diff: 0,6, Sum: 2,1]
      [Update RS (ms): Min: 0,0, Avg: 1,4, Max: 2,0, Diff: 2,0, Sum: 10,9]
         [Processed Buffers: Min: 0, Avg: 6,5, Max: 20, Diff: 20, Sum: 52]
      [Scan RS (ms): Min: 0,0, Avg: 0,9, Max: 1,4, Diff: 1,3, Sum: 6,9]
      [Code Root Scanning (ms): Min: 0,0, Avg: 0,0, Max: 0,0, Diff: 0,0, Sum: 0,0]
      [Object Copy (ms): Min: 0,0, Avg: 3,0, Max: 4,1, Diff: 4,1, Sum: 24,3]
      [Termination (ms): Min: 0,0, Avg: 1,1, Max: 1,4, Diff: 1,4, Sum: 9,1]
         [Termination Attempts: Min: 1, Avg: 2,8, Max: 6, Diff: 5, Sum: 22]
      [GC Worker Other (ms): Min: 0,0, Avg: 0,0, Max: 0,0, Diff: 0,0, Sum: 0,1]
      [GC Worker Total (ms): Min: 0,0, Avg: 6,7, Max: 8,9, Diff: 8,9, Sum: 53,4]
      [GC Worker End (ms): Min: 9389771,1, Avg: 9389771,2, Max: 9389771,2, Diff: 0,1]
   [Code Root Fixup: 0,0 ms]
   [Code Root Purge: 0,0 ms]
   [Clear CT: 0,1 ms]
   [Other: 2,0 ms]
      [Choose CSet: 0,0 ms]
      [Ref Proc: 1,6 ms]
      [Ref Enq: 0,0 ms]
      [Redirty Cards: 0,1 ms]
      [Humongous Register: 0,0 ms]
      [Humongous Reclaim: 0,0 ms]
      [Free CSet: 0,0 ms]
   [Eden: 44,0M(44,0M)->0,0B(47,0M) Survivors: 7168,0K->4096,0K Heap: 341,9M(1024,0M)->297,3M(1024,0M)]
 [Times: user=0,06 sys=0,00, real=0,08 secs] 
2018-03-08T10:36:32.568+0100: 9453,341: [GC pause (G1 Evacuation Pause) (young), 0,0237007 secs]
   [Parallel Time: 16,5 ms, GC Workers: 8]
      [GC Worker Start (ms): Min: 9453341,5, Avg: 9453342,4, Max: 9453347,8, Diff: 6,3]
      [Ext Root Scanning (ms): Min: 0,0, Avg: 0,3, Max: 0,6, Diff: 0,6, Sum: 2,2]
      [Update RS (ms): Min: 0,0, Avg: 2,6, Max: 9,9, Diff: 9,9, Sum: 20,7]
         [Processed Buffers: Min: 0, Avg: 6,4, Max: 15, Diff: 15, Sum: 51]
      [Scan RS (ms): Min: 0,0, Avg: 0,7, Max: 1,1, Diff: 1,1, Sum: 5,7]
      [Code Root Scanning (ms): Min: 0,0, Avg: 0,0, Max: 0,0, Diff: 0,0, Sum: 0,0]
      [Object Copy (ms): Min: 0,0, Avg: 5,8, Max: 13,1, Diff: 13,1, Sum: 46,6]
      [Termination (ms): Min: 0,0, Avg: 6,1, Max: 7,4, Diff: 7,4, Sum: 48,4]
         [Termination Attempts: Min: 1, Avg: 35,6, Max: 63, Diff: 62, Sum: 285]
      [GC Worker Other (ms): Min: 0,0, Avg: 0,0, Max: 0,0, Diff: 0,0, Sum: 0,0]
      [GC Worker Total (ms): Min: 10,0, Avg: 15,5, Max: 16,4, Diff: 6,4, Sum: 123,7]
      [GC Worker End (ms): Min: 9453357,8, Avg: 9453357,9, Max: 9453357,9, Diff: 0,1]
   [Code Root Fixup: 0,0 ms]
   [Code Root Purge: 0,0 ms]
   [Clear CT: 0,1 ms]
   [Other: 7,2 ms]
      [Choose CSet: 0,0 ms]
      [Ref Proc: 6,8 ms]
      [Ref Enq: 0,0 ms]
      [Redirty Cards: 0,1 ms]
      [Humongous Register: 0,0 ms]
      [Humongous Reclaim: 0,0 ms]
      [Free CSet: 0,0 ms]
   [Eden: 47,0M(47,0M)->0,0B(44,0M) Survivors: 4096,0K->7168,0K Heap: 344,3M(1024,0M)->302,7M(1024,0M)]
 [Times: user=0,13 sys=0,00, real=0,10 secs] 
2018-03-08T10:37:32.572+0100: 9513,346: [GC pause (G1 Evacuation Pause) (young), 0,0219960 secs]
   [Parallel Time: 18,8 ms, GC Workers: 8]
      [GC Worker Start (ms): Min: 9513345,8, Avg: 9513348,1, Max: 9513356,7, Diff: 10,9]
      [Ext Root Scanning (ms): Min: 0,0, Avg: 0,3, Max: 0,7, Diff: 0,7, Sum: 2,4]
      [Update RS (ms): Min: 0,0, Avg: 1,3, Max: 1,9, Diff: 1,9, Sum: 10,0]
         [Processed Buffers: Min: 0, Avg: 5,9, Max: 15, Diff: 15, Sum: 47]
      [Scan RS (ms): Min: 0,0, Avg: 1,1, Max: 1,7, Diff: 1,7, Sum: 9,2]
      [Code Root Scanning (ms): Min: 0,0, Avg: 0,0, Max: 0,0, Diff: 0,0, Sum: 0,0]
      [Object Copy (ms): Min: 0,0, Avg: 7,0, Max: 15,0, Diff: 15,0, Sum: 56,1]
      [Termination (ms): Min: 0,0, Avg: 6,7, Max: 7,8, Diff: 7,8, Sum: 53,6]
         [Termination Attempts: Min: 1, Avg: 16,6, Max: 24, Diff: 23, Sum: 133]
      [GC Worker Other (ms): Min: 0,0, Avg: 0,0, Max: 0,0, Diff: 0,0, Sum: 0,1]
      [GC Worker Total (ms): Min: 7,7, Avg: 16,4, Max: 18,7, Diff: 11,0, Sum: 131,3]
      [GC Worker End (ms): Min: 9513364,5, Avg: 9513364,5, Max: 9513364,6, Diff: 0,1]
   [Code Root Fixup: 0,0 ms]
   [Code Root Purge: 0,0 ms]
   [Clear CT: 0,1 ms]
   [Other: 3,1 ms]
      [Choose CSet: 0,0 ms]
      [Ref Proc: 2,8 ms]
      [Ref Enq: 0,0 ms]
      [Redirty Cards: 0,1 ms]
      [Humongous Register: 0,0 ms]
      [Humongous Reclaim: 0,0 ms]
      [Free CSet: 0,1 ms]
   [Eden: 44,0M(44,0M)->0,0B(45,0M) Survivors: 7168,0K->6144,0K Heap: 346,7M(1024,0M)->305,4M(1024,0M)]
 [Times: user=0,11 sys=0,01, real=0,21 secs] 
2018-03-08T10:38:34.204+0100: 9574,977: [GC pause (G1 Evacuation Pause) (young), 0,0109808 secs]
   [Parallel Time: 8,9 ms, GC Workers: 8]
      [GC Worker Start (ms): Min: 9574977,6, Avg: 9574977,7, Max: 9574978,2, Diff: 0,6]
      [Ext Root Scanning (ms): Min: 0,0, Avg: 0,3, Max: 0,6, Diff: 0,6, Sum: 2,4]
      [Update RS (ms): Min: 1,4, Avg: 1,9, Max: 4,2, Diff: 2,8, Sum: 15,6]
         [Processed Buffers: Min: 0, Avg: 6,5, Max: 20, Diff: 20, Sum: 52]
      [Scan RS (ms): Min: 0,0, Avg: 1,0, Max: 1,3, Diff: 1,3, Sum: 8,2]
      [Code Root Scanning (ms): Min: 0,0, Avg: 0,0, Max: 0,0, Diff: 0,0, Sum: 0,0]
      [Object Copy (ms): Min: 3,3, Avg: 4,7, Max: 5,5, Diff: 2,2, Sum: 37,3]
      [Termination (ms): Min: 0,0, Avg: 0,7, Max: 0,9, Diff: 0,9, Sum: 5,9]
         [Termination Attempts: Min: 1, Avg: 32,0, Max: 48, Diff: 47, Sum: 256]
      [GC Worker Other (ms): Min: 0,0, Avg: 0,0, Max: 0,0, Diff: 0,0, Sum: 0,1]
      [GC Worker Total (ms): Min: 8,2, Avg: 8,7, Max: 8,8, Diff: 0,6, Sum: 69,3]
      [GC Worker End (ms): Min: 9574986,3, Avg: 9574986,4, Max: 9574986,4, Diff: 0,1]
   [Code Root Fixup: 0,0 ms]
   [Code Root Purge: 0,0 ms]
   [Clear CT: 0,1 ms]
   [Other: 2,0 ms]
      [Choose CSet: 0,0 ms]
      [Ref Proc: 1,6 ms]
      [Ref Enq: 0,0 ms]
      [Redirty Cards: 0,1 ms]
      [Humongous Register: 0,0 ms]
      [Humongous Reclaim: 0,0 ms]
      [Free CSet: 0,1 ms]
   [Eden: 45,0M(45,0M)->0,0B(46,0M) Survivors: 6144,0K->5120,0K Heap: 350,4M(1024,0M)->306,3M(1024,0M)]
 [Times: user=0,07 sys=0,00, real=0,06 secs] 
2018-03-08T10:39:36.921+0100: 9637,694: [GC pause (G1 Evacuation Pause) (young), 0,0162158 secs]
   [Parallel Time: 14,2 ms, GC Workers: 8]
      [GC Worker Start (ms): Min: 9637694,6, Avg: 9637696,7, Max: 9637705,7, Diff: 11,1]
      [Ext Root Scanning (ms): Min: 0,0, Avg: 0,3, Max: 0,6, Diff: 0,6, Sum: 2,4]
      [Update RS (ms): Min: 0,0, Avg: 1,5, Max: 2,2, Diff: 2,2, Sum: 12,0]
         [Processed Buffers: Min: 0, Avg: 6,6, Max: 18, Diff: 18, Sum: 53]
      [Scan RS (ms): Min: 0,0, Avg: 0,8, Max: 1,1, Diff: 1,1, Sum: 6,3]
      [Code Root Scanning (ms): Min: 0,0, Avg: 0,0, Max: 0,0, Diff: 0,0, Sum: 0,0]
      [Object Copy (ms): Min: 0,0, Avg: 6,2, Max: 10,5, Diff: 10,5, Sum: 49,3]
      [Termination (ms): Min: 0,0, Avg: 3,1, Max: 3,8, Diff: 3,8, Sum: 25,1]
         [Termination Attempts: Min: 1, Avg: 14,9, Max: 26, Diff: 25, Sum: 119]
      [GC Worker Other (ms): Min: 0,0, Avg: 0,0, Max: 0,0, Diff: 0,0, Sum: 0,1]
      [GC Worker Total (ms): Min: 2,9, Avg: 11,9, Max: 14,2, Diff: 11,2, Sum: 95,2]
      [GC Worker End (ms): Min: 9637708,6, Avg: 9637708,6, Max: 9637708,8, Diff: 0,2]
   [Code Root Fixup: 0,0 ms]
   [Code Root Purge: 0,0 ms]
   [Clear CT: 0,1 ms]
   [Other: 1,9 ms]
      [Choose CSet: 0,0 ms]
      [Ref Proc: 1,5 ms]
      [Ref Enq: 0,0 ms]
      [Redirty Cards: 0,1 ms]
      [Humongous Register: 0,0 ms]
      [Humongous Reclaim: 0,0 ms]
      [Free CSet: 0,0 ms]
   [Eden: 46,0M(46,0M)->0,0B(44,0M) Survivors: 5120,0K->7168,0K Heap: 352,3M(1024,0M)->311,1M(1024,0M)]
 [Times: user=0,09 sys=0,00, real=0,11 secs] 
2018-03-08T10:40:37.078+0100: 9697,852: [GC pause (G1 Evacuation Pause) (young), 0,0174327 secs]
   [Parallel Time: 13,8 ms, GC Workers: 8]
      [GC Worker Start (ms): Min: 9697852,0, Avg: 9697854,0, Max: 9697862,2, Diff: 10,2]
      [Ext Root Scanning (ms): Min: 0,0, Avg: 0,3, Max: 0,7, Diff: 0,7, Sum: 2,4]
      [Update RS (ms): Min: 0,0, Avg: 1,4, Max: 2,1, Diff: 2,1, Sum: 10,9]
         [Processed Buffers: Min: 0, Avg: 6,9, Max: 20, Diff: 20, Sum: 55]
      [Scan RS (ms): Min: 0,0, Avg: 0,9, Max: 1,3, Diff: 1,3, Sum: 7,1]
      [Code Root Scanning (ms): Min: 0,0, Avg: 0,0, Max: 0,0, Diff: 0,0, Sum: 0,0]
      [Object Copy (ms): Min: 0,0, Avg: 5,6, Max: 10,3, Diff: 10,3, Sum: 44,5]
      [Termination (ms): Min: 0,0, Avg: 3,6, Max: 4,2, Diff: 4,2, Sum: 28,8]
         [Termination Attempts: Min: 1, Avg: 7,0, Max: 12, Diff: 11, Sum: 56]
      [GC Worker Other (ms): Min: 0,0, Avg: 0,0, Max: 0,0, Diff: 0,0, Sum: 0,0]
      [GC Worker Total (ms): Min: 3,5, Avg: 11,7, Max: 13,7, Diff: 10,2, Sum: 93,8]
      [GC Worker End (ms): Min: 9697865,7, Avg: 9697865,7, Max: 9697865,8, Diff: 0,1]
   [Code Root Fixup: 0,0 ms]
   [Code Root Purge: 0,0 ms]
   [Clear CT: 0,1 ms]
   [Other: 3,5 ms]
      [Choose CSet: 0,0 ms]
      [Ref Proc: 3,1 ms]
      [Ref Enq: 0,0 ms]
      [Redirty Cards: 0,1 ms]
      [Humongous Register: 0,0 ms]
      [Humongous Reclaim: 0,0 ms]
      [Free CSet: 0,1 ms]
   [Eden: 44,0M(44,0M)->0,0B(44,0M) Survivors: 7168,0K->7168,0K Heap: 355,1M(1024,0M)->314,2M(1024,0M)]
 [Times: user=0,10 sys=0,00, real=0,10 secs] 
2018-03-08T10:41:37.215+0100: 9757,988: [GC pause (G1 Evacuation Pause) (young), 0,0361822 secs]
   [Parallel Time: 18,6 ms, GC Workers: 8]
      [GC Worker Start (ms): Min: 9757988,3, Avg: 9757991,1, Max: 9758000,7, Diff: 12,4]
      [Ext Root Scanning (ms): Min: 0,0, Avg: 0,3, Max: 0,7, Diff: 0,7, Sum: 2,5]
      [Update RS (ms): Min: 0,0, Avg: 3,1, Max: 13,4, Diff: 13,4, Sum: 25,0]
         [Processed Buffers: Min: 0, Avg: 6,8, Max: 21, Diff: 21, Sum: 54]
      [Scan RS (ms): Min: 0,0, Avg: 1,1, Max: 1,8, Diff: 1,8, Sum: 8,5]
      [Code Root Scanning (ms): Min: 0,0, Avg: 0,0, Max: 0,0, Diff: 0,0, Sum: 0,0]
      [Object Copy (ms): Min: 0,0, Avg: 5,9, Max: 13,7, Diff: 13,7, Sum: 47,2]
      [Termination (ms): Min: 0,0, Avg: 5,4, Max: 6,6, Diff: 6,6, Sum: 43,1]
         [Termination Attempts: Min: 1, Avg: 36,4, Max: 73, Diff: 72, Sum: 291]
      [GC Worker Other (ms): Min: 0,0, Avg: 0,0, Max: 0,0, Diff: 0,0, Sum: 0,1]
      [GC Worker Total (ms): Min: 6,2, Avg: 15,8, Max: 18,5, Diff: 12,3, Sum: 126,4]
      [GC Worker End (ms): Min: 9758006,8, Avg: 9758006,9, Max: 9758007,0, Diff: 0,2]
   [Code Root Fixup: 0,0 ms]
   [Code Root Purge: 0,0 ms]
   [Clear CT: 0,1 ms]
   [Other: 17,4 ms]
      [Choose CSet: 0,0 ms]
      [Ref Proc: 17,0 ms]
      [Ref Enq: 0,0 ms]
      [Redirty Cards: 0,1 ms]
      [Humongous Register: 0,0 ms]
      [Humongous Reclaim: 0,0 ms]
      [Free CSet: 0,1 ms]
   [Eden: 44,0M(44,0M)->0,0B(45,0M) Survivors: 7168,0K->6144,0K Heap: 358,2M(1024,0M)->315,4M(1024,0M)]
 [Times: user=0,18 sys=0,00, real=0,16 secs] 
2018-03-08T10:42:38.723+0100: 9819,497: [GC pause (G1 Evacuation Pause) (young), 0,0178790 secs]
   [Parallel Time: 12,3 ms, GC Workers: 8]
      [GC Worker Start (ms): Min: 9819497,0, Avg: 9819500,9, Max: 9819509,2, Diff: 12,2]
      [Ext Root Scanning (ms): Min: 0,0, Avg: 0,3, Max: 0,7, Diff: 0,7, Sum: 2,2]
      [Update RS (ms): Min: 0,0, Avg: 1,5, Max: 2,7, Diff: 2,7, Sum: 11,9]
         [Processed Buffers: Min: 0, Avg: 6,5, Max: 18, Diff: 18, Sum: 52]
      [Scan RS (ms): Min: 0,0, Avg: 0,8, Max: 1,4, Diff: 1,4, Sum: 6,3]
      [Code Root Scanning (ms): Min: 0,0, Avg: 0,0, Max: 0,0, Diff: 0,0, Sum: 0,0]
      [Object Copy (ms): Min: 0,0, Avg: 4,6, Max: 6,7, Diff: 6,7, Sum: 36,9]
      [Termination (ms): Min: 0,0, Avg: 1,2, Max: 1,5, Diff: 1,5, Sum: 9,4]
         [Termination Attempts: Min: 1, Avg: 3,0, Max: 5, Diff: 4, Sum: 24]
      [GC Worker Other (ms): Min: 0,0, Avg: 0,0, Max: 0,0, Diff: 0,0, Sum: 0,1]
      [GC Worker Total (ms): Min: 0,0, Avg: 8,3, Max: 12,3, Diff: 12,2, Sum: 66,8]
      [GC Worker End (ms): Min: 9819509,2, Avg: 9819509,2, Max: 9819509,2, Diff: 0,1]
   [Code Root Fixup: 0,0 ms]
   [Code Root Purge: 0,0 ms]
   [Clear CT: 0,1 ms]
   [Other: 5,5 ms]
      [Choose CSet: 0,0 ms]
      [Ref Proc: 5,1 ms]
      [Ref Enq: 0,0 ms]
      [Redirty Cards: 0,1 ms]
      [Humongous Register: 0,1 ms]
      [Humongous Reclaim: 0,0 ms]
      [Free CSet: 0,1 ms]
   [Eden: 45,0M(45,0M)->0,0B(44,0M) Survivors: 6144,0K->7168,0K Heap: 360,4M(1024,0M)->318,9M(1024,0M)]
 [Times: user=0,09 sys=0,00, real=0,15 secs] 
2018-03-08T10:43:39.168+0100: 9879,942: [GC pause (G1 Evacuation Pause) (young), 0,0196654 secs]
   [Parallel Time: 13,0 ms, GC Workers: 8]
      [GC Worker Start (ms): Min: 9879942,1, Avg: 9879943,4, Max: 9879952,4, Diff: 10,4]
      [Ext Root Scanning (ms): Min: 0,0, Avg: 0,3, Max: 0,7, Diff: 0,7, Sum: 2,4]
      [Update RS (ms): Min: 0,0, Avg: 1,5, Max: 2,1, Diff: 2,1, Sum: 12,0]
         [Processed Buffers: Min: 0, Avg: 6,5, Max: 18, Diff: 18, Sum: 52]
      [Scan RS (ms): Min: 0,0, Avg: 0,9, Max: 1,3, Diff: 1,3, Sum: 7,3]
      [Code Root Scanning (ms): Min: 0,0, Avg: 0,0, Max: 0,0, Diff: 0,0, Sum: 0,0]
      [Object Copy (ms): Min: 0,0, Avg: 6,1, Max: 9,5, Diff: 9,5, Sum: 48,5]
      [Termination (ms): Min: 0,0, Avg: 2,8, Max: 3,3, Diff: 3,3, Sum: 22,1]
         [Termination Attempts: Min: 1, Avg: 4,0, Max: 9, Diff: 8, Sum: 32]
      [GC Worker Other (ms): Min: 0,0, Avg: 0,0, Max: 0,0, Diff: 0,0, Sum: 0,1]
      [GC Worker Total (ms): Min: 2,6, Avg: 11,5, Max: 12,9, Diff: 10,3, Sum: 92,3]
      [GC Worker End (ms): Min: 9879954,9, Avg: 9879955,0, Max: 9879955,1, Diff: 0,1]
   [Code Root Fixup: 0,0 ms]
   [Code Root Purge: 0,0 ms]
   [Clear CT: 0,1 ms]
   [Other: 6,6 ms]
      [Choose CSet: 0,0 ms]
      [Ref Proc: 6,1 ms]
      [Ref Enq: 0,0 ms]
      [Redirty Cards: 0,1 ms]
      [Humongous Register: 0,0 ms]
      [Humongous Reclaim: 0,0 ms]
      [Free CSet: 0,1 ms]
   [Eden: 44,0M(44,0M)->0,0B(44,0M) Survivors: 7168,0K->7168,0K Heap: 362,9M(1024,0M)->321,7M(1024,0M)]
 [Times: user=0,11 sys=0,00, real=0,15 secs] 
2018-03-08T10:44:38.909+0100: 9939,683: [GC pause (G1 Evacuation Pause) (young), 0,0121004 secs]
   [Parallel Time: 10,0 ms, GC Workers: 8]
      [GC Worker Start (ms): Min: 9939683,1, Avg: 9939683,5, Max: 9939685,6, Diff: 2,5]
      [Ext Root Scanning (ms): Min: 0,0, Avg: 0,3, Max: 0,6, Diff: 0,6, Sum: 2,2]
      [Update RS (ms): Min: 0,0, Avg: 2,4, Max: 8,7, Diff: 8,7, Sum: 19,1]
         [Processed Buffers: Min: 0, Avg: 6,6, Max: 17, Diff: 17, Sum: 53]
      [Scan RS (ms): Min: 0,0, Avg: 1,4, Max: 4,6, Diff: 4,6, Sum: 11,4]
      [Code Root Scanning (ms): Min: 0,0, Avg: 0,0, Max: 0,0, Diff: 0,0, Sum: 0,0]
      [Object Copy (ms): Min: 0,0, Avg: 3,8, Max: 6,3, Diff: 6,2, Sum: 30,1]
      [Termination (ms): Min: 0,0, Avg: 1,6, Max: 2,2, Diff: 2,2, Sum: 12,8]
         [Termination Attempts: Min: 1, Avg: 19,4, Max: 45, Diff: 44, Sum: 155]
      [GC Worker Other (ms): Min: 0,0, Avg: 0,0, Max: 0,0, Diff: 0,0, Sum: 0,1]
      [GC Worker Total (ms): Min: 7,3, Avg: 9,5, Max: 10,0, Diff: 2,7, Sum: 75,6]
      [GC Worker End (ms): Min: 9939692,9, Avg: 9939692,9, Max: 9939693,1, Diff: 0,2]
   [Code Root Fixup: 0,0 ms]
   [Code Root Purge: 0,0 ms]
   [Clear CT: 0,1 ms]
   [Other: 2,0 ms]
      [Choose CSet: 0,0 ms]
      [Ref Proc: 1,6 ms]
      [Ref Enq: 0,0 ms]
      [Redirty Cards: 0,1 ms]
      [Humongous Register: 0,1 ms]
      [Humongous Reclaim: 0,0 ms]
      [Free CSet: 0,0 ms]
   [Eden: 44,0M(44,0M)->0,0B(46,0M) Survivors: 7168,0K->5120,0K Heap: 365,7M(1024,0M)->322,0M(1024,0M)]
 [Times: user=0,06 sys=0,00, real=0,12 secs] 
2018-03-08T10:45:41.743+0100: 10002,516: [GC pause (G1 Evacuation Pause) (young), 0,0261588 secs]
   [Parallel Time: 24,4 ms, GC Workers: 8]
      [GC Worker Start (ms): Min: 10002516,6, Avg: 10002516,7, Max: 10002517,0, Diff: 0,4]
      [Ext Root Scanning (ms): Min: 0,0, Avg: 0,3, Max: 0,6, Diff: 0,6, Sum: 2,5]
      [Update RS (ms): Min: 0,0, Avg: 1,5, Max: 2,2, Diff: 2,2, Sum: 11,9]
         [Processed Buffers: Min: 0, Avg: 6,4, Max: 18, Diff: 18, Sum: 51]
      [Scan RS (ms): Min: 0,0, Avg: 0,7, Max: 1,1, Diff: 1,1, Sum: 5,9]
      [Code Root Scanning (ms): Min: 0,0, Avg: 0,0, Max: 0,0, Diff: 0,0, Sum: 0,0]
      [Object Copy (ms): Min: 6,3, Avg: 9,0, Max: 20,8, Diff: 14,5, Sum: 72,1]
      [Termination (ms): Min: 0,0, Avg: 12,6, Max: 14,6, Diff: 14,6, Sum: 100,8]
         [Termination Attempts: Min: 1, Avg: 4,9, Max: 9, Diff: 8, Sum: 39]
      [GC Worker Other (ms): Min: 0,0, Avg: 0,0, Max: 0,0, Diff: 0,0, Sum: 0,1]
      [GC Worker Total (ms): Min: 23,8, Avg: 24,2, Max: 24,4, Diff: 0,5, Sum: 193,3]
      [GC Worker End (ms): Min: 10002540,8, Avg: 10002540,8, Max: 10002540,9, Diff: 0,2]
   [Code Root Fixup: 0,0 ms]
   [Code Root Purge: 0,0 ms]
   [Clear CT: 0,1 ms]
   [Other: 1,7 ms]
      [Choose CSet: 0,0 ms]
      [Ref Proc: 1,4 ms]
      [Ref Enq: 0,0 ms]
      [Redirty Cards: 0,1 ms]
      [Humongous Register: 0,0 ms]
      [Humongous Reclaim: 0,0 ms]
      [Free CSet: 0,0 ms]
   [Eden: 46,0M(46,0M)->0,0B(44,0M) Survivors: 5120,0K->7168,0K Heap: 368,0M(1024,0M)->326,7M(1024,0M)]
 [Times: user=0,15 sys=0,00, real=0,17 secs] 
2018-03-08T10:46:42.051+0100: 10062,824: [GC pause (G1 Evacuation Pause) (young), 0,0356921 secs]
   [Parallel Time: 12,5 ms, GC Workers: 8]
      [GC Worker Start (ms): Min: 10062824,4, Avg: 10062825,5, Max: 10062828,7, Diff: 4,4]
      [Ext Root Scanning (ms): Min: 0,0, Avg: 0,3, Max: 0,6, Diff: 0,6, Sum: 2,2]
      [Update RS (ms): Min: 0,0, Avg: 1,1, Max: 2,3, Diff: 2,3, Sum: 8,9]
         [Processed Buffers: Min: 0, Avg: 6,6, Max: 26, Diff: 26, Sum: 53]
      [Scan RS (ms): Min: 0,0, Avg: 0,7, Max: 1,5, Diff: 1,5, Sum: 5,8]
      [Code Root Scanning (ms): Min: 0,0, Avg: 0,0, Max: 0,0, Diff: 0,0, Sum: 0,0]
      [Object Copy (ms): Min: 6,8, Avg: 8,1, Max: 11,8, Diff: 5,1, Sum: 64,8]
      [Termination (ms): Min: 0,0, Avg: 1,0, Max: 1,3, Diff: 1,3, Sum: 7,7]
         [Termination Attempts: Min: 1, Avg: 16,0, Max: 28, Diff: 27, Sum: 128]
      [GC Worker Other (ms): Min: 0,0, Avg: 0,0, Max: 0,0, Diff: 0,0, Sum: 0,1]
      [GC Worker Total (ms): Min: 7,9, Avg: 11,2, Max: 12,3, Diff: 4,4, Sum: 89,5]
      [GC Worker End (ms): Min: 10062836,5, Avg: 10062836,7, Max: 10062836,8, Diff: 0,2]
   [Code Root Fixup: 0,0 ms]
   [Code Root Purge: 0,0 ms]
   [Clear CT: 0,1 ms]
   [Other: 23,1 ms]
      [Choose CSet: 0,0 ms]
      [Ref Proc: 22,7 ms]
      [Ref Enq: 0,0 ms]
      [Redirty Cards: 0,1 ms]
      [Humongous Register: 0,0 ms]
      [Humongous Reclaim: 0,0 ms]
      [Free CSet: 0,1 ms]
   [Eden: 44,0M(44,0M)->0,0B(44,0M) Survivors: 7168,0K->7168,0K Heap: 370,7M(1024,0M)->329,6M(1024,0M)]
 [Times: user=0,19 sys=0,00, real=0,10 secs] 
2018-03-08T10:47:42.078+0100: 10122,852: [GC pause (G1 Evacuation Pause) (young), 0,0382769 secs]
   [Parallel Time: 12,5 ms, GC Workers: 8]
      [GC Worker Start (ms): Min: 10122852,1, Avg: 10122853,6, Max: 10122863,0, Diff: 10,9]
      [Ext Root Scanning (ms): Min: 0,0, Avg: 0,3, Max: 0,7, Diff: 0,7, Sum: 2,2]
      [Update RS (ms): Min: 0,0, Avg: 2,5, Max: 8,3, Diff: 8,3, Sum: 20,4]
         [Processed Buffers: Min: 0, Avg: 6,6, Max: 20, Diff: 20, Sum: 53]
      [Scan RS (ms): Min: 0,0, Avg: 1,7, Max: 8,1, Diff: 8,0, Sum: 13,4]
      [Code Root Scanning (ms): Min: 0,0, Avg: 0,0, Max: 0,0, Diff: 0,0, Sum: 0,0]
      [Object Copy (ms): Min: 0,0, Avg: 4,7, Max: 11,9, Diff: 11,9, Sum: 37,3]
      [Termination (ms): Min: 0,0, Avg: 1,7, Max: 2,2, Diff: 2,2, Sum: 13,5]
         [Termination Attempts: Min: 1, Avg: 25,4, Max: 51, Diff: 50, Sum: 203]
      [GC Worker Other (ms): Min: 0,0, Avg: 0,0, Max: 0,0, Diff: 0,0, Sum: 0,1]
      [GC Worker Total (ms): Min: 1,5, Avg: 10,8, Max: 12,4, Diff: 10,9, Sum: 86,8]
      [GC Worker End (ms): Min: 10122864,4, Avg: 10122864,4, Max: 10122864,5, Diff: 0,1]
   [Code Root Fixup: 0,0 ms]
   [Code Root Purge: 0,0 ms]
   [Clear CT: 0,1 ms]
   [Other: 25,7 ms]
      [Choose CSet: 0,0 ms]
      [Ref Proc: 25,3 ms]
      [Ref Enq: 0,0 ms]
      [Redirty Cards: 0,1 ms]
      [Humongous Register: 0,0 ms]
      [Humongous Reclaim: 0,0 ms]
      [Free CSet: 0,0 ms]
   [Eden: 44,0M(44,0M)->0,0B(44,0M) Survivors: 7168,0K->7168,0K Heap: 373,6M(1024,0M)->331,7M(1024,0M)]
 [Times: user=0,18 sys=0,00, real=0,14 secs] 
2018-03-08T10:48:42.254+0100: 10183,027: [GC pause (G1 Evacuation Pause) (young), 0,1319952 secs]
   [Parallel Time: 12,6 ms, GC Workers: 8]
      [GC Worker Start (ms): Min: 10183131,3, Avg: 10183133,3, Max: 10183141,7, Diff: 10,4]
      [Ext Root Scanning (ms): Min: 0,0, Avg: 0,3, Max: 0,7, Diff: 0,6, Sum: 2,4]
      [Update RS (ms): Min: 0,0, Avg: 1,6, Max: 2,2, Diff: 2,2, Sum: 12,4]
         [Processed Buffers: Min: 0, Avg: 6,6, Max: 12, Diff: 12, Sum: 53]
      [Scan RS (ms): Min: 0,0, Avg: 0,7, Max: 1,1, Diff: 1,1, Sum: 6,0]
      [Code Root Scanning (ms): Min: 0,0, Avg: 0,0, Max: 0,0, Diff: 0,0, Sum: 0,0]
      [Object Copy (ms): Min: 0,0, Avg: 5,6, Max: 8,9, Diff: 8,9, Sum: 44,5]
      [Termination (ms): Min: 0,0, Avg: 2,4, Max: 2,9, Diff: 2,9, Sum: 18,9]
         [Termination Attempts: Min: 1, Avg: 13,5, Max: 22, Diff: 21, Sum: 108]
      [GC Worker Other (ms): Min: 0,0, Avg: 0,0, Max: 0,0, Diff: 0,0, Sum: 0,1]
      [GC Worker Total (ms): Min: 2,1, Avg: 10,5, Max: 12,6, Diff: 10,5, Sum: 84,2]
      [GC Worker End (ms): Min: 10183143,8, Avg: 10183143,8, Max: 10183143,9, Diff: 0,1]
   [Code Root Fixup: 0,0 ms]
   [Code Root Purge: 0,0 ms]
   [Clear CT: 0,1 ms]
   [Other: 119,3 ms]
      [Choose CSet: 0,0 ms]
      [Ref Proc: 15,0 ms]
      [Ref Enq: 0,0 ms]
      [Redirty Cards: 0,1 ms]
      [Humongous Register: 0,0 ms]
      [Humongous Reclaim: 0,0 ms]
      [Free CSet: 0,1 ms]
   [Eden: 44,0M(44,0M)->0,0B(44,0M) Survivors: 7168,0K->7168,0K Heap: 375,7M(1024,0M)->334,0M(1024,0M)]
 [Times: user=0,17 sys=0,00, real=0,18 secs] 
2018-03-08T10:49:43.562+0100: 10244,401: [GC pause (G1 Evacuation Pause) (young), 0,9296522 secs]
   [Parallel Time: 606,8 ms, GC Workers: 8]
      [GC Worker Start (ms): Min: 10244740,4, Avg: 10244740,4, Max: 10244740,5, Diff: 0,1]
      [Ext Root Scanning (ms): Min: 132,5, Avg: 138,1, Max: 176,5, Diff: 43,9, Sum: 1104,9]
      [Update RS (ms): Min: 34,8, Avg: 35,9, Max: 42,0, Diff: 7,1, Sum: 287,5]
         [Processed Buffers: Min: 0, Avg: 6,8, Max: 18, Diff: 18, Sum: 54]
      [Scan RS (ms): Min: 0,0, Avg: 0,7, Max: 1,1, Diff: 1,1, Sum: 5,7]
      [Code Root Scanning (ms): Min: 0,0, Avg: 0,0, Max: 0,0, Diff: 0,0, Sum: 0,0]
      [Object Copy (ms): Min: 60,0, Avg: 98,2, Max: 108,4, Diff: 48,4, Sum: 785,5]
      [Termination (ms): Min: 0,0, Avg: 4,0, Max: 4,9, Diff: 4,8, Sum: 32,4]
         [Termination Attempts: Min: 1, Avg: 11,5, Max: 20, Diff: 19, Sum: 92]
      [GC Worker Other (ms): Min: 231,0, Avg: 231,1, Max: 231,1, Diff: 0,1, Sum: 1848,4]
      [GC Worker Total (ms): Min: 508,0, Avg: 508,0, Max: 508,1, Diff: 0,2, Sum: 4064,3]
      [GC Worker End (ms): Min: 10245248,4, Avg: 10245248,5, Max: 10245248,6, Diff: 0,1]
   [Code Root Fixup: 0,0 ms]
   [Code Root Purge: 0,0 ms]
   [Clear CT: 0,1 ms]
   [Other: 322,8 ms]
      [Choose CSet: 0,0 ms]
      [Ref Proc: 2,3 ms]
      [Ref Enq: 0,0 ms]
      [Redirty Cards: 0,1 ms]
      [Humongous Register: 211,8 ms]
      [Humongous Reclaim: 0,0 ms]
      [Free CSet: 0,1 ms]
   [Eden: 44,0M(44,0M)->0,0B(44,0M) Survivors: 7168,0K->7168,0K Heap: 378,0M(1024,0M)->336,9M(1024,0M)]
 [Times: user=0,10 sys=0,00, real=1,10 secs] 
2018-03-08T10:50:43.274+0100: 10304,047: [GC pause (G1 Evacuation Pause) (young), 0,0598382 secs]
   [Parallel Time: 15,1 ms, GC Workers: 8]
      [GC Worker Start (ms): Min: 10304085,9, Avg: 10304088,0, Max: 10304095,4, Diff: 9,5]
      [Ext Root Scanning (ms): Min: 0,0, Avg: 0,3, Max: 0,7, Diff: 0,7, Sum: 2,6]
      [Update RS (ms): Min: 0,0, Avg: 1,6, Max: 2,2, Diff: 2,2, Sum: 12,6]
         [Processed Buffers: Min: 0, Avg: 6,2, Max: 13, Diff: 13, Sum: 50]
      [Scan RS (ms): Min: 0,0, Avg: 1,0, Max: 1,6, Diff: 1,6, Sum: 7,9]
      [Code Root Scanning (ms): Min: 0,0, Avg: 0,0, Max: 0,0, Diff: 0,0, Sum: 0,0]
      [Object Copy (ms): Min: 0,0, Avg: 4,7, Max: 11,0, Diff: 11,0, Sum: 37,3]
      [Termination (ms): Min: 0,0, Avg: 5,3, Max: 6,3, Diff: 6,3, Sum: 42,5]
         [Termination Attempts: Min: 1, Avg: 16,2, Max: 25, Diff: 24, Sum: 130]
      [GC Worker Other (ms): Min: 0,0, Avg: 0,0, Max: 0,0, Diff: 0,0, Sum: 0,1]
      [GC Worker Total (ms): Min: 5,5, Avg: 12,9, Max: 15,0, Diff: 9,6, Sum: 103,1]
      [GC Worker End (ms): Min: 10304100,7, Avg: 10304100,9, Max: 10304100,9, Diff: 0,2]
   [Code Root Fixup: 0,0 ms]
   [Code Root Purge: 0,0 ms]
   [Clear CT: 0,1 ms]
   [Other: 44,6 ms]
      [Choose CSet: 0,0 ms]
      [Ref Proc: 5,7 ms]
      [Ref Enq: 0,0 ms]
      [Redirty Cards: 0,1 ms]
      [Humongous Register: 0,0 ms]
      [Humongous Reclaim: 0,0 ms]
      [Free CSet: 0,1 ms]
   [Eden: 44,0M(44,0M)->0,0B(46,0M) Survivors: 7168,0K->5120,0K Heap: 380,9M(1024,0M)->336,3M(1024,0M)]
 [Times: user=0,12 sys=0,01, real=0,15 secs] 
2018-03-08T10:51:46.264+0100: 10367,037: [GC pause (G1 Evacuation Pause) (young), 0,3591966 secs]
   [Parallel Time: 99,3 ms, GC Workers: 8]
      [GC Worker Start (ms): Min: 10367287,1, Avg: 10367287,1, Max: 10367287,2, Diff: 0,1]
      [Ext Root Scanning (ms): Min: 1,1, Avg: 1,1, Max: 1,2, Diff: 0,1, Sum: 8,9]
      [Update RS (ms): Min: 79,3, Avg: 83,9, Max: 94,8, Diff: 15,5, Sum: 670,9]
         [Processed Buffers: Min: 1, Avg: 6,4, Max: 16, Diff: 15, Sum: 51]
      [Scan RS (ms): Min: 0,0, Avg: 0,8, Max: 2,0, Diff: 2,0, Sum: 6,5]
      [Code Root Scanning (ms): Min: 0,0, Avg: 0,0, Max: 0,0, Diff: 0,0, Sum: 0,0]
      [Object Copy (ms): Min: 0,0, Avg: 10,4, Max: 15,2, Diff: 15,2, Sum: 82,8]
      [Termination (ms): Min: 0,0, Avg: 2,5, Max: 3,5, Diff: 3,5, Sum: 19,9]
         [Termination Attempts: Min: 1, Avg: 9,4, Max: 27, Diff: 26, Sum: 75]
      [GC Worker Other (ms): Min: 0,3, Avg: 0,4, Max: 0,4, Diff: 0,1, Sum: 3,0]
      [GC Worker Total (ms): Min: 98,9, Avg: 99,0, Max: 99,2, Diff: 0,3, Sum: 792,1]
      [GC Worker End (ms): Min: 10367386,0, Avg: 10367386,1, Max: 10367386,2, Diff: 0,2]
   [Code Root Fixup: 0,0 ms]
   [Code Root Purge: 0,0 ms]
   [Clear CT: 0,3 ms]
   [Other: 259,6 ms]
      [Choose CSet: 0,0 ms]
      [Ref Proc: 7,3 ms]
      [Ref Enq: 0,0 ms]
      [Redirty Cards: 0,4 ms]
      [Humongous Register: 37,1 ms]
      [Humongous Reclaim: 0,1 ms]
      [Free CSet: 0,3 ms]
   [Eden: 46,0M(46,0M)->0,0B(44,0M) Survivors: 5120,0K->7168,0K Heap: 382,3M(1024,0M)->342,2M(1024,0M)]
 [Times: user=0,10 sys=0,02, real=0,50 secs] 
2018-03-08T10:52:46.363+0100: 10427,136: [GC pause (G1 Evacuation Pause) (young), 0,4021048 secs]
   [Parallel Time: 127,3 ms, GC Workers: 8]
      [GC Worker Start (ms): Min: 10427388,0, Avg: 10427388,0, Max: 10427388,1, Diff: 0,1]
      [Ext Root Scanning (ms): Min: 79,6, Avg: 81,5, Max: 86,3, Diff: 6,7, Sum: 652,0]
      [Update RS (ms): Min: 32,3, Avg: 37,3, Max: 43,6, Diff: 11,3, Sum: 298,6]
         [Processed Buffers: Min: 1, Avg: 6,2, Max: 22, Diff: 21, Sum: 50]
      [Scan RS (ms): Min: 0,0, Avg: 1,1, Max: 1,8, Diff: 1,8, Sum: 9,1]
      [Code Root Scanning (ms): Min: 0,0, Avg: 0,0, Max: 0,0, Diff: 0,0, Sum: 0,0]
      [Object Copy (ms): Min: 0,5, Avg: 6,4, Max: 7,8, Diff: 7,3, Sum: 51,1]
      [Termination (ms): Min: 0,0, Avg: 0,7, Max: 1,0, Diff: 1,0, Sum: 5,5]
         [Termination Attempts: Min: 1, Avg: 1,6, Max: 3, Diff: 2, Sum: 13]
      [GC Worker Other (ms): Min: 0,0, Avg: 0,0, Max: 0,0, Diff: 0,0, Sum: 0,1]
      [GC Worker Total (ms): Min: 126,9, Avg: 127,1, Max: 127,2, Diff: 0,3, Sum: 1016,4]
      [GC Worker End (ms): Min: 10427515,0, Avg: 10427515,1, Max: 10427515,2, Diff: 0,2]
   [Code Root Fixup: 0,0 ms]
   [Code Root Purge: 0,0 ms]
   [Clear CT: 0,2 ms]
   [Other: 274,6 ms]
      [Choose CSet: 0,0 ms]
      [Ref Proc: 22,6 ms]
      [Ref Enq: 0,0 ms]
      [Redirty Cards: 0,1 ms]
      [Humongous Register: 0,1 ms]
      [Humongous Reclaim: 0,0 ms]
      [Free CSet: 0,1 ms]
   [Eden: 44,0M(44,0M)->0,0B(44,0M) Survivors: 7168,0K->7168,0K Heap: 386,2M(1024,0M)->346,3M(1024,0M)]
 [Times: user=0,10 sys=0,01, real=0,49 secs] 
